Archive member included to satisfy reference by file (symbol)

c:/program files/microchip/xc32/v4.60/bin/bin/../../lib/gcc/pic32c/8.3.1/../../../../pic32c/lib/thumb/v8-m.base/nofp\libpic32c.a(data_init.o)
                              C:\Users\Jami\AppData\Local\Temp\ccofJNNS.o (__pic32c_data_initialization)
c:/program files/microchip/xc32/v4.60/bin/bin/../../lib/gcc/pic32c/8.3.1/../../../../pic32c/lib/thumb/v8-m.base/nofp\libc-size-musl.a(memcmp.o)
                              build/default/production/main.o (memcmp)
c:/program files/microchip/xc32/v4.60/bin/bin/../../lib/gcc/pic32c/8.3.1/../../../../pic32c/lib/thumb/v8-m.base/nofp\libc-size-musl.a(memset.o)
                              build/default/production/usart.o (memset)
c:/program files/microchip/xc32/v4.60/bin/bin/../../lib/gcc/pic32c/8.3.1/../../../../pic32c/lib/thumb/v8-m.base/nofp\libm-fast-emfloat.a(__aeabi_fadd.o)
                              build/default/production/wall_following.o (__aeabi_fadd)
c:/program files/microchip/xc32/v4.60/bin/bin/../../lib/gcc/pic32c/8.3.1/../../../../pic32c/lib/thumb/v8-m.base/nofp\libm-fast-emfloat.a(__aeabi_fsub.o)
                              build/default/production/wall_following.o (__aeabi_fsub)
c:/program files/microchip/xc32/v4.60/bin/bin/../../lib/gcc/pic32c/8.3.1/../../../../pic32c/lib/thumb/v8-m.base/nofp\libm-fast-emfloat.a(__aeabi_fmul.o)
                              build/default/production/wall_following.o (__aeabi_fmul)
c:/program files/microchip/xc32/v4.60/bin/bin/../../lib/gcc/pic32c/8.3.1/../../../../pic32c/lib/thumb/v8-m.base/nofp\libm-fast-emfloat.a(__aeabi_fcmpgt.o)
                              build/default/production/wall_following.o (__aeabi_fcmpgt)
c:/program files/microchip/xc32/v4.60/bin/bin/../../lib/gcc/pic32c/8.3.1/../../../../pic32c/lib/thumb/v8-m.base/nofp\libm-fast-emfloat.a(__aeabi_fcmplt.o)
                              build/default/production/wall_following.o (__aeabi_fcmplt)
c:/program files/microchip/xc32/v4.60/bin/bin/../../lib/gcc/pic32c/8.3.1/../../../../pic32c/lib/thumb/v8-m.base/nofp\libm-fast-emfloat.a(__aeabi_f2iz.o)
                              build/default/production/wall_following.o (__aeabi_f2iz)
c:/program files/microchip/xc32/v4.60/bin/bin/../../lib/gcc/pic32c/8.3.1/../../../../pic32c/lib/thumb/v8-m.base/nofp\libm-fast-emfloat.a(__aeabi_i2f.o)
                              build/default/production/wall_following.o (__aeabi_i2f)
c:/program files/microchip/xc32/v4.60/bin/bin/../../lib/gcc/pic32c/8.3.1/../../../../pic32c/lib/thumb/v8-m.base/nofp\libc-musl.a(__libc_start_main.o)
                              C:\Users\Jami\AppData\Local\Temp\ccofJNNS.o (__libc_init_array)
c:/program files/microchip/xc32/v4.60/bin/bin/../../lib/gcc/pic32c/8.3.1/../../../../pic32c/lib/thumb/v8-m.base/nofp\libc-musl.a(libc.o)
                              c:/program files/microchip/xc32/v4.60/bin/bin/../../lib/gcc/pic32c/8.3.1/../../../../pic32c/lib/thumb/v8-m.base/nofp\libc-musl.a(__libc_start_main.o) (__progname_full)
c:/program files/microchip/xc32/v4.60/bin/bin/../../lib/gcc/pic32c/8.3.1/../../../../pic32c/lib/thumb/v8-m.base/nofp\libc-musl.a(__environ.o)
                              c:/program files/microchip/xc32/v4.60/bin/bin/../../lib/gcc/pic32c/8.3.1/../../../../pic32c/lib/thumb/v8-m.base/nofp\libc-musl.a(__libc_start_main.o) (__environ)
c:/program files/microchip/xc32/v4.60/bin/bin/../../lib/gcc/pic32c/8.3.1/../../../../pic32c/lib/thumb/v8-m.base/nofp\libpic32c.a(pic32_data_init_clear.o)
                              (__dinit_clear_needed)
c:/program files/microchip/xc32/v4.60/bin/bin/../../lib/gcc/pic32c/8.3.1/../../../../pic32c/lib/thumb/v8-m.base/nofp\libpic32c.a(pic32_data_init_copy.o)
                              (__dinit_copy_needed)

Microchip PIC32 Memory-Usage Report

ROM Program-Memory Usage
section                    address  length [bytes]      (dec)  Description
-------                 ----------  -------------------------  -----------
.vectors                         0          0x15c         348   
.text                        0x15c           0x20          32  App's exec code 
.text                        0x17c         0x11f8        4600  App's exec code 
.text                       0x1374          0xb40        2880  App's exec code 
.text                       0x1eb4          0xb1c        2844  App's exec code 
.text                       0x29d0          0x848        2120  App's exec code 
.text                       0x3218          0x626        1574  App's exec code 
.text.Dummy_Handler         0x383e            0x2           2   
.rodata                     0x3840          0x528        1320  Read-only const 
.text                       0x3d68          0x268         616  App's exec code 
.text                       0x3fd0          0x22a         554  App's exec code 
.text.__aeabi_fadd          0x41fa          0x136         310   
.text.__aeabi_fmul          0x4330           0xb6         182   
.text.__dummy_init_tls      0x43e6            0x2           2   
.rodata                     0x43e8           0xa8         168  Read-only const 
.text                       0x4490           0xa0         160  App's exec code 
.dinit                      0x4530           0xa0         160   
.text.Reset_Handler         0x45d0           0x7e         126   
.text.__dummy               0x464e            0x2           2   
.text.__libc_start_init     0x4650           0x5c          92   
.text                       0x46ac           0x40          64  App's exec code 
.text.__aeabi_f2iz          0x46ec           0x3e          62   
.text.__pic32c_data_ini     0x472c           0x34          52   
.text.__aeabi_fcmpgt        0x4760           0x2e          46   
.text.__aeabi_fcmplt        0x478e           0x2e          46   
.text.__aeabi_i2f           0x47bc           0x26          38   
.text.__dinit_copy          0x47e2           0x1e          30   
.text.memcmp                0x4800           0x1c          28   
.rodata                     0x481c           0x14          20  Read-only const 
.text.memset                0x4830           0x14          20   
.text.__dinit_clear         0x4844           0x12          18   
.text.__aeabi_fsub          0x4856           0x10          16   
.text.__dummy_decompres     0x4866            0x4           4   
      Total ROM used  :      0x4868       18536  7.1% of 0x40000
        --------------------------------------------------------------------------
         Total Program Memory used  :      0x4868       18536  7.1% of 0x40000
        --------------------------------------------------------------------------


RAM Data-Memory Usage
section                    address  length [bytes]      (dec)  Description
-------                 ----------  -------------------------  -----------
.bss                    0x20000000          0x18c         396  Uninitialized data 
.bss                    0x2000018c           0xa8         168  Uninitialized data 
.bss                    0x20000234           0x50          80  Uninitialized data 
.bss                    0x20000284           0x42          66  Uninitialized data 
.bss                    0x200002c8           0x1c          28  Uninitialized data 
.bss                    0x200002e4           0x18          24  Uninitialized data 
.bss                    0x200002fc           0x10          16  Uninitialized data 
.bss                    0x2000030c            0x4           4  Uninitialized data 
.bss                    0x20000310            0x4           4  Uninitialized data 
.data                   0x20000314            0x4           4  Initialized data 
.eh_frame               0x20000318            0x4           4   
         Total RAM used  :       0x31a         794  2.4% of 0x8000
        --------------------------------------------------------------------------
            Total Data Memory used  :       0x31a         794  2.4% of 0x8000
        --------------------------------------------------------------------------


Dynamic Data-Memory Reservation
section                    address  length [bytes]      (dec)  Description
-------                 ----------  -------------------------  -----------
heap                    0x20000320           0x10          16  Reserved for heap 
stack                   0x20000348         0x7ca8       31912  Reserved for stack 

        --------------------------------------------------------------------------

Microchip PIC32 Memory-Usage Report By Module

        text        data         bss         dec         hex    basename                   filename
--------------------------------------------------------------------------------
        4768           0          66        4834        12e2    wall_following.o       build/default/production/wall_following.o
        4164           0         396        4560        11d0    main.o                 build/default/production/main.o
        2880           0           0        2880         b40    platform.o             build/default/production/platform.o
        2120           0         168        2288         8f0    usart.o                build/default/production/usart.o
        1574           0          24        1598         63e    line_following.o       build/default/production/line_following.o
         616           0           0         616         268    locomotion.o           build/default/production/locomotion.o
         554           0          16         570         23a    irq_handlers.o         build/default/production/irq_handlers.o
         476           0           0         476         1dc    ccofJNNS.o             C:\Users\Jami\AppData\Local\Temp\ccofJNNS.o
         310           0           0         310         136    __aeabi_fadd.o         libm-fast-emfloat.a
         182           0           0         182          b6    __aeabi_fmul.o         libm-fast-emfloat.a
         160           0           0         160          a0    check_sensors.o        build/default/production/check_sensors.o
         160           0           0         160          a0    data_init              data_init
          72           4          28         104          68    crtbegin.o             c:/program files/microchip/xc32/v4.60/bin/bin/../../lib/gcc/pic32c/8.3.1/thumb/v8-m.base/nofp/crtbegin.o
          94           0           0          94          5e    __libc_start_main.o    libc-musl.a
          78           0           4          82          52    data_init.o            libpic32c.a
           0           0          80          80          50    libc.o                 libc-musl.a
          62           0           0          62          3e    __aeabi_f2iz.o         libm-fast-emfloat.a
          46           0           0          46          2e    __aeabi_fcmpgt.o       libm-fast-emfloat.a
          46           0           0          46          2e    __aeabi_fcmplt.o       libm-fast-emfloat.a
          38           0           0          38          26    __aeabi_i2f.o          libm-fast-emfloat.a
          30           0           0          30          1e    pic32_data_init_copy.o libpic32c.a
          28           0           0          28          1c    memcmp.o               libc-size-musl.a
          20           0           0          20          14    memset.o               libc-size-musl.a
          18           0           0          18          12    pic32_data_init_clear.olibpic32c.a
          16           0           0          16          10    __aeabi_fsub.o         libm-fast-emfloat.a
          16           0           0          16          10    crtn.o                 c:/program files/microchip/xc32/v4.60/bin/bin/../../lib/gcc/pic32c/8.3.1/thumb/v8-m.base/nofp/crtn.o
           8           0           0           8           8    crti.o                 c:/program files/microchip/xc32/v4.60/bin/bin/../../lib/gcc/pic32c/8.3.1/thumb/v8-m.base/nofp/crti.o
           0           0           4           4           4    __environ.o            libc-musl.a
           0           4           0           4           4    crtend.o               c:/program files/microchip/xc32/v4.60/bin/bin/../../lib/gcc/pic32c/8.3.1/thumb/v8-m.base/nofp/crtend.o
--------------------------------------------------------------------------------
       18536           8         786       19330        4b82    dist/default/production/Code.X.production.elf


Discarded input sections

 .xc_stack_usage.hdr
                0x0000000000000000        0xe c:/program files/microchip/xc32/v4.60/bin/bin/../../lib/gcc/pic32c/8.3.1/thumb/v8-m.base/nofp/crti.o
 .xc_stack_usage
                0x0000000000000000       0x26 c:/program files/microchip/xc32/v4.60/bin/bin/../../lib/gcc/pic32c/8.3.1/thumb/v8-m.base/nofp/crti.o
 .xc_stack_usage
                0x0000000000000000       0x3c c:/program files/microchip/xc32/v4.60/bin/bin/../../lib/gcc/pic32c/8.3.1/thumb/v8-m.base/nofp/crtbegin.o
 .xc_stack_usage.hdr
                0x0000000000000000        0xe c:/program files/microchip/xc32/v4.60/bin/bin/../../lib/gcc/pic32c/8.3.1/thumb/v8-m.base/nofp/crtbegin.o
 .xc_stack_usage
                0x0000000000000000       0x68 c:/program files/microchip/xc32/v4.60/bin/bin/../../lib/gcc/pic32c/8.3.1/../../../../pic32c/lib/thumb/v8-m.base/nofp\libpic32c.a(data_init.o)
 .xc_stack_usage.hdr
                0x0000000000000000        0xe c:/program files/microchip/xc32/v4.60/bin/bin/../../lib/gcc/pic32c/8.3.1/../../../../pic32c/lib/thumb/v8-m.base/nofp\libpic32c.a(data_init.o)
 .xc_stack_usage
                0x0000000000000000       0x14 c:/program files/microchip/xc32/v4.60/bin/bin/../../lib/gcc/pic32c/8.3.1/../../../../pic32c/lib/thumb/v8-m.base/nofp\libc-size-musl.a(memcmp.o)
 .xc_stack_usage.hdr
                0x0000000000000000        0xe c:/program files/microchip/xc32/v4.60/bin/bin/../../lib/gcc/pic32c/8.3.1/../../../../pic32c/lib/thumb/v8-m.base/nofp\libc-size-musl.a(memcmp.o)
 .xc_stack_usage
                0x0000000000000000       0x14 c:/program files/microchip/xc32/v4.60/bin/bin/../../lib/gcc/pic32c/8.3.1/../../../../pic32c/lib/thumb/v8-m.base/nofp\libc-size-musl.a(memset.o)
 .xc_stack_usage.hdr
                0x0000000000000000        0xe c:/program files/microchip/xc32/v4.60/bin/bin/../../lib/gcc/pic32c/8.3.1/../../../../pic32c/lib/thumb/v8-m.base/nofp\libc-size-musl.a(memset.o)
 .xc_stack_usage.hdr
                0x0000000000000000        0xe c:/program files/microchip/xc32/v4.60/bin/bin/../../lib/gcc/pic32c/8.3.1/../../../../pic32c/lib/thumb/v8-m.base/nofp\libm-fast-emfloat.a(__aeabi_fadd.o)
 .xc_stack_usage
                0x0000000000000000       0x41 c:/program files/microchip/xc32/v4.60/bin/bin/../../lib/gcc/pic32c/8.3.1/../../../../pic32c/lib/thumb/v8-m.base/nofp\libm-fast-emfloat.a(__aeabi_fadd.o)
 .xc_stack_usage.hdr
                0x0000000000000000        0xe c:/program files/microchip/xc32/v4.60/bin/bin/../../lib/gcc/pic32c/8.3.1/../../../../pic32c/lib/thumb/v8-m.base/nofp\libm-fast-emfloat.a(__aeabi_fsub.o)
 .xc_stack_usage
                0x0000000000000000       0x1a c:/program files/microchip/xc32/v4.60/bin/bin/../../lib/gcc/pic32c/8.3.1/../../../../pic32c/lib/thumb/v8-m.base/nofp\libm-fast-emfloat.a(__aeabi_fsub.o)
 .xc_stack_usage.hdr
                0x0000000000000000        0xe c:/program files/microchip/xc32/v4.60/bin/bin/../../lib/gcc/pic32c/8.3.1/../../../../pic32c/lib/thumb/v8-m.base/nofp\libm-fast-emfloat.a(__aeabi_fmul.o)
 .xc_stack_usage
                0x0000000000000000       0x1a c:/program files/microchip/xc32/v4.60/bin/bin/../../lib/gcc/pic32c/8.3.1/../../../../pic32c/lib/thumb/v8-m.base/nofp\libm-fast-emfloat.a(__aeabi_fmul.o)
 .xc_stack_usage.hdr
                0x0000000000000000        0xe c:/program files/microchip/xc32/v4.60/bin/bin/../../lib/gcc/pic32c/8.3.1/../../../../pic32c/lib/thumb/v8-m.base/nofp\libm-fast-emfloat.a(__aeabi_fcmpgt.o)
 .xc_stack_usage
                0x0000000000000000       0x1c c:/program files/microchip/xc32/v4.60/bin/bin/../../lib/gcc/pic32c/8.3.1/../../../../pic32c/lib/thumb/v8-m.base/nofp\libm-fast-emfloat.a(__aeabi_fcmpgt.o)
 .xc_stack_usage.hdr
                0x0000000000000000        0xe c:/program files/microchip/xc32/v4.60/bin/bin/../../lib/gcc/pic32c/8.3.1/../../../../pic32c/lib/thumb/v8-m.base/nofp\libm-fast-emfloat.a(__aeabi_fcmplt.o)
 .xc_stack_usage
                0x0000000000000000       0x1c c:/program files/microchip/xc32/v4.60/bin/bin/../../lib/gcc/pic32c/8.3.1/../../../../pic32c/lib/thumb/v8-m.base/nofp\libm-fast-emfloat.a(__aeabi_fcmplt.o)
 .xc_stack_usage.hdr
                0x0000000000000000        0xe c:/program files/microchip/xc32/v4.60/bin/bin/../../lib/gcc/pic32c/8.3.1/../../../../pic32c/lib/thumb/v8-m.base/nofp\libm-fast-emfloat.a(__aeabi_f2iz.o)
 .xc_stack_usage
                0x0000000000000000       0x1a c:/program files/microchip/xc32/v4.60/bin/bin/../../lib/gcc/pic32c/8.3.1/../../../../pic32c/lib/thumb/v8-m.base/nofp\libm-fast-emfloat.a(__aeabi_f2iz.o)
 .xc_stack_usage.hdr
                0x0000000000000000        0xe c:/program files/microchip/xc32/v4.60/bin/bin/../../lib/gcc/pic32c/8.3.1/../../../../pic32c/lib/thumb/v8-m.base/nofp\libm-fast-emfloat.a(__aeabi_i2f.o)
 .xc_stack_usage
                0x0000000000000000       0x19 c:/program files/microchip/xc32/v4.60/bin/bin/../../lib/gcc/pic32c/8.3.1/../../../../pic32c/lib/thumb/v8-m.base/nofp\libm-fast-emfloat.a(__aeabi_i2f.o)
 .xc_stack_usage
                0x0000000000000000       0x34 c:/program files/microchip/xc32/v4.60/bin/bin/../../lib/gcc/pic32c/8.3.1/../../../../pic32c/lib/thumb/v8-m.base/nofp\libc-musl.a(__libc_start_main.o)
 .xc_stack_usage.hdr
                0x0000000000000000        0xe c:/program files/microchip/xc32/v4.60/bin/bin/../../lib/gcc/pic32c/8.3.1/../../../../pic32c/lib/thumb/v8-m.base/nofp\libc-musl.a(__libc_start_main.o)
 .xc_stack_usage.hdr
                0x0000000000000000        0xe c:/program files/microchip/xc32/v4.60/bin/bin/../../lib/gcc/pic32c/8.3.1/../../../../pic32c/lib/thumb/v8-m.base/nofp\libc-musl.a(libc.o)
 .xc_stack_usage.hdr
                0x0000000000000000        0xe c:/program files/microchip/xc32/v4.60/bin/bin/../../lib/gcc/pic32c/8.3.1/../../../../pic32c/lib/thumb/v8-m.base/nofp\libc-musl.a(__environ.o)
 .xc_stack_usage.hdr
                0x0000000000000000        0xe c:/program files/microchip/xc32/v4.60/bin/bin/../../lib/gcc/pic32c/8.3.1/thumb/v8-m.base/nofp/crtend.o
 .xc_stack_usage.hdr
                0x0000000000000000        0xe c:/program files/microchip/xc32/v4.60/bin/bin/../../lib/gcc/pic32c/8.3.1/thumb/v8-m.base/nofp/crtn.o
 .xc_stack_usage
                0x0000000000000000       0x1b c:/program files/microchip/xc32/v4.60/bin/bin/../../lib/gcc/pic32c/8.3.1/../../../../pic32c/lib/thumb/v8-m.base/nofp\libpic32c.a(pic32_data_init_clear.o)
 .xc_stack_usage.hdr
                0x0000000000000000        0xe c:/program files/microchip/xc32/v4.60/bin/bin/../../lib/gcc/pic32c/8.3.1/../../../../pic32c/lib/thumb/v8-m.base/nofp\libpic32c.a(pic32_data_init_clear.o)
 .xc_stack_usage
                0x0000000000000000       0x1a c:/program files/microchip/xc32/v4.60/bin/bin/../../lib/gcc/pic32c/8.3.1/../../../../pic32c/lib/thumb/v8-m.base/nofp\libpic32c.a(pic32_data_init_copy.o)
 .xc_stack_usage.hdr
                0x0000000000000000        0xe c:/program files/microchip/xc32/v4.60/bin/bin/../../lib/gcc/pic32c/8.3.1/../../../../pic32c/lib/thumb/v8-m.base/nofp\libpic32c.a(pic32_data_init_copy.o)

Memory Configuration

Name             Origin             Length             Attributes
rom              0x0000000000000000 0x0000000000040000 xrl
rom_nsc          0x0000000000040000 0x0000000000000000 xrl
ram              0x0000000020000000 0x0000000000008000 xw !r
config_00804000  0x0000000000804000 0x0000000000000004
config_00804004  0x0000000000804004 0x0000000000000004
config_00804008  0x0000000000804008 0x0000000000000004
config_0080400C  0x000000000080400c 0x0000000000000004
config_00804010  0x0000000000804010 0x0000000000000004
config_00804014  0x0000000000804014 0x0000000000000004
config_00804018  0x0000000000804018 0x0000000000000004
config_0080401C  0x000000000080401c 0x0000000000000004
config_00804020  0x0000000000804020 0x0000000000000004
*default*        0x0000000000000000 0xffffffffffffffff

Linker script and memory map

LOAD c:/program files/microchip/xc32/v4.60/bin/bin/../../lib/gcc/pic32c/8.3.1/thumb/v8-m.base/nofp/crti.o
LOAD c:/program files/microchip/xc32/v4.60/bin/bin/../../lib/gcc/pic32c/8.3.1/thumb/v8-m.base/nofp/crtbegin.o
LOAD build/default/production/main.o
LOAD build/default/production/irq_handlers.o
LOAD build/default/production/platform.o
LOAD build/default/production/usart.o
LOAD build/default/production/locomotion.o
LOAD build/default/production/wall_following.o
LOAD build/default/production/line_following.o
LOAD build/default/production/check_sensors.o
                0x0000000000000001                __MPLAB_BUILD = 0x1
LOAD C:\Users\Jami\AppData\Local\Temp\ccofJNNS.o
START GROUP
LOAD c:/program files/microchip/xc32/v4.60/bin/bin/../../lib/gcc/pic32c/8.3.1/../../../../pic32c/lib/thumb/v8-m.base/nofp\libpic32c.a
LOAD c:/program files/microchip/xc32/v4.60/bin/bin/../../lib/gcc/pic32c/8.3.1/../../../../pic32c/lib/thumb/v8-m.base/nofp\libc-size-musl.a
LOAD c:/program files/microchip/xc32/v4.60/bin/bin/../../lib/gcc/pic32c/8.3.1/../../../../pic32c/lib/thumb/v8-m.base/nofp\liblmalloc-musl.a
LOAD c:/program files/microchip/xc32/v4.60/bin/bin/../../lib/gcc/pic32c/8.3.1/../../../../pic32c/lib/thumb/v8-m.base/nofp\libm-fast-emfloat.a
LOAD c:/program files/microchip/xc32/v4.60/bin/bin/../../lib/gcc/pic32c/8.3.1/../../../../pic32c/lib/thumb/v8-m.base/nofp\libm-musl.a
LOAD c:/program files/microchip/xc32/v4.60/bin/bin/../../lib/gcc/pic32c/8.3.1/../../../../pic32c/lib/thumb/v8-m.base/nofp\libc-musl.a
LOAD c:/program files/microchip/xc32/v4.60/bin/bin/../../lib/gcc/pic32c/8.3.1/../../../../pic32c/lib/thumb/v8-m.base/nofp\libm-fast-emfloat.a
LOAD c:/program files/microchip/xc32/v4.60/bin/bin/../../lib/gcc/pic32c/8.3.1/../../../../pic32c/lib/thumb/v8-m.base/nofp\libm-musl.a
LOAD c:/program files/microchip/xc32/v4.60/bin/bin/../../lib/gcc/pic32c/8.3.1/thumb/v8-m.base/nofp\libgcc.a
END GROUP
LOAD c:/program files/microchip/xc32/v4.60/bin/bin/../../lib/gcc/pic32c/8.3.1/thumb/v8-m.base/nofp/crtend.o
LOAD c:/program files/microchip/xc32/v4.60/bin/bin/../../lib/gcc/pic32c/8.3.1/thumb/v8-m.base/nofp/crtn.o
                0x0000000000040000                __rom_end = (ORIGIN (rom) + LENGTH (rom))
                0x0000000000040000                __rom_nsc_end = (ORIGIN (rom_nsc) + LENGTH (rom_nsc))
                0x0000000020008000                __ram_end = (ORIGIN (ram) + LENGTH (ram))

.config_00804000
 *(.config_00804000)

.config_00804004
 *(.config_00804004)

.config_00804008
 *(.config_00804008)

.config_0080400C
 *(.config_0080400C)

.config_00804010
 *(.config_00804010)

.config_00804014
 *(.config_00804014)

.config_00804018
 *(.config_00804018)

.config_0080401C
 *(.config_0080401C)

.config_00804020
 *(.config_00804020)

.vectors        0x0000000000000000      0x15c
                0x0000000000000000                . = ALIGN (0x4)
                0x0000000000000000                _sfixed = .
 *(.vectors .vectors.* .vectors_default .vectors_default.*)
 .vectors.default
                0x0000000000000000      0x15c C:\Users\Jami\AppData\Local\Temp\ccofJNNS.o
                0x0000000000000000                exception_table
 *(.isr_vector)
 *(.reset*)
 *(.after_vectors)

.text           0x000000000000015c       0x20
                0x000000000000015c                . = ALIGN (0x4)
 *(.glue_7t)
 .glue_7t       0x000000000000015c        0x0 linker stubs
 *(.glue_7)
 .glue_7        0x000000000000015c        0x0 linker stubs
 *veneer.o(.text.*)
 *nonsecure_entry.o(.text.*)
 *(.gnu.linkonce.r.*)
 *(.ARM.extab* .gnu.linkonce.armextab.*)
                0x000000000000015c                . = ALIGN (0x4)
 *(.init)
 .init          0x000000000000015c        0x4 c:/program files/microchip/xc32/v4.60/bin/bin/../../lib/gcc/pic32c/8.3.1/thumb/v8-m.base/nofp/crti.o
                0x000000000000015c                _init
 .init          0x0000000000000160        0x8 c:/program files/microchip/xc32/v4.60/bin/bin/../../lib/gcc/pic32c/8.3.1/thumb/v8-m.base/nofp/crtn.o
                0x0000000000000168                . = ALIGN (0x4)
                0x0000000000000168                __preinit_array_start = .
 *(.preinit_array)
                0x0000000000000168                __preinit_array_end = .
                0x0000000000000168                . = ALIGN (0x4)
                0x0000000000000168                __init_array_start = .
 *(SORT_BY_NAME(.init_array.*))
 *(.init_array)
 .init_array    0x0000000000000168        0x4 c:/program files/microchip/xc32/v4.60/bin/bin/../../lib/gcc/pic32c/8.3.1/thumb/v8-m.base/nofp/crtbegin.o
                0x000000000000016c                __init_array_end = .
                0x000000000000016c                . = ALIGN (0x4)
 *crtbegin.o(.ctors)
 *(EXCLUDE_FILE(*crtend.o) .ctors)
 *(SORT_BY_NAME(.ctors.*))
 *crtend.o(.ctors)
                0x000000000000016c                . = ALIGN (0x4)
 *(.fini)
 .fini          0x000000000000016c        0x4 c:/program files/microchip/xc32/v4.60/bin/bin/../../lib/gcc/pic32c/8.3.1/thumb/v8-m.base/nofp/crti.o
                0x000000000000016c                _fini
 .fini          0x0000000000000170        0x8 c:/program files/microchip/xc32/v4.60/bin/bin/../../lib/gcc/pic32c/8.3.1/thumb/v8-m.base/nofp/crtn.o
                0x0000000000000178                . = ALIGN (0x4)
                0x0000000000000178                __fini_array_start = .
 *(.fini_array)
 .fini_array    0x0000000000000178        0x4 c:/program files/microchip/xc32/v4.60/bin/bin/../../lib/gcc/pic32c/8.3.1/thumb/v8-m.base/nofp/crtbegin.o
 *(SORT_BY_NAME(.fini_array.*))
                0x000000000000017c                __fini_array_end = .
 *crtbegin.o(.dtors)
 *(EXCLUDE_FILE(*crtend.o) .dtors)
 *(SORT_BY_NAME(.dtors.*))
 *crtend.o(.dtors)
                0x000000000000017c                . = ALIGN (0x4)
                0x000000000000017c                _efixed = .
                [!provide]                        PROVIDE (__exidx_start = .)

.ARM.exidx
 *(.ARM.exidx* .gnu.linkonce.armexidx.*)
                [!provide]                        PROVIDE (__exidx_end = .)
                0x000000000000017c                . = ALIGN (0x4)
                0x000000000000017c                _etext = .
                0x000000000000017c                . = ALIGN (0x4)

.gnu.sgstubs    0x0000000000040000        0x0
                0x0000000000040000                _ssgstubs = .

.bss            0x0000000020000000        0x0
                0x0000000020000000                . = ALIGN (0x4)
                0x0000000020000000                __bss_start__ = .
                0x0000000020000000                _sbss = .
                0x0000000020000000                _szero = .
 *(COMMON)
                0x0000000020000000                . = ALIGN (0x4)
                0x0000000020000000                __bss_end__ = .
                0x0000000020000000                _ebss = .
                0x0000000020000000                _ezero = .
                0x0000000020000000                . = ALIGN (0x4)
                0x0000000020000000                _end = .
                0x0000000020007fff                _ram_end_ = ((ORIGIN (ram) + LENGTH (ram)) - 0x1)
OUTPUT(dist/default/production/Code.X.production.elf elf32-littlearm)
LOAD data_init
LOAD stack

.ARM.attributes
                0x0000000000000000       0x2e
 .ARM.attributes
                0x0000000000000000       0x22 c:/program files/microchip/xc32/v4.60/bin/bin/../../lib/gcc/pic32c/8.3.1/thumb/v8-m.base/nofp/crti.o
 .ARM.attributes
                0x0000000000000022       0x30 c:/program files/microchip/xc32/v4.60/bin/bin/../../lib/gcc/pic32c/8.3.1/thumb/v8-m.base/nofp/crtbegin.o
 .ARM.attributes
                0x0000000000000052       0x30 build/default/production/main.o
 .ARM.attributes
                0x0000000000000082       0x30 build/default/production/irq_handlers.o
 .ARM.attributes
                0x00000000000000b2       0x30 build/default/production/platform.o
 .ARM.attributes
                0x00000000000000e2       0x30 build/default/production/usart.o
 .ARM.attributes
                0x0000000000000112       0x30 build/default/production/locomotion.o
 .ARM.attributes
                0x0000000000000142       0x30 build/default/production/wall_following.o
 .ARM.attributes
                0x0000000000000172       0x30 build/default/production/line_following.o
 .ARM.attributes
                0x00000000000001a2       0x30 build/default/production/check_sensors.o
 .ARM.attributes
                0x00000000000001d2       0x30 C:\Users\Jami\AppData\Local\Temp\ccofJNNS.o
 .ARM.attributes
                0x0000000000000202       0x30 c:/program files/microchip/xc32/v4.60/bin/bin/../../lib/gcc/pic32c/8.3.1/../../../../pic32c/lib/thumb/v8-m.base/nofp\libpic32c.a(data_init.o)
 .ARM.attributes
                0x0000000000000232       0x32 c:/program files/microchip/xc32/v4.60/bin/bin/../../lib/gcc/pic32c/8.3.1/../../../../pic32c/lib/thumb/v8-m.base/nofp\libc-size-musl.a(memcmp.o)
 .ARM.attributes
                0x0000000000000264       0x32 c:/program files/microchip/xc32/v4.60/bin/bin/../../lib/gcc/pic32c/8.3.1/../../../../pic32c/lib/thumb/v8-m.base/nofp\libc-size-musl.a(memset.o)
 .ARM.attributes
                0x0000000000000296       0x20 c:/program files/microchip/xc32/v4.60/bin/bin/../../lib/gcc/pic32c/8.3.1/../../../../pic32c/lib/thumb/v8-m.base/nofp\libm-fast-emfloat.a(__aeabi_fadd.o)
 .ARM.attributes
                0x00000000000002b6       0x20 c:/program files/microchip/xc32/v4.60/bin/bin/../../lib/gcc/pic32c/8.3.1/../../../../pic32c/lib/thumb/v8-m.base/nofp\libm-fast-emfloat.a(__aeabi_fsub.o)
 .ARM.attributes
                0x00000000000002d6       0x20 c:/program files/microchip/xc32/v4.60/bin/bin/../../lib/gcc/pic32c/8.3.1/../../../../pic32c/lib/thumb/v8-m.base/nofp\libm-fast-emfloat.a(__aeabi_fmul.o)
 .ARM.attributes
                0x00000000000002f6       0x20 c:/program files/microchip/xc32/v4.60/bin/bin/../../lib/gcc/pic32c/8.3.1/../../../../pic32c/lib/thumb/v8-m.base/nofp\libm-fast-emfloat.a(__aeabi_fcmpgt.o)
 .ARM.attributes
                0x0000000000000316       0x20 c:/program files/microchip/xc32/v4.60/bin/bin/../../lib/gcc/pic32c/8.3.1/../../../../pic32c/lib/thumb/v8-m.base/nofp\libm-fast-emfloat.a(__aeabi_fcmplt.o)
 .ARM.attributes
                0x0000000000000336       0x20 c:/program files/microchip/xc32/v4.60/bin/bin/../../lib/gcc/pic32c/8.3.1/../../../../pic32c/lib/thumb/v8-m.base/nofp\libm-fast-emfloat.a(__aeabi_f2iz.o)
 .ARM.attributes
                0x0000000000000356       0x20 c:/program files/microchip/xc32/v4.60/bin/bin/../../lib/gcc/pic32c/8.3.1/../../../../pic32c/lib/thumb/v8-m.base/nofp\libm-fast-emfloat.a(__aeabi_i2f.o)
 .ARM.attributes
                0x0000000000000376       0x32 c:/program files/microchip/xc32/v4.60/bin/bin/../../lib/gcc/pic32c/8.3.1/../../../../pic32c/lib/thumb/v8-m.base/nofp\libc-musl.a(__libc_start_main.o)
 .ARM.attributes
                0x00000000000003a8       0x32 c:/program files/microchip/xc32/v4.60/bin/bin/../../lib/gcc/pic32c/8.3.1/../../../../pic32c/lib/thumb/v8-m.base/nofp\libc-musl.a(libc.o)
 .ARM.attributes
                0x00000000000003da       0x32 c:/program files/microchip/xc32/v4.60/bin/bin/../../lib/gcc/pic32c/8.3.1/../../../../pic32c/lib/thumb/v8-m.base/nofp\libc-musl.a(__environ.o)
 .ARM.attributes
                0x000000000000040c       0x30 c:/program files/microchip/xc32/v4.60/bin/bin/../../lib/gcc/pic32c/8.3.1/thumb/v8-m.base/nofp/crtend.o
 .ARM.attributes
                0x000000000000043c       0x22 c:/program files/microchip/xc32/v4.60/bin/bin/../../lib/gcc/pic32c/8.3.1/thumb/v8-m.base/nofp/crtn.o
 .ARM.attributes
                0x000000000000045e       0x30 c:/program files/microchip/xc32/v4.60/bin/bin/../../lib/gcc/pic32c/8.3.1/../../../../pic32c/lib/thumb/v8-m.base/nofp\libpic32c.a(pic32_data_init_clear.o)
 .ARM.attributes
                0x000000000000048e       0x30 c:/program files/microchip/xc32/v4.60/bin/bin/../../lib/gcc/pic32c/8.3.1/../../../../pic32c/lib/thumb/v8-m.base/nofp\libpic32c.a(pic32_data_init_copy.o)

.comment        0x0000000000000000       0x2b
 .comment       0x0000000000000000       0x2b c:/program files/microchip/xc32/v4.60/bin/bin/../../lib/gcc/pic32c/8.3.1/thumb/v8-m.base/nofp/crtbegin.o
                                         0x2c (size before relaxing)
 .comment       0x000000000000002b       0x2c build/default/production/main.o
 .comment       0x000000000000002b       0x2c build/default/production/irq_handlers.o
 .comment       0x000000000000002b       0x2c build/default/production/platform.o
 .comment       0x000000000000002b       0x2c build/default/production/usart.o
 .comment       0x000000000000002b       0x2c build/default/production/locomotion.o
 .comment       0x000000000000002b       0x2c build/default/production/wall_following.o
 .comment       0x000000000000002b       0x2c build/default/production/line_following.o
 .comment       0x000000000000002b       0x2c build/default/production/check_sensors.o
 .comment       0x000000000000002b       0x2c C:\Users\Jami\AppData\Local\Temp\ccofJNNS.o
 .comment       0x000000000000002b       0x2c c:/program files/microchip/xc32/v4.60/bin/bin/../../lib/gcc/pic32c/8.3.1/../../../../pic32c/lib/thumb/v8-m.base/nofp\libpic32c.a(data_init.o)
 .comment       0x000000000000002b       0x2c c:/program files/microchip/xc32/v4.60/bin/bin/../../lib/gcc/pic32c/8.3.1/../../../../pic32c/lib/thumb/v8-m.base/nofp\libc-size-musl.a(memcmp.o)
 .comment       0x000000000000002b       0x2c c:/program files/microchip/xc32/v4.60/bin/bin/../../lib/gcc/pic32c/8.3.1/../../../../pic32c/lib/thumb/v8-m.base/nofp\libc-size-musl.a(memset.o)
 .comment       0x000000000000002b       0x2c c:/program files/microchip/xc32/v4.60/bin/bin/../../lib/gcc/pic32c/8.3.1/../../../../pic32c/lib/thumb/v8-m.base/nofp\libc-musl.a(__libc_start_main.o)
 .comment       0x000000000000002b       0x2c c:/program files/microchip/xc32/v4.60/bin/bin/../../lib/gcc/pic32c/8.3.1/../../../../pic32c/lib/thumb/v8-m.base/nofp\libc-musl.a(libc.o)
 .comment       0x000000000000002b       0x2c c:/program files/microchip/xc32/v4.60/bin/bin/../../lib/gcc/pic32c/8.3.1/../../../../pic32c/lib/thumb/v8-m.base/nofp\libc-musl.a(__environ.o)
 .comment       0x000000000000002b       0x2c c:/program files/microchip/xc32/v4.60/bin/bin/../../lib/gcc/pic32c/8.3.1/thumb/v8-m.base/nofp/crtend.o
 .comment       0x000000000000002b       0x2c c:/program files/microchip/xc32/v4.60/bin/bin/../../lib/gcc/pic32c/8.3.1/../../../../pic32c/lib/thumb/v8-m.base/nofp\libpic32c.a(pic32_data_init_clear.o)
 .comment       0x000000000000002b       0x2c c:/program files/microchip/xc32/v4.60/bin/bin/../../lib/gcc/pic32c/8.3.1/../../../../pic32c/lib/thumb/v8-m.base/nofp\libpic32c.a(pic32_data_init_copy.o)

.debug_info     0x0000000000000000     0x540e
 .debug_info    0x0000000000000000      0x71f build/default/production/main.o
 .debug_info    0x000000000000071f      0x3d6 build/default/production/irq_handlers.o
 .debug_info    0x0000000000000af5     0x17e2 build/default/production/platform.o
 .debug_info    0x00000000000022d7     0x11c7 build/default/production/usart.o
 .debug_info    0x000000000000349e      0x37e build/default/production/locomotion.o
 .debug_info    0x000000000000381c      0xb73 build/default/production/wall_following.o
 .debug_info    0x000000000000438f      0x4d1 build/default/production/line_following.o
 .debug_info    0x0000000000004860      0x32a build/default/production/check_sensors.o
 .debug_info    0x0000000000004b8a       0x68 c:/program files/microchip/xc32/v4.60/bin/bin/../../lib/gcc/pic32c/8.3.1/../../../../pic32c/lib/thumb/v8-m.base/nofp\libpic32c.a(data_init.o)
 .debug_info    0x0000000000004bf2       0xda c:/program files/microchip/xc32/v4.60/bin/bin/../../lib/gcc/pic32c/8.3.1/../../../../pic32c/lib/thumb/v8-m.base/nofp\libc-size-musl.a(memcmp.o)
 .debug_info    0x0000000000004ccc       0xbb c:/program files/microchip/xc32/v4.60/bin/bin/../../lib/gcc/pic32c/8.3.1/../../../../pic32c/lib/thumb/v8-m.base/nofp\libc-size-musl.a(memset.o)
 .debug_info    0x0000000000004d87      0x2fb c:/program files/microchip/xc32/v4.60/bin/bin/../../lib/gcc/pic32c/8.3.1/../../../../pic32c/lib/thumb/v8-m.base/nofp\libc-musl.a(__libc_start_main.o)
 .debug_info    0x0000000000005082      0x276 c:/program files/microchip/xc32/v4.60/bin/bin/../../lib/gcc/pic32c/8.3.1/../../../../pic32c/lib/thumb/v8-m.base/nofp\libc-musl.a(libc.o)
 .debug_info    0x00000000000052f8       0x97 c:/program files/microchip/xc32/v4.60/bin/bin/../../lib/gcc/pic32c/8.3.1/../../../../pic32c/lib/thumb/v8-m.base/nofp\libc-musl.a(__environ.o)
 .debug_info    0x000000000000538f       0x3f c:/program files/microchip/xc32/v4.60/bin/bin/../../lib/gcc/pic32c/8.3.1/../../../../pic32c/lib/thumb/v8-m.base/nofp\libpic32c.a(pic32_data_init_clear.o)
 .debug_info    0x00000000000053ce       0x40 c:/program files/microchip/xc32/v4.60/bin/bin/../../lib/gcc/pic32c/8.3.1/../../../../pic32c/lib/thumb/v8-m.base/nofp\libpic32c.a(pic32_data_init_copy.o)

.debug_abbrev   0x0000000000000000     0x10fe
 .debug_abbrev  0x0000000000000000      0x218 build/default/production/main.o
 .debug_abbrev  0x0000000000000218      0x15a build/default/production/irq_handlers.o
 .debug_abbrev  0x0000000000000372      0x20f build/default/production/platform.o
 .debug_abbrev  0x0000000000000581      0x262 build/default/production/usart.o
 .debug_abbrev  0x00000000000007e3       0xcb build/default/production/locomotion.o
 .debug_abbrev  0x00000000000008ae      0x1f8 build/default/production/wall_following.o
 .debug_abbrev  0x0000000000000aa6      0x153 build/default/production/line_following.o
 .debug_abbrev  0x0000000000000bf9       0xb3 build/default/production/check_sensors.o
 .debug_abbrev  0x0000000000000cac       0x44 c:/program files/microchip/xc32/v4.60/bin/bin/../../lib/gcc/pic32c/8.3.1/../../../../pic32c/lib/thumb/v8-m.base/nofp\libpic32c.a(data_init.o)
 .debug_abbrev  0x0000000000000cf0       0xa7 c:/program files/microchip/xc32/v4.60/bin/bin/../../lib/gcc/pic32c/8.3.1/../../../../pic32c/lib/thumb/v8-m.base/nofp\libc-size-musl.a(memcmp.o)
 .debug_abbrev  0x0000000000000d97       0xa2 c:/program files/microchip/xc32/v4.60/bin/bin/../../lib/gcc/pic32c/8.3.1/../../../../pic32c/lib/thumb/v8-m.base/nofp\libc-size-musl.a(memset.o)
 .debug_abbrev  0x0000000000000e39      0x133 c:/program files/microchip/xc32/v4.60/bin/bin/../../lib/gcc/pic32c/8.3.1/../../../../pic32c/lib/thumb/v8-m.base/nofp\libc-musl.a(__libc_start_main.o)
 .debug_abbrev  0x0000000000000f6c       0xd4 c:/program files/microchip/xc32/v4.60/bin/bin/../../lib/gcc/pic32c/8.3.1/../../../../pic32c/lib/thumb/v8-m.base/nofp\libc-musl.a(libc.o)
 .debug_abbrev  0x0000000000001040       0x62 c:/program files/microchip/xc32/v4.60/bin/bin/../../lib/gcc/pic32c/8.3.1/../../../../pic32c/lib/thumb/v8-m.base/nofp\libc-musl.a(__environ.o)
 .debug_abbrev  0x00000000000010a2       0x2e c:/program files/microchip/xc32/v4.60/bin/bin/../../lib/gcc/pic32c/8.3.1/../../../../pic32c/lib/thumb/v8-m.base/nofp\libpic32c.a(pic32_data_init_clear.o)
 .debug_abbrev  0x00000000000010d0       0x2e c:/program files/microchip/xc32/v4.60/bin/bin/../../lib/gcc/pic32c/8.3.1/../../../../pic32c/lib/thumb/v8-m.base/nofp\libpic32c.a(pic32_data_init_copy.o)

.debug_loc      0x0000000000000000     0x10cf
 .debug_loc     0x0000000000000000       0xa8 build/default/production/main.o
 .debug_loc     0x00000000000000a8      0x1c8 build/default/production/irq_handlers.o
 .debug_loc     0x0000000000000270      0x264 build/default/production/platform.o
 .debug_loc     0x00000000000004d4      0x214 build/default/production/usart.o
 .debug_loc     0x00000000000006e8      0x1e4 build/default/production/locomotion.o
 .debug_loc     0x00000000000008cc      0x376 build/default/production/wall_following.o
 .debug_loc     0x0000000000000c42       0xd4 build/default/production/line_following.o
 .debug_loc     0x0000000000000d16      0x108 build/default/production/check_sensors.o
 .debug_loc     0x0000000000000e1e       0x14 c:/program files/microchip/xc32/v4.60/bin/bin/../../lib/gcc/pic32c/8.3.1/../../../../pic32c/lib/thumb/v8-m.base/nofp\libpic32c.a(data_init.o)
 .debug_loc     0x0000000000000e32      0x15e c:/program files/microchip/xc32/v4.60/bin/bin/../../lib/gcc/pic32c/8.3.1/../../../../pic32c/lib/thumb/v8-m.base/nofp\libc-size-musl.a(memcmp.o)
 .debug_loc     0x0000000000000f90       0xcd c:/program files/microchip/xc32/v4.60/bin/bin/../../lib/gcc/pic32c/8.3.1/../../../../pic32c/lib/thumb/v8-m.base/nofp\libc-size-musl.a(memset.o)
 .debug_loc     0x000000000000105d       0x5e c:/program files/microchip/xc32/v4.60/bin/bin/../../lib/gcc/pic32c/8.3.1/../../../../pic32c/lib/thumb/v8-m.base/nofp\libc-musl.a(__libc_start_main.o)
 .debug_loc     0x00000000000010bb       0x14 c:/program files/microchip/xc32/v4.60/bin/bin/../../lib/gcc/pic32c/8.3.1/../../../../pic32c/lib/thumb/v8-m.base/nofp\libpic32c.a(pic32_data_init_copy.o)

.debug_aranges  0x0000000000000000      0x208
 .debug_aranges
                0x0000000000000000       0x20 build/default/production/main.o
 .debug_aranges
                0x0000000000000020       0x20 build/default/production/irq_handlers.o
 .debug_aranges
                0x0000000000000040       0x20 build/default/production/platform.o
 .debug_aranges
                0x0000000000000060       0x20 build/default/production/usart.o
 .debug_aranges
                0x0000000000000080       0x20 build/default/production/locomotion.o
 .debug_aranges
                0x00000000000000a0       0x20 build/default/production/wall_following.o
 .debug_aranges
                0x00000000000000c0       0x20 build/default/production/line_following.o
 .debug_aranges
                0x00000000000000e0       0x20 build/default/production/check_sensors.o
 .debug_aranges
                0x0000000000000100       0x30 c:/program files/microchip/xc32/v4.60/bin/bin/../../lib/gcc/pic32c/8.3.1/../../../../pic32c/lib/thumb/v8-m.base/nofp\libpic32c.a(data_init.o)
 .debug_aranges
                0x0000000000000130       0x20 c:/program files/microchip/xc32/v4.60/bin/bin/../../lib/gcc/pic32c/8.3.1/../../../../pic32c/lib/thumb/v8-m.base/nofp\libc-size-musl.a(memcmp.o)
 .debug_aranges
                0x0000000000000150       0x20 c:/program files/microchip/xc32/v4.60/bin/bin/../../lib/gcc/pic32c/8.3.1/../../../../pic32c/lib/thumb/v8-m.base/nofp\libc-size-musl.a(memset.o)
 .debug_aranges
                0x0000000000000170       0x28 c:/program files/microchip/xc32/v4.60/bin/bin/../../lib/gcc/pic32c/8.3.1/../../../../pic32c/lib/thumb/v8-m.base/nofp\libc-musl.a(__libc_start_main.o)
 .debug_aranges
                0x0000000000000198       0x18 c:/program files/microchip/xc32/v4.60/bin/bin/../../lib/gcc/pic32c/8.3.1/../../../../pic32c/lib/thumb/v8-m.base/nofp\libc-musl.a(libc.o)
 .debug_aranges
                0x00000000000001b0       0x18 c:/program files/microchip/xc32/v4.60/bin/bin/../../lib/gcc/pic32c/8.3.1/../../../../pic32c/lib/thumb/v8-m.base/nofp\libc-musl.a(__environ.o)
 .debug_aranges
                0x00000000000001c8       0x20 c:/program files/microchip/xc32/v4.60/bin/bin/../../lib/gcc/pic32c/8.3.1/../../../../pic32c/lib/thumb/v8-m.base/nofp\libpic32c.a(pic32_data_init_clear.o)
 .debug_aranges
                0x00000000000001e8       0x20 c:/program files/microchip/xc32/v4.60/bin/bin/../../lib/gcc/pic32c/8.3.1/../../../../pic32c/lib/thumb/v8-m.base/nofp\libpic32c.a(pic32_data_init_copy.o)

.debug_line     0x0000000000000000     0x2791
 .debug_line    0x0000000000000000      0x4ec build/default/production/main.o
 .debug_line    0x00000000000004ec      0x23c build/default/production/irq_handlers.o
 .debug_line    0x0000000000000728      0x6d1 build/default/production/platform.o
 .debug_line    0x0000000000000df9      0x4c2 build/default/production/usart.o
 .debug_line    0x00000000000012bb      0x17d build/default/production/locomotion.o
 .debug_line    0x0000000000001438      0x823 build/default/production/wall_following.o
 .debug_line    0x0000000000001c5b      0x2fe build/default/production/line_following.o
 .debug_line    0x0000000000001f59      0x16d build/default/production/check_sensors.o
 .debug_line    0x00000000000020c6       0xa5 c:/program files/microchip/xc32/v4.60/bin/bin/../../lib/gcc/pic32c/8.3.1/../../../../pic32c/lib/thumb/v8-m.base/nofp\libpic32c.a(data_init.o)
 .debug_line    0x000000000000216b       0xdd c:/program files/microchip/xc32/v4.60/bin/bin/../../lib/gcc/pic32c/8.3.1/../../../../pic32c/lib/thumb/v8-m.base/nofp\libc-size-musl.a(memcmp.o)
 .debug_line    0x0000000000002248       0xe3 c:/program files/microchip/xc32/v4.60/bin/bin/../../lib/gcc/pic32c/8.3.1/../../../../pic32c/lib/thumb/v8-m.base/nofp\libc-size-musl.a(memset.o)
 .debug_line    0x000000000000232b      0x1bf c:/program files/microchip/xc32/v4.60/bin/bin/../../lib/gcc/pic32c/8.3.1/../../../../pic32c/lib/thumb/v8-m.base/nofp\libc-musl.a(__libc_start_main.o)
 .debug_line    0x00000000000024ea       0xb5 c:/program files/microchip/xc32/v4.60/bin/bin/../../lib/gcc/pic32c/8.3.1/../../../../pic32c/lib/thumb/v8-m.base/nofp\libc-musl.a(libc.o)
 .debug_line    0x000000000000259f       0xfb c:/program files/microchip/xc32/v4.60/bin/bin/../../lib/gcc/pic32c/8.3.1/../../../../pic32c/lib/thumb/v8-m.base/nofp\libc-musl.a(__environ.o)
 .debug_line    0x000000000000269a       0x6f c:/program files/microchip/xc32/v4.60/bin/bin/../../lib/gcc/pic32c/8.3.1/../../../../pic32c/lib/thumb/v8-m.base/nofp\libpic32c.a(pic32_data_init_clear.o)
 .debug_line    0x0000000000002709       0x88 c:/program files/microchip/xc32/v4.60/bin/bin/../../lib/gcc/pic32c/8.3.1/../../../../pic32c/lib/thumb/v8-m.base/nofp\libpic32c.a(pic32_data_init_copy.o)

.debug_str      0x0000000000000000     0x4cd2
 .debug_str     0x0000000000000000      0x5a7 build/default/production/main.o
 .debug_str     0x00000000000005a7      0x439 build/default/production/irq_handlers.o
 .debug_str     0x00000000000009e0     0x12a1 build/default/production/platform.o
 .debug_str     0x0000000000001c81      0x82c build/default/production/usart.o
 .debug_str     0x00000000000024ad      0x3dc build/default/production/locomotion.o
 .debug_str     0x0000000000002889      0x852 build/default/production/wall_following.o
 .debug_str     0x00000000000030db      0x4d1 build/default/production/line_following.o
 .debug_str     0x00000000000035ac      0x3c6 build/default/production/check_sensors.o
 .debug_str     0x0000000000003972      0x209 c:/program files/microchip/xc32/v4.60/bin/bin/../../lib/gcc/pic32c/8.3.1/../../../../pic32c/lib/thumb/v8-m.base/nofp\libpic32c.a(data_init.o)
 .debug_str     0x0000000000003b7b      0x21c c:/program files/microchip/xc32/v4.60/bin/bin/../../lib/gcc/pic32c/8.3.1/../../../../pic32c/lib/thumb/v8-m.base/nofp\libc-size-musl.a(memcmp.o)
 .debug_str     0x0000000000003d97      0x21e c:/program files/microchip/xc32/v4.60/bin/bin/../../lib/gcc/pic32c/8.3.1/../../../../pic32c/lib/thumb/v8-m.base/nofp\libc-size-musl.a(memset.o)
 .debug_str     0x0000000000003fb5      0x3d7 c:/program files/microchip/xc32/v4.60/bin/bin/../../lib/gcc/pic32c/8.3.1/../../../../pic32c/lib/thumb/v8-m.base/nofp\libc-musl.a(__libc_start_main.o)
 .debug_str     0x000000000000438c      0x342 c:/program files/microchip/xc32/v4.60/bin/bin/../../lib/gcc/pic32c/8.3.1/../../../../pic32c/lib/thumb/v8-m.base/nofp\libc-musl.a(libc.o)
 .debug_str     0x00000000000046ce      0x242 c:/program files/microchip/xc32/v4.60/bin/bin/../../lib/gcc/pic32c/8.3.1/../../../../pic32c/lib/thumb/v8-m.base/nofp\libc-musl.a(__environ.o)
 .debug_str     0x0000000000004910      0x1e2 c:/program files/microchip/xc32/v4.60/bin/bin/../../lib/gcc/pic32c/8.3.1/../../../../pic32c/lib/thumb/v8-m.base/nofp\libpic32c.a(pic32_data_init_clear.o)
 .debug_str     0x0000000000004af2      0x1e0 c:/program files/microchip/xc32/v4.60/bin/bin/../../lib/gcc/pic32c/8.3.1/../../../../pic32c/lib/thumb/v8-m.base/nofp\libpic32c.a(pic32_data_init_copy.o)

.debug_frame    0x0000000000000000      0xa08
 .debug_frame   0x0000000000000000       0x70 build/default/production/main.o
 .debug_frame   0x0000000000000070      0x120 build/default/production/irq_handlers.o
 .debug_frame   0x0000000000000190      0x17c build/default/production/platform.o
 .debug_frame   0x000000000000030c      0x154 build/default/production/usart.o
 .debug_frame   0x0000000000000460      0x144 build/default/production/locomotion.o
 .debug_frame   0x00000000000005a4      0x20c build/default/production/wall_following.o
 .debug_frame   0x00000000000007b0       0x8c build/default/production/line_following.o
 .debug_frame   0x000000000000083c       0xb8 build/default/production/check_sensors.o
 .debug_frame   0x00000000000008f4       0x48 c:/program files/microchip/xc32/v4.60/bin/bin/../../lib/gcc/pic32c/8.3.1/../../../../pic32c/lib/thumb/v8-m.base/nofp\libpic32c.a(data_init.o)
 .debug_frame   0x000000000000093c       0x2c c:/program files/microchip/xc32/v4.60/bin/bin/../../lib/gcc/pic32c/8.3.1/../../../../pic32c/lib/thumb/v8-m.base/nofp\libc-size-musl.a(memcmp.o)
 .debug_frame   0x0000000000000968       0x20 c:/program files/microchip/xc32/v4.60/bin/bin/../../lib/gcc/pic32c/8.3.1/../../../../pic32c/lib/thumb/v8-m.base/nofp\libc-size-musl.a(memset.o)
 .debug_frame   0x0000000000000988       0x38 c:/program files/microchip/xc32/v4.60/bin/bin/../../lib/gcc/pic32c/8.3.1/../../../../pic32c/lib/thumb/v8-m.base/nofp\libc-musl.a(__libc_start_main.o)
 .debug_frame   0x00000000000009c0       0x20 c:/program files/microchip/xc32/v4.60/bin/bin/../../lib/gcc/pic32c/8.3.1/../../../../pic32c/lib/thumb/v8-m.base/nofp\libpic32c.a(pic32_data_init_clear.o)
 .debug_frame   0x00000000000009e0       0x28 c:/program files/microchip/xc32/v4.60/bin/bin/../../lib/gcc/pic32c/8.3.1/../../../../pic32c/lib/thumb/v8-m.base/nofp\libpic32c.a(pic32_data_init_copy.o)

.debug_ranges   0x0000000000000000       0xc8
 .debug_ranges  0x0000000000000000       0x18 build/default/production/wall_following.o
 .debug_ranges  0x0000000000000018       0x18 build/default/production/line_following.o
 .debug_ranges  0x0000000000000030       0x20 c:/program files/microchip/xc32/v4.60/bin/bin/../../lib/gcc/pic32c/8.3.1/../../../../pic32c/lib/thumb/v8-m.base/nofp\libpic32c.a(data_init.o)
 .debug_ranges  0x0000000000000050       0x10 c:/program files/microchip/xc32/v4.60/bin/bin/../../lib/gcc/pic32c/8.3.1/../../../../pic32c/lib/thumb/v8-m.base/nofp\libc-size-musl.a(memcmp.o)
 .debug_ranges  0x0000000000000060       0x10 c:/program files/microchip/xc32/v4.60/bin/bin/../../lib/gcc/pic32c/8.3.1/../../../../pic32c/lib/thumb/v8-m.base/nofp\libc-size-musl.a(memset.o)
 .debug_ranges  0x0000000000000070       0x38 c:/program files/microchip/xc32/v4.60/bin/bin/../../lib/gcc/pic32c/8.3.1/../../../../pic32c/lib/thumb/v8-m.base/nofp\libc-musl.a(__libc_start_main.o)
 .debug_ranges  0x00000000000000a8       0x10 c:/program files/microchip/xc32/v4.60/bin/bin/../../lib/gcc/pic32c/8.3.1/../../../../pic32c/lib/thumb/v8-m.base/nofp\libpic32c.a(pic32_data_init_clear.o)
 .debug_ranges  0x00000000000000b8       0x10 c:/program files/microchip/xc32/v4.60/bin/bin/../../lib/gcc/pic32c/8.3.1/../../../../pic32c/lib/thumb/v8-m.base/nofp\libpic32c.a(pic32_data_init_copy.o)

.note.GNU-stack
                0x0000000000000000        0x0
 .note.GNU-stack
                0x0000000000000000        0x0 c:/program files/microchip/xc32/v4.60/bin/bin/../../lib/gcc/pic32c/8.3.1/../../../../pic32c/lib/thumb/v8-m.base/nofp\libc-size-musl.a(memcmp.o)
 .note.GNU-stack
                0x0000000000000000        0x0 c:/program files/microchip/xc32/v4.60/bin/bin/../../lib/gcc/pic32c/8.3.1/../../../../pic32c/lib/thumb/v8-m.base/nofp\libc-size-musl.a(memset.o)
 .note.GNU-stack
                0x0000000000000000        0x0 c:/program files/microchip/xc32/v4.60/bin/bin/../../lib/gcc/pic32c/8.3.1/../../../../pic32c/lib/thumb/v8-m.base/nofp\libc-musl.a(__libc_start_main.o)
 .note.GNU-stack
                0x0000000000000000        0x0 c:/program files/microchip/xc32/v4.60/bin/bin/../../lib/gcc/pic32c/8.3.1/../../../../pic32c/lib/thumb/v8-m.base/nofp\libc-musl.a(libc.o)
 .note.GNU-stack
                0x0000000000000000        0x0 c:/program files/microchip/xc32/v4.60/bin/bin/../../lib/gcc/pic32c/8.3.1/../../../../pic32c/lib/thumb/v8-m.base/nofp\libc-musl.a(__environ.o)

.stack          0x0000000020000348      0x100
 .stack         0x0000000020000348      0x100 stack

.bss%1          0x0000000020000000      0x18c
 .bss           0x0000000020000000      0x18c build/default/production/main.o
                0x0000000020000000                idx_message
                0x0000000020000004                us_left_status
                0x0000000020000005                us_center_status
                0x0000000020000006                us_right_status
                0x0000000020000007                ir_left_status
                0x0000000020000008                ir_center_status
                0x0000000020000009                ir_right_status
                0x000000002000000c                speed
                0x0000000020000010                setting
                0x0000000020000014                setting_ptr
                0x0000000020000020                ps

.bss%2          0x000000002000018c       0xa8
 .bss           0x000000002000018c       0xa8 build/default/production/usart.o

.bss%3          0x0000000020000234       0x50
 .bss           0x0000000020000234       0x50 c:/program files/microchip/xc32/v4.60/bin/bin/../../lib/gcc/pic32c/8.3.1/../../../../pic32c/lib/thumb/v8-m.base/nofp\libc-musl.a(libc.o)
                0x0000000020000234                __progname_full
                0x0000000020000234                program_invocation_name
                0x0000000020000238                program_invocation_short_name
                0x0000000020000238                __progname
                0x000000002000023c                __sysinfo
                0x0000000020000240                __hwcap
                0x0000000020000244                __libc

.bss%4          0x0000000020000284       0x42
 .bss           0x0000000020000284       0x42 build/default/production/wall_following.o

.bss%5          0x00000000200002c8       0x1c
 .bss           0x00000000200002c8       0x1c c:/program files/microchip/xc32/v4.60/bin/bin/../../lib/gcc/pic32c/8.3.1/thumb/v8-m.base/nofp/crtbegin.o

.bss%6          0x00000000200002e4       0x18
 .bss           0x00000000200002e4       0x18 build/default/production/line_following.o

.bss%7          0x00000000200002fc       0x10
 .bss           0x00000000200002fc       0x10 build/default/production/irq_handlers.o

.bss%8          0x000000002000030c        0x4
 .bss           0x000000002000030c        0x4 c:/program files/microchip/xc32/v4.60/bin/bin/../../lib/gcc/pic32c/8.3.1/../../../../pic32c/lib/thumb/v8-m.base/nofp\libpic32c.a(data_init.o)

.bss%9          0x0000000020000310        0x4
 .bss           0x0000000020000310        0x4 c:/program files/microchip/xc32/v4.60/bin/bin/../../lib/gcc/pic32c/8.3.1/../../../../pic32c/lib/thumb/v8-m.base/nofp\libc-musl.a(__environ.o)
                0x0000000020000310                __environ
                0x0000000020000310                environ
                0x0000000020000310                ___environ
                0x0000000020000310                _environ

.bss%z1         0x0000000000000000        0x0
 .bss           0x0000000000000000        0x0 c:/program files/microchip/xc32/v4.60/bin/bin/../../lib/gcc/pic32c/8.3.1/../../../../pic32c/lib/thumb/v8-m.base/nofp\libpic32c.a(pic32_data_init_copy.o)

.bss%z2         0x0000000000000000        0x0
 .bss           0x0000000000000000        0x0 c:/program files/microchip/xc32/v4.60/bin/bin/../../lib/gcc/pic32c/8.3.1/../../../../pic32c/lib/thumb/v8-m.base/nofp\libpic32c.a(pic32_data_init_clear.o)

.bss%z3         0x0000000000000000        0x0
 .bss           0x0000000000000000        0x0 c:/program files/microchip/xc32/v4.60/bin/bin/../../lib/gcc/pic32c/8.3.1/thumb/v8-m.base/nofp/crtn.o

.bss%z4         0x0000000000000000        0x0
 .bss           0x0000000000000000        0x0 c:/program files/microchip/xc32/v4.60/bin/bin/../../lib/gcc/pic32c/8.3.1/thumb/v8-m.base/nofp/crtend.o

.bss%z5         0x0000000000000000        0x0
 .bss           0x0000000000000000        0x0 c:/program files/microchip/xc32/v4.60/bin/bin/../../lib/gcc/pic32c/8.3.1/../../../../pic32c/lib/thumb/v8-m.base/nofp\libc-musl.a(__libc_start_main.o)

.bss%z6         0x0000000000000000        0x0
 .bss           0x0000000000000000        0x0 c:/program files/microchip/xc32/v4.60/bin/bin/../../lib/gcc/pic32c/8.3.1/../../../../pic32c/lib/thumb/v8-m.base/nofp\libc-size-musl.a(memset.o)

.bss%z7         0x0000000000000000        0x0
 .bss           0x0000000000000000        0x0 c:/program files/microchip/xc32/v4.60/bin/bin/../../lib/gcc/pic32c/8.3.1/../../../../pic32c/lib/thumb/v8-m.base/nofp\libc-size-musl.a(memcmp.o)

.bss%z8         0x0000000000000000        0x0
 .bss           0x0000000000000000        0x0 C:\Users\Jami\AppData\Local\Temp\ccofJNNS.o

.bss%z9         0x0000000000000000        0x0
 .bss           0x0000000000000000        0x0 build/default/production/check_sensors.o

.bss%z10        0x0000000000000000        0x0
 .bss           0x0000000000000000        0x0 build/default/production/locomotion.o

.bss%z11        0x0000000000000000        0x0
 .bss           0x0000000000000000        0x0 build/default/production/platform.o

.bss%z12        0x0000000000000000        0x0
 .bss           0x0000000000000000        0x0 c:/program files/microchip/xc32/v4.60/bin/bin/../../lib/gcc/pic32c/8.3.1/thumb/v8-m.base/nofp/crti.o

.data%10        0x0000000020000314        0x4
 .data          0x0000000020000314        0x4 c:/program files/microchip/xc32/v4.60/bin/bin/../../lib/gcc/pic32c/8.3.1/thumb/v8-m.base/nofp/crtbegin.o
                0x0000000020000314                __dso_handle

.eh_frame%11    0x0000000020000318        0x4
 .eh_frame      0x0000000020000318        0x4 c:/program files/microchip/xc32/v4.60/bin/bin/../../lib/gcc/pic32c/8.3.1/thumb/v8-m.base/nofp/crtend.o

.data%z13       0x0000000000000000        0x0
 .data          0x0000000000000000        0x0 c:/program files/microchip/xc32/v4.60/bin/bin/../../lib/gcc/pic32c/8.3.1/../../../../pic32c/lib/thumb/v8-m.base/nofp\libpic32c.a(pic32_data_init_copy.o)

.data%z14       0x0000000000000000        0x0
 .data          0x0000000000000000        0x0 c:/program files/microchip/xc32/v4.60/bin/bin/../../lib/gcc/pic32c/8.3.1/../../../../pic32c/lib/thumb/v8-m.base/nofp\libpic32c.a(pic32_data_init_clear.o)

.data%z15       0x0000000000000000        0x0
 .data          0x0000000000000000        0x0 c:/program files/microchip/xc32/v4.60/bin/bin/../../lib/gcc/pic32c/8.3.1/thumb/v8-m.base/nofp/crtn.o

.data%z16       0x0000000000000000        0x0
 .data          0x0000000000000000        0x0 c:/program files/microchip/xc32/v4.60/bin/bin/../../lib/gcc/pic32c/8.3.1/thumb/v8-m.base/nofp/crtend.o

.data%z17       0x0000000000000000        0x0
 .data          0x0000000000000000        0x0 c:/program files/microchip/xc32/v4.60/bin/bin/../../lib/gcc/pic32c/8.3.1/../../../../pic32c/lib/thumb/v8-m.base/nofp\libc-musl.a(__environ.o)

.data%z18       0x0000000000000000        0x0
 .data          0x0000000000000000        0x0 c:/program files/microchip/xc32/v4.60/bin/bin/../../lib/gcc/pic32c/8.3.1/../../../../pic32c/lib/thumb/v8-m.base/nofp\libc-musl.a(libc.o)

.data%z19       0x0000000000000000        0x0
 .data          0x0000000000000000        0x0 c:/program files/microchip/xc32/v4.60/bin/bin/../../lib/gcc/pic32c/8.3.1/../../../../pic32c/lib/thumb/v8-m.base/nofp\libc-musl.a(__libc_start_main.o)

.data%z20       0x0000000000000000        0x0
 .data          0x0000000000000000        0x0 c:/program files/microchip/xc32/v4.60/bin/bin/../../lib/gcc/pic32c/8.3.1/../../../../pic32c/lib/thumb/v8-m.base/nofp\libc-size-musl.a(memset.o)

.data%z21       0x0000000000000000        0x0
 .data          0x0000000000000000        0x0 c:/program files/microchip/xc32/v4.60/bin/bin/../../lib/gcc/pic32c/8.3.1/../../../../pic32c/lib/thumb/v8-m.base/nofp\libc-size-musl.a(memcmp.o)

.data%z22       0x0000000000000000        0x0
 .data          0x0000000000000000        0x0 c:/program files/microchip/xc32/v4.60/bin/bin/../../lib/gcc/pic32c/8.3.1/../../../../pic32c/lib/thumb/v8-m.base/nofp\libpic32c.a(data_init.o)

.data%z23       0x0000000000000000        0x0
 .data          0x0000000000000000        0x0 C:\Users\Jami\AppData\Local\Temp\ccofJNNS.o

.data%z24       0x0000000000000000        0x0
 .data          0x0000000000000000        0x0 build/default/production/check_sensors.o

.data%z25       0x0000000000000000        0x0
 .data          0x0000000000000000        0x0 build/default/production/line_following.o

.data%z26       0x0000000000000000        0x0
 .data          0x0000000000000000        0x0 build/default/production/wall_following.o

.data%z27       0x0000000000000000        0x0
 .data          0x0000000000000000        0x0 build/default/production/locomotion.o

.data%z28       0x0000000000000000        0x0
 .data          0x0000000000000000        0x0 build/default/production/usart.o

.data%z29       0x0000000000000000        0x0
 .data          0x0000000000000000        0x0 build/default/production/platform.o

.data%z30       0x0000000000000000        0x0
 .data          0x0000000000000000        0x0 build/default/production/irq_handlers.o

.data%z31       0x0000000000000000        0x0
 .data          0x0000000000000000        0x0 build/default/production/main.o

.eh_frame%z32   0x0000000000000000        0x0
 .eh_frame      0x0000000000000000        0x0 c:/program files/microchip/xc32/v4.60/bin/bin/../../lib/gcc/pic32c/8.3.1/thumb/v8-m.base/nofp/crtbegin.o

.data%z33       0x0000000000000000        0x0
 .data          0x0000000000000000        0x0 c:/program files/microchip/xc32/v4.60/bin/bin/../../lib/gcc/pic32c/8.3.1/thumb/v8-m.base/nofp/crti.o

.text%12        0x000000000000017c     0x11f8
 .text          0x000000000000017c     0x11f8 build/default/production/wall_following.o
                0x000000000000017c                set_a
                0x00000000000001e2                set_b
                0x0000000000000272                read_right_sensor_raw
                0x0000000000000332                read_front_sensor_raw
                0x00000000000003ee                read_left_sensor_raw
                0x00000000000004a0                init_sensor_pins
                0x0000000000000526                right_raw_to_cm
                0x00000000000005ee                front_raw_to_cm
                0x000000000000067e                left_raw_to_cm
                0x0000000000000712                get_decision_string
                0x000000000000076a                get_right_hand_rule_action
                0x0000000000000780                compute_pid_correction
                0x00000000000007ca                get_correction_string
                0x0000000000000822                safe_mode_led
                0x00000000000008e8                wall_following_algorithm

.text%13        0x0000000000001374      0xb40
 .text          0x0000000000001374      0xb40 build/default/production/platform.o
                0x00000000000014a4                platform_init_early
                0x00000000000014d8                platform_init_late
                0x0000000000001e7e                platform_do_sys_reset

.text%14        0x0000000000001eb4      0xb1c
 .text          0x0000000000001eb4      0xb1c build/default/production/main.o
                0x0000000000002808                main

.text%15        0x00000000000029d0      0x848
 .text          0x00000000000029d0      0x848 build/default/production/usart.o
                0x00000000000029d0                platform_usart_cdc_init
                0x0000000000002b68                SERCOM3_0_Handler
                0x0000000000002c6e                SERCOM3_2_Handler
                0x0000000000002df2                platform_internal_usart_cdc_systick_handler
                0x0000000000002e68                platform_usart_cdc_send_async
                0x0000000000002f9c                platform_usart_cdc_send_abort
                0x000000000000304e                platform_usart_cdc_tx_busy
                0x000000000000306c                platform_usart_cdc_recv_async
                0x0000000000003124                platform_usart_cdc_recv_abort
                0x0000000000003198                platform_usart_cdc_recv_get
                0x00000000000031f8                platform_usart_cdc_rx_busy

.text%16        0x0000000000003218      0x626
 .text          0x0000000000003218      0x626 build/default/production/line_following.o
                0x0000000000003218                set_motors
                0x0000000000003252                set_motors_delay
                0x00000000000032a2                find_line
                0x00000000000032ca                line_following_algorithm

.rodata%17      0x0000000000003840      0x528
 .rodata        0x0000000000003840      0x528 build/default/production/main.o

.text%18        0x0000000000003d68      0x268
 .text          0x0000000000003d68      0x268 build/default/production/locomotion.o
                0x0000000000003d68                b_stop
                0x0000000000003da2                a_stop
                0x0000000000003de8                b_cw
                0x0000000000003e22                a_cw
                0x0000000000003e68                b_ccw
                0x0000000000003ea2                a_ccw
                0x0000000000003ee8                stop
                0x0000000000003f16                turn_left
                0x0000000000003f44                turn_right
                0x0000000000003f72                go_forward
                0x0000000000003fa0                go_backward

.text%19        0x0000000000003fd0      0x22a
 .text          0x0000000000003fd0      0x22a build/default/production/irq_handlers.o
                0x0000000000003fd0                platform_systick_count
                0x0000000000003ffe                SysTick_Handler
                0x0000000000004076                EIC_EXTINT_0_Handler
                0x00000000000040a8                EIC_EXTINT_1_Handler
                0x00000000000040da                EIC_EXTINT_2_Handler
                0x0000000000004134                platform_tick_delta
                0x000000000000416a                platform_tick_count
                0x000000000000419a                platform_evt_add
                0x00000000000041c2                platform_evt_get

.text.__aeabi_fadd%20
                0x00000000000041fa      0x136
 .text.__aeabi_fadd
                0x00000000000041fa      0x136 c:/program files/microchip/xc32/v4.60/bin/bin/../../lib/gcc/pic32c/8.3.1/../../../../pic32c/lib/thumb/v8-m.base/nofp\libm-fast-emfloat.a(__aeabi_fadd.o)
                0x00000000000041fa                __aeabi_fadd
                0x00000000000041fe                .L__aeabi_fadd_fast_entry

.text.__aeabi_fmul%21
                0x0000000000004330       0xb6
 .text.__aeabi_fmul
                0x0000000000004330       0xb6 c:/program files/microchip/xc32/v4.60/bin/bin/../../lib/gcc/pic32c/8.3.1/../../../../pic32c/lib/thumb/v8-m.base/nofp\libm-fast-emfloat.a(__aeabi_fmul.o)
                0x0000000000004330                __aeabi_fmul

.rodata%22      0x00000000000043e8       0xa8
 .rodata        0x00000000000043e8       0xa8 build/default/production/wall_following.o

.text%23        0x0000000000004490       0xa0
 .text          0x0000000000004490       0xa0 build/default/production/check_sensors.o
                0x0000000000004490                us_left
                0x00000000000044b2                us_center
                0x00000000000044be                us_right
                0x00000000000044ca                ir_left
                0x00000000000044ec                ir_center
                0x000000000000450e                ir_right

.dinit%24       0x0000000000004530       0xa0
 .dinit         0x0000000000004530       0xa0 data_init

.text.Reset_Handler%25
                0x00000000000045d0       0x7e
 .text.Reset_Handler
                0x00000000000045d0       0x7e C:\Users\Jami\AppData\Local\Temp\ccofJNNS.o
                0x00000000000045d0                Reset_Handler

.text.__libc_start_init%26
                0x0000000000004650       0x5c
 .text.__libc_start_init
                0x0000000000004650       0x5c c:/program files/microchip/xc32/v4.60/bin/bin/../../lib/gcc/pic32c/8.3.1/../../../../pic32c/lib/thumb/v8-m.base/nofp\libc-musl.a(__libc_start_main.o)
                0x0000000000004650                __libc_init_array

.text%27        0x00000000000046ac       0x40
 .text          0x00000000000046ac       0x40 c:/program files/microchip/xc32/v4.60/bin/bin/../../lib/gcc/pic32c/8.3.1/thumb/v8-m.base/nofp/crtbegin.o

.text.__aeabi_f2iz%28
                0x00000000000046ec       0x3e
 .text.__aeabi_f2iz
                0x00000000000046ec       0x3e c:/program files/microchip/xc32/v4.60/bin/bin/../../lib/gcc/pic32c/8.3.1/../../../../pic32c/lib/thumb/v8-m.base/nofp\libm-fast-emfloat.a(__aeabi_f2iz.o)
                0x00000000000046ec                __aeabi_f2iz

.text.__pic32c_data_initialization%29
                0x000000000000472c       0x34
 .text.__pic32c_data_initialization
                0x000000000000472c       0x34 c:/program files/microchip/xc32/v4.60/bin/bin/../../lib/gcc/pic32c/8.3.1/../../../../pic32c/lib/thumb/v8-m.base/nofp\libpic32c.a(data_init.o)
                0x000000000000472c                __pic32c_data_initialization

.text.__aeabi_fcmpgt%30
                0x0000000000004760       0x2e
 .text.__aeabi_fcmpgt
                0x0000000000004760       0x2e c:/program files/microchip/xc32/v4.60/bin/bin/../../lib/gcc/pic32c/8.3.1/../../../../pic32c/lib/thumb/v8-m.base/nofp\libm-fast-emfloat.a(__aeabi_fcmpgt.o)
                0x0000000000004760                __aeabi_fcmpgt

.text.__aeabi_fcmplt%31
                0x000000000000478e       0x2e
 .text.__aeabi_fcmplt
                0x000000000000478e       0x2e c:/program files/microchip/xc32/v4.60/bin/bin/../../lib/gcc/pic32c/8.3.1/../../../../pic32c/lib/thumb/v8-m.base/nofp\libm-fast-emfloat.a(__aeabi_fcmplt.o)
                0x000000000000478e                __aeabi_fcmplt

.text.__aeabi_i2f%32
                0x00000000000047bc       0x26
 .text.__aeabi_i2f
                0x00000000000047bc       0x26 c:/program files/microchip/xc32/v4.60/bin/bin/../../lib/gcc/pic32c/8.3.1/../../../../pic32c/lib/thumb/v8-m.base/nofp\libm-fast-emfloat.a(__aeabi_i2f.o)
                0x00000000000047bc                __aeabi_i2f

.text.__dinit_copy%33
                0x00000000000047e2       0x1e
 .text.__dinit_copy
                0x00000000000047e2       0x1e c:/program files/microchip/xc32/v4.60/bin/bin/../../lib/gcc/pic32c/8.3.1/../../../../pic32c/lib/thumb/v8-m.base/nofp\libpic32c.a(pic32_data_init_copy.o)
                0x00000000000047e2                __dinit_copy_needed
                0x00000000000047e2                __dinit_copy

.text.memcmp%34
                0x0000000000004800       0x1c
 .text.memcmp   0x0000000000004800       0x1c c:/program files/microchip/xc32/v4.60/bin/bin/../../lib/gcc/pic32c/8.3.1/../../../../pic32c/lib/thumb/v8-m.base/nofp\libc-size-musl.a(memcmp.o)
                0x0000000000004800                memcmp

.rodata%35      0x000000000000481c       0x14
 .rodata        0x000000000000481c       0x14 c:/program files/microchip/xc32/v4.60/bin/bin/../../lib/gcc/pic32c/8.3.1/../../../../pic32c/lib/thumb/v8-m.base/nofp\libpic32c.a(data_init.o)

.text.memset%36
                0x0000000000004830       0x14
 .text.memset   0x0000000000004830       0x14 c:/program files/microchip/xc32/v4.60/bin/bin/../../lib/gcc/pic32c/8.3.1/../../../../pic32c/lib/thumb/v8-m.base/nofp\libc-size-musl.a(memset.o)
                0x0000000000004830                memset

.text.__dinit_clear%37
                0x0000000000004844       0x12
 .text.__dinit_clear
                0x0000000000004844       0x12 c:/program files/microchip/xc32/v4.60/bin/bin/../../lib/gcc/pic32c/8.3.1/../../../../pic32c/lib/thumb/v8-m.base/nofp\libpic32c.a(pic32_data_init_clear.o)
                0x0000000000004844                __dinit_clear
                0x0000000000004844                __dinit_clear_needed

.text.__aeabi_fsub%38
                0x0000000000004856       0x10
 .text.__aeabi_fsub
                0x0000000000004856       0x10 c:/program files/microchip/xc32/v4.60/bin/bin/../../lib/gcc/pic32c/8.3.1/../../../../pic32c/lib/thumb/v8-m.base/nofp\libm-fast-emfloat.a(__aeabi_fsub.o)
                0x0000000000004856                __aeabi_fsub

.text.__dummy_decompress%39
                0x0000000000004866        0x4
 .text.__dummy_decompress
                0x0000000000004866        0x4 c:/program files/microchip/xc32/v4.60/bin/bin/../../lib/gcc/pic32c/8.3.1/../../../../pic32c/lib/thumb/v8-m.base/nofp\libpic32c.a(data_init.o)
                0x0000000000004866                __dinit_decompress
                0x0000000000004866                __dinit_copy_val_data
                0x0000000000004866                __dinit_copy_emb

.text.Dummy_Handler%40
                0x000000000000383e        0x2
 .text.Dummy_Handler
                0x000000000000383e        0x2 C:\Users\Jami\AppData\Local\Temp\ccofJNNS.o
                0x000000000000383e                SVCall_Handler
                0x000000000000383e                SERCOM0_2_Handler
                0x000000000000383e                EVSYS_0_Handler
                0x000000000000383e                TRNG_Handler
                0x000000000000383e                ADC_RESRDY_Handler
                0x000000000000383e                HardFault_Handler
                0x000000000000383e                TC2_Handler
                0x000000000000383e                AC_Handler
                0x000000000000383e                DMAC_OTHER_Handler
                0x000000000000383e                EIC_EXTINT_5_Handler
                0x000000000000383e                SERCOM3_1_Handler
                0x000000000000383e                SERCOM4_OTHER_Handler
                0x000000000000383e                EIC_EXTINT_6_Handler
                0x000000000000383e                PendSV_Handler
                0x000000000000383e                EVSYS_3_Handler
                0x000000000000383e                NonMaskableInt_Handler
                0x000000000000383e                TCC1_Handler
                0x000000000000383e                EIC_EXTINT_4_Handler
                0x000000000000383e                EIC_EXTINT_7_Handler
                0x000000000000383e                SERCOM0_OTHER_Handler
                0x000000000000383e                TCC0_Handler
                0x000000000000383e                SERCOM0_0_Handler
                0x000000000000383e                RTC_Handler
                0x000000000000383e                SERCOM4_0_Handler
                0x000000000000383e                SERCOM1_OTHER_Handler
                0x000000000000383e                EVSYS_1_Handler
                0x000000000000383e                DMAC_0_Handler
                0x000000000000383e                WDT_Handler
                0x000000000000383e                TRAM_Handler
                0x000000000000383e                EVSYS_NSCHK_Handler
                0x000000000000383e                SERCOM5_0_Handler
                0x000000000000383e                TC1_Handler
                0x000000000000383e                DAC_UNDERRUN_Handler
                0x000000000000383e                DAC_EMPTY_Handler
                0x000000000000383e                PAC_Handler
                0x000000000000383e                USB_Handler
                0x000000000000383e                SERCOM4_1_Handler
                0x000000000000383e                Dummy_Handler
                0x000000000000383e                SERCOM5_1_Handler
                0x000000000000383e                DMAC_2_Handler
                0x000000000000383e                SERCOM0_1_Handler
                0x000000000000383e                SERCOM5_OTHER_Handler
                0x000000000000383e                DMAC_1_Handler
                0x000000000000383e                TCC3_Handler
                0x000000000000383e                TCC2_Handler
                0x000000000000383e                SERCOM1_1_Handler
                0x000000000000383e                EVSYS_7_Handler
                0x000000000000383e                I2S_Handler
                0x000000000000383e                NVMCTRL_Handler
                0x000000000000383e                PORT_Handler
                0x000000000000383e                SYSTEM_Handler
                0x000000000000383e                SERCOM1_0_Handler
                0x000000000000383e                SERCOM2_1_Handler
                0x000000000000383e                SERCOM1_2_Handler
                0x000000000000383e                SERCOM4_2_Handler
                0x000000000000383e                EVSYS_4_Handler
                0x000000000000383e                SERCOM5_2_Handler
                0x000000000000383e                SERCOM2_2_Handler
                0x000000000000383e                EIC_EXTINT_3_Handler
                0x000000000000383e                SERCOM3_OTHER_Handler
                0x000000000000383e                PTC_Handler
                0x000000000000383e                EVSYS_6_Handler
                0x000000000000383e                EVSYS_5_Handler
                0x000000000000383e                EVSYS_2_Handler
                0x000000000000383e                SERCOM2_OTHER_Handler
                0x000000000000383e                FREQM_Handler
                0x000000000000383e                TC0_Handler
                0x000000000000383e                EIC_OTHER_Handler
                0x000000000000383e                ADC_OTHER_Handler
                0x000000000000383e                DMAC_3_Handler
                0x000000000000383e                SERCOM2_0_Handler

.text.__dummy_init_tls%41
                0x00000000000043e6        0x2
 .text.__dummy_init_tls
                0x00000000000043e6        0x2 c:/program files/microchip/xc32/v4.60/bin/bin/../../lib/gcc/pic32c/8.3.1/../../../../pic32c/lib/thumb/v8-m.base/nofp\libpic32c.a(data_init.o)
                0x00000000000043e6                xc32_init_tls

.text.__dummy%42
                0x000000000000464e        0x2
 .text.__dummy  0x000000000000464e        0x2 c:/program files/microchip/xc32/v4.60/bin/bin/../../lib/gcc/pic32c/8.3.1/../../../../pic32c/lib/thumb/v8-m.base/nofp\libc-musl.a(__libc_start_main.o)
                0x000000000000464e                __init_stdio
                0x000000000000464e                __init_host

.text%z34       0x0000000000000000        0x0
 .text          0x0000000000000000        0x0 c:/program files/microchip/xc32/v4.60/bin/bin/../../lib/gcc/pic32c/8.3.1/../../../../pic32c/lib/thumb/v8-m.base/nofp\libpic32c.a(pic32_data_init_copy.o)

.text%z35       0x0000000000000000        0x0
 .text          0x0000000000000000        0x0 c:/program files/microchip/xc32/v4.60/bin/bin/../../lib/gcc/pic32c/8.3.1/../../../../pic32c/lib/thumb/v8-m.base/nofp\libpic32c.a(pic32_data_init_clear.o)

.text%z36       0x0000000000000000        0x0
 .text          0x0000000000000000        0x0 c:/program files/microchip/xc32/v4.60/bin/bin/../../lib/gcc/pic32c/8.3.1/thumb/v8-m.base/nofp/crtn.o

.text%z37       0x0000000000000000        0x0
 .text          0x0000000000000000        0x0 c:/program files/microchip/xc32/v4.60/bin/bin/../../lib/gcc/pic32c/8.3.1/thumb/v8-m.base/nofp/crtend.o

.text%z38       0x0000000000000000        0x0
 .text          0x0000000000000000        0x0 c:/program files/microchip/xc32/v4.60/bin/bin/../../lib/gcc/pic32c/8.3.1/../../../../pic32c/lib/thumb/v8-m.base/nofp\libc-musl.a(__environ.o)

.text%z39       0x0000000000000000        0x0
 .text          0x0000000000000000        0x0 c:/program files/microchip/xc32/v4.60/bin/bin/../../lib/gcc/pic32c/8.3.1/../../../../pic32c/lib/thumb/v8-m.base/nofp\libc-musl.a(libc.o)

.text%z40       0x0000000000000000        0x0
 .text          0x0000000000000000        0x0 c:/program files/microchip/xc32/v4.60/bin/bin/../../lib/gcc/pic32c/8.3.1/../../../../pic32c/lib/thumb/v8-m.base/nofp\libc-musl.a(__libc_start_main.o)

.text%z41       0x0000000000000000        0x0
 .text          0x0000000000000000        0x0 c:/program files/microchip/xc32/v4.60/bin/bin/../../lib/gcc/pic32c/8.3.1/../../../../pic32c/lib/thumb/v8-m.base/nofp\libc-size-musl.a(memset.o)

.text%z42       0x0000000000000000        0x0
 .text          0x0000000000000000        0x0 c:/program files/microchip/xc32/v4.60/bin/bin/../../lib/gcc/pic32c/8.3.1/../../../../pic32c/lib/thumb/v8-m.base/nofp\libc-size-musl.a(memcmp.o)

.text%z43       0x0000000000000000        0x0
 .text          0x0000000000000000        0x0 c:/program files/microchip/xc32/v4.60/bin/bin/../../lib/gcc/pic32c/8.3.1/../../../../pic32c/lib/thumb/v8-m.base/nofp\libpic32c.a(data_init.o)

.text%z44       0x0000000000000000        0x0
 .text          0x0000000000000000        0x0 C:\Users\Jami\AppData\Local\Temp\ccofJNNS.o

.text%z45       0x0000000000000000        0x0
 .text          0x0000000000000000        0x0 c:/program files/microchip/xc32/v4.60/bin/bin/../../lib/gcc/pic32c/8.3.1/thumb/v8-m.base/nofp/crti.o
