Archive member included to satisfy reference by file (symbol)

c:/program files/microchip/xc32/v4.60/bin/bin/../../lib/gcc/pic32c/8.3.1/../../../../pic32c/lib/thumb/v8-m.base/nofp\libpic32c.a(data_init.o)
                              C:\Users\Jami\AppData\Local\Temp\ccQEUH0B.o (__pic32c_data_initialization)
c:/program files/microchip/xc32/v4.60/bin/bin/../../lib/gcc/pic32c/8.3.1/../../../../pic32c/lib/thumb/v8-m.base/nofp\libc-size-musl.a(memcmp.o)
                              build/default/debug/main.o (memcmp)
c:/program files/microchip/xc32/v4.60/bin/bin/../../lib/gcc/pic32c/8.3.1/../../../../pic32c/lib/thumb/v8-m.base/nofp\libc-size-musl.a(memset.o)
                              build/default/debug/usart.o (memset)
c:/program files/microchip/xc32/v4.60/bin/bin/../../lib/gcc/pic32c/8.3.1/../../../../pic32c/lib/thumb/v8-m.base/nofp\libc-size-musl.a(strlen.o)
                              build/default/debug/wall_following.o (strlen)
c:/program files/microchip/xc32/v4.60/bin/bin/../../lib/gcc/pic32c/8.3.1/../../../../pic32c/lib/thumb/v8-m.base/nofp\libm-fast-emfloat.a(__aeabi_fadd.o)
                              build/default/debug/wall_following.o (__aeabi_fadd)
c:/program files/microchip/xc32/v4.60/bin/bin/../../lib/gcc/pic32c/8.3.1/../../../../pic32c/lib/thumb/v8-m.base/nofp\libm-fast-emfloat.a(__aeabi_fsub.o)
                              build/default/debug/wall_following.o (__aeabi_fsub)
c:/program files/microchip/xc32/v4.60/bin/bin/../../lib/gcc/pic32c/8.3.1/../../../../pic32c/lib/thumb/v8-m.base/nofp\libm-fast-emfloat.a(__aeabi_fmul.o)
                              build/default/debug/wall_following.o (__aeabi_fmul)
c:/program files/microchip/xc32/v4.60/bin/bin/../../lib/gcc/pic32c/8.3.1/../../../../pic32c/lib/thumb/v8-m.base/nofp\libm-fast-emfloat.a(__aeabi_fcmpgt.o)
                              build/default/debug/wall_following.o (__aeabi_fcmpgt)
c:/program files/microchip/xc32/v4.60/bin/bin/../../lib/gcc/pic32c/8.3.1/../../../../pic32c/lib/thumb/v8-m.base/nofp\libm-fast-emfloat.a(__aeabi_fcmplt.o)
                              build/default/debug/wall_following.o (__aeabi_fcmplt)
c:/program files/microchip/xc32/v4.60/bin/bin/../../lib/gcc/pic32c/8.3.1/../../../../pic32c/lib/thumb/v8-m.base/nofp\libm-fast-emfloat.a(__aeabi_f2iz.o)
                              build/default/debug/wall_following.o (__aeabi_f2iz)
c:/program files/microchip/xc32/v4.60/bin/bin/../../lib/gcc/pic32c/8.3.1/../../../../pic32c/lib/thumb/v8-m.base/nofp\libm-fast-emfloat.a(__aeabi_i2f.o)
                              build/default/debug/wall_following.o (__aeabi_i2f)
c:/program files/microchip/xc32/v4.60/bin/bin/../../lib/gcc/pic32c/8.3.1/../../../../pic32c/lib/thumb/v8-m.base/nofp\libg-musl.a(__libc_start_main.o)
                              C:\Users\Jami\AppData\Local\Temp\ccQEUH0B.o (__libc_init_array)
c:/program files/microchip/xc32/v4.60/bin/bin/../../lib/gcc/pic32c/8.3.1/../../../../pic32c/lib/thumb/v8-m.base/nofp\libg-musl.a(libc.o)
                              c:/program files/microchip/xc32/v4.60/bin/bin/../../lib/gcc/pic32c/8.3.1/../../../../pic32c/lib/thumb/v8-m.base/nofp\libg-musl.a(__libc_start_main.o) (__progname_full)
c:/program files/microchip/xc32/v4.60/bin/bin/../../lib/gcc/pic32c/8.3.1/../../../../pic32c/lib/thumb/v8-m.base/nofp\libg-musl.a(__environ.o)
                              c:/program files/microchip/xc32/v4.60/bin/bin/../../lib/gcc/pic32c/8.3.1/../../../../pic32c/lib/thumb/v8-m.base/nofp\libg-musl.a(__libc_start_main.o) (__environ)
c:/program files/microchip/xc32/v4.60/bin/bin/../../lib/gcc/pic32c/8.3.1/../../../../pic32c/lib/thumb/v8-m.base/nofp\libpic32c.a(pic32_data_init_clear.o)
                              (__dinit_clear_needed)
c:/program files/microchip/xc32/v4.60/bin/bin/../../lib/gcc/pic32c/8.3.1/../../../../pic32c/lib/thumb/v8-m.base/nofp\libpic32c.a(pic32_data_init_copy.o)
                              (__dinit_copy_needed)

Microchip PIC32 Memory-Usage Report

ROM Program-Memory Usage
section                    address  length [bytes]      (dec)  Description
-------                 ----------  -------------------------  -----------
.vectors                         0          0x15c         348   
.text                        0x15c           0x20          32  App's exec code 
.text                        0x17c          0xfec        4076  App's exec code 
.text                       0x1168          0xb40        2880  App's exec code 
.text                       0x1ca8          0xa74        2676  App's exec code 
.text                       0x271c          0x848        2120  App's exec code 
.text                       0x2f64          0x546        1350  App's exec code 
.text.Dummy_Handler         0x34aa            0x2           2   
.rodata                     0x34ac          0x528        1320  Read-only const 
.text                       0x39d4          0x268         616  App's exec code 
.text                       0x3c3c          0x202         514  App's exec code 
.text.__aeabi_fadd          0x3e3e          0x136         310   
.rodata                     0x3f74           0xc0         192  Read-only const 
.text.__aeabi_fmul          0x4034           0xb6         182   
.text                       0x40ea           0xa0         160  App's exec code 
.text.__dummy_init_tls      0x418a            0x2           2   
.dinit                      0x418c           0x90         144   
.text.Reset_Handler         0x421c           0x7e         126   
.text.__dummy               0x429a            0x2           2   
.text.__libc_start_init     0x429c           0x5c          92   
.text                       0x42f8           0x40          64  App's exec code 
.text.__aeabi_f2iz          0x4338           0x3e          62   
.text.__pic32c_data_ini     0x4378           0x34          52   
.text.__aeabi_fcmpgt        0x43ac           0x2e          46   
.text.__aeabi_fcmplt        0x43da           0x2e          46   
.text.__aeabi_i2f           0x4408           0x26          38   
.text.__dinit_copy          0x442e           0x1e          30   
.text.memcmp                0x444c           0x1c          28   
.text.strlen                0x4468           0x18          24   
.rodata                     0x4480           0x14          20  Read-only const 
.text.memset                0x4494           0x14          20   
.text.__dinit_clear         0x44a8           0x12          18   
.text.__aeabi_fsub          0x44ba           0x10          16   
.text.__dummy_decompres     0x44ca            0x4           4   
      Total ROM used  :      0x44cc       17612  6.7% of 0x40000
        --------------------------------------------------------------------------
         Total Program Memory used  :      0x44cc       17612  6.7% of 0x40000
        --------------------------------------------------------------------------


RAM Data-Memory Usage
section                    address  length [bytes]      (dec)  Description
-------                 ----------  -------------------------  -----------
.bss                    0x20000000          0x154         340  Uninitialized data 
.bss                    0x20000154           0xa8         168  Uninitialized data 
.bss                    0x200001fc           0x50          80  Uninitialized data 
.bss                    0x2000024c           0x3a          58  Uninitialized data 
.bss                    0x20000288           0x1c          28  Uninitialized data 
.bss                    0x200002a4           0x10          16  Uninitialized data 
.bss                    0x200002b4            0xc          12  Uninitialized data 
.bss                    0x200002c0            0x4           4  Uninitialized data 
.bss                    0x200002c4            0x4           4  Uninitialized data 
.data                   0x200002c8            0x4           4  Initialized data 
.eh_frame               0x200002cc            0x4           4   
         Total RAM used  :       0x2ce         718  2.2% of 0x8000
        --------------------------------------------------------------------------
            Total Data Memory used  :       0x2ce         718  2.2% of 0x8000
        --------------------------------------------------------------------------


Dynamic Data-Memory Reservation
section                    address  length [bytes]      (dec)  Description
-------                 ----------  -------------------------  -----------
heap                    0x200002d8           0x10          16  Reserved for heap 
stack                   0x20000300         0x7cf8       31992  Reserved for stack 

        --------------------------------------------------------------------------

Microchip PIC32 Memory-Usage Report By Module

        text        data         bss         dec         hex    basename                   filename
--------------------------------------------------------------------------------
        3996           0         340        4336        10f0    main.o                 build/default/debug/main.o
        4268           0          58        4326        10e6    wall_following.o       build/default/debug/wall_following.o
        2880           0           0        2880         b40    platform.o             build/default/debug/platform.o
        2120           0         168        2288         8f0    usart.o                build/default/debug/usart.o
        1350           0          12        1362         552    line_following.o       build/default/debug/line_following.o
         616           0           0         616         268    locomotion.o           build/default/debug/locomotion.o
         514           0          16         530         212    irq_handlers.o         build/default/debug/irq_handlers.o
         476           0           0         476         1dc    ccQEUH0B.o             C:\Users\Jami\AppData\Local\Temp\ccQEUH0B.o
         310           0           0         310         136    __aeabi_fadd.o         libm-fast-emfloat.a
         182           0           0         182          b6    __aeabi_fmul.o         libm-fast-emfloat.a
         160           0           0         160          a0    check_sensors.o        build/default/debug/check_sensors.o
         144           0           0         144          90    data_init              data_init
          72           4          28         104          68    crtbegin.o             c:/program files/microchip/xc32/v4.60/bin/bin/../../lib/gcc/pic32c/8.3.1/thumb/v8-m.base/nofp/crtbegin.o
          94           0           0          94          5e    __libc_start_main.o    libg-musl.a
          78           0           4          82          52    data_init.o            libpic32c.a
           0           0          80          80          50    libc.o                 libg-musl.a
          62           0           0          62          3e    __aeabi_f2iz.o         libm-fast-emfloat.a
          46           0           0          46          2e    __aeabi_fcmpgt.o       libm-fast-emfloat.a
          46           0           0          46          2e    __aeabi_fcmplt.o       libm-fast-emfloat.a
          38           0           0          38          26    __aeabi_i2f.o          libm-fast-emfloat.a
          30           0           0          30          1e    pic32_data_init_copy.o libpic32c.a
          28           0           0          28          1c    memcmp.o               libc-size-musl.a
          24           0           0          24          18    strlen.o               libc-size-musl.a
          20           0           0          20          14    memset.o               libc-size-musl.a
          18           0           0          18          12    pic32_data_init_clear.olibpic32c.a
          16           0           0          16          10    __aeabi_fsub.o         libm-fast-emfloat.a
          16           0           0          16          10    crtn.o                 c:/program files/microchip/xc32/v4.60/bin/bin/../../lib/gcc/pic32c/8.3.1/thumb/v8-m.base/nofp/crtn.o
           8           0           0           8           8    crti.o                 c:/program files/microchip/xc32/v4.60/bin/bin/../../lib/gcc/pic32c/8.3.1/thumb/v8-m.base/nofp/crti.o
           0           4           0           4           4    crtend.o               c:/program files/microchip/xc32/v4.60/bin/bin/../../lib/gcc/pic32c/8.3.1/thumb/v8-m.base/nofp/crtend.o
           0           0           4           4           4    __environ.o            libg-musl.a
--------------------------------------------------------------------------------
       17612           8         710       18330        479a    dist/default/debug/Code.X.debug.elf


Discarded input sections

 .xc_stack_usage.hdr
                0x0000000000000000        0xe c:/program files/microchip/xc32/v4.60/bin/bin/../../lib/gcc/pic32c/8.3.1/thumb/v8-m.base/nofp/crti.o
 .xc_stack_usage
                0x0000000000000000       0x26 c:/program files/microchip/xc32/v4.60/bin/bin/../../lib/gcc/pic32c/8.3.1/thumb/v8-m.base/nofp/crti.o
 .xc_stack_usage
                0x0000000000000000       0x3c c:/program files/microchip/xc32/v4.60/bin/bin/../../lib/gcc/pic32c/8.3.1/thumb/v8-m.base/nofp/crtbegin.o
 .xc_stack_usage.hdr
                0x0000000000000000        0xe c:/program files/microchip/xc32/v4.60/bin/bin/../../lib/gcc/pic32c/8.3.1/thumb/v8-m.base/nofp/crtbegin.o
 .xc_stack_usage
                0x0000000000000000       0x68 c:/program files/microchip/xc32/v4.60/bin/bin/../../lib/gcc/pic32c/8.3.1/../../../../pic32c/lib/thumb/v8-m.base/nofp\libpic32c.a(data_init.o)
 .xc_stack_usage.hdr
                0x0000000000000000        0xe c:/program files/microchip/xc32/v4.60/bin/bin/../../lib/gcc/pic32c/8.3.1/../../../../pic32c/lib/thumb/v8-m.base/nofp\libpic32c.a(data_init.o)
 .xc_stack_usage
                0x0000000000000000       0x14 c:/program files/microchip/xc32/v4.60/bin/bin/../../lib/gcc/pic32c/8.3.1/../../../../pic32c/lib/thumb/v8-m.base/nofp\libc-size-musl.a(memcmp.o)
 .xc_stack_usage.hdr
                0x0000000000000000        0xe c:/program files/microchip/xc32/v4.60/bin/bin/../../lib/gcc/pic32c/8.3.1/../../../../pic32c/lib/thumb/v8-m.base/nofp\libc-size-musl.a(memcmp.o)
 .xc_stack_usage
                0x0000000000000000       0x14 c:/program files/microchip/xc32/v4.60/bin/bin/../../lib/gcc/pic32c/8.3.1/../../../../pic32c/lib/thumb/v8-m.base/nofp\libc-size-musl.a(memset.o)
 .xc_stack_usage.hdr
                0x0000000000000000        0xe c:/program files/microchip/xc32/v4.60/bin/bin/../../lib/gcc/pic32c/8.3.1/../../../../pic32c/lib/thumb/v8-m.base/nofp\libc-size-musl.a(memset.o)
 .xc_stack_usage
                0x0000000000000000       0x14 c:/program files/microchip/xc32/v4.60/bin/bin/../../lib/gcc/pic32c/8.3.1/../../../../pic32c/lib/thumb/v8-m.base/nofp\libc-size-musl.a(strlen.o)
 .xc_stack_usage.hdr
                0x0000000000000000        0xe c:/program files/microchip/xc32/v4.60/bin/bin/../../lib/gcc/pic32c/8.3.1/../../../../pic32c/lib/thumb/v8-m.base/nofp\libc-size-musl.a(strlen.o)
 .xc_stack_usage.hdr
                0x0000000000000000        0xe c:/program files/microchip/xc32/v4.60/bin/bin/../../lib/gcc/pic32c/8.3.1/../../../../pic32c/lib/thumb/v8-m.base/nofp\libm-fast-emfloat.a(__aeabi_fadd.o)
 .xc_stack_usage
                0x0000000000000000       0x41 c:/program files/microchip/xc32/v4.60/bin/bin/../../lib/gcc/pic32c/8.3.1/../../../../pic32c/lib/thumb/v8-m.base/nofp\libm-fast-emfloat.a(__aeabi_fadd.o)
 .xc_stack_usage.hdr
                0x0000000000000000        0xe c:/program files/microchip/xc32/v4.60/bin/bin/../../lib/gcc/pic32c/8.3.1/../../../../pic32c/lib/thumb/v8-m.base/nofp\libm-fast-emfloat.a(__aeabi_fsub.o)
 .xc_stack_usage
                0x0000000000000000       0x1a c:/program files/microchip/xc32/v4.60/bin/bin/../../lib/gcc/pic32c/8.3.1/../../../../pic32c/lib/thumb/v8-m.base/nofp\libm-fast-emfloat.a(__aeabi_fsub.o)
 .xc_stack_usage.hdr
                0x0000000000000000        0xe c:/program files/microchip/xc32/v4.60/bin/bin/../../lib/gcc/pic32c/8.3.1/../../../../pic32c/lib/thumb/v8-m.base/nofp\libm-fast-emfloat.a(__aeabi_fmul.o)
 .xc_stack_usage
                0x0000000000000000       0x1a c:/program files/microchip/xc32/v4.60/bin/bin/../../lib/gcc/pic32c/8.3.1/../../../../pic32c/lib/thumb/v8-m.base/nofp\libm-fast-emfloat.a(__aeabi_fmul.o)
 .xc_stack_usage.hdr
                0x0000000000000000        0xe c:/program files/microchip/xc32/v4.60/bin/bin/../../lib/gcc/pic32c/8.3.1/../../../../pic32c/lib/thumb/v8-m.base/nofp\libm-fast-emfloat.a(__aeabi_fcmpgt.o)
 .xc_stack_usage
                0x0000000000000000       0x1c c:/program files/microchip/xc32/v4.60/bin/bin/../../lib/gcc/pic32c/8.3.1/../../../../pic32c/lib/thumb/v8-m.base/nofp\libm-fast-emfloat.a(__aeabi_fcmpgt.o)
 .xc_stack_usage.hdr
                0x0000000000000000        0xe c:/program files/microchip/xc32/v4.60/bin/bin/../../lib/gcc/pic32c/8.3.1/../../../../pic32c/lib/thumb/v8-m.base/nofp\libm-fast-emfloat.a(__aeabi_fcmplt.o)
 .xc_stack_usage
                0x0000000000000000       0x1c c:/program files/microchip/xc32/v4.60/bin/bin/../../lib/gcc/pic32c/8.3.1/../../../../pic32c/lib/thumb/v8-m.base/nofp\libm-fast-emfloat.a(__aeabi_fcmplt.o)
 .xc_stack_usage.hdr
                0x0000000000000000        0xe c:/program files/microchip/xc32/v4.60/bin/bin/../../lib/gcc/pic32c/8.3.1/../../../../pic32c/lib/thumb/v8-m.base/nofp\libm-fast-emfloat.a(__aeabi_f2iz.o)
 .xc_stack_usage
                0x0000000000000000       0x1a c:/program files/microchip/xc32/v4.60/bin/bin/../../lib/gcc/pic32c/8.3.1/../../../../pic32c/lib/thumb/v8-m.base/nofp\libm-fast-emfloat.a(__aeabi_f2iz.o)
 .xc_stack_usage.hdr
                0x0000000000000000        0xe c:/program files/microchip/xc32/v4.60/bin/bin/../../lib/gcc/pic32c/8.3.1/../../../../pic32c/lib/thumb/v8-m.base/nofp\libm-fast-emfloat.a(__aeabi_i2f.o)
 .xc_stack_usage
                0x0000000000000000       0x19 c:/program files/microchip/xc32/v4.60/bin/bin/../../lib/gcc/pic32c/8.3.1/../../../../pic32c/lib/thumb/v8-m.base/nofp\libm-fast-emfloat.a(__aeabi_i2f.o)
 .xc_stack_usage
                0x0000000000000000       0x34 c:/program files/microchip/xc32/v4.60/bin/bin/../../lib/gcc/pic32c/8.3.1/../../../../pic32c/lib/thumb/v8-m.base/nofp\libg-musl.a(__libc_start_main.o)
 .xc_stack_usage.hdr
                0x0000000000000000        0xe c:/program files/microchip/xc32/v4.60/bin/bin/../../lib/gcc/pic32c/8.3.1/../../../../pic32c/lib/thumb/v8-m.base/nofp\libg-musl.a(__libc_start_main.o)
 .xc_stack_usage.hdr
                0x0000000000000000        0xe c:/program files/microchip/xc32/v4.60/bin/bin/../../lib/gcc/pic32c/8.3.1/../../../../pic32c/lib/thumb/v8-m.base/nofp\libg-musl.a(libc.o)
 .xc_stack_usage.hdr
                0x0000000000000000        0xe c:/program files/microchip/xc32/v4.60/bin/bin/../../lib/gcc/pic32c/8.3.1/../../../../pic32c/lib/thumb/v8-m.base/nofp\libg-musl.a(__environ.o)
 .xc_stack_usage.hdr
                0x0000000000000000        0xe c:/program files/microchip/xc32/v4.60/bin/bin/../../lib/gcc/pic32c/8.3.1/thumb/v8-m.base/nofp/crtend.o
 .xc_stack_usage.hdr
                0x0000000000000000        0xe c:/program files/microchip/xc32/v4.60/bin/bin/../../lib/gcc/pic32c/8.3.1/thumb/v8-m.base/nofp/crtn.o
 .xc_stack_usage
                0x0000000000000000       0x1b c:/program files/microchip/xc32/v4.60/bin/bin/../../lib/gcc/pic32c/8.3.1/../../../../pic32c/lib/thumb/v8-m.base/nofp\libpic32c.a(pic32_data_init_clear.o)
 .xc_stack_usage.hdr
                0x0000000000000000        0xe c:/program files/microchip/xc32/v4.60/bin/bin/../../lib/gcc/pic32c/8.3.1/../../../../pic32c/lib/thumb/v8-m.base/nofp\libpic32c.a(pic32_data_init_clear.o)
 .xc_stack_usage
                0x0000000000000000       0x1a c:/program files/microchip/xc32/v4.60/bin/bin/../../lib/gcc/pic32c/8.3.1/../../../../pic32c/lib/thumb/v8-m.base/nofp\libpic32c.a(pic32_data_init_copy.o)
 .xc_stack_usage.hdr
                0x0000000000000000        0xe c:/program files/microchip/xc32/v4.60/bin/bin/../../lib/gcc/pic32c/8.3.1/../../../../pic32c/lib/thumb/v8-m.base/nofp\libpic32c.a(pic32_data_init_copy.o)

Memory Configuration

Name             Origin             Length             Attributes
rom              0x0000000000000000 0x0000000000040000 xrl
rom_nsc          0x0000000000040000 0x0000000000000000 xrl
ram              0x0000000020000000 0x0000000000008000 xw !r
config_00804000  0x0000000000804000 0x0000000000000004
config_00804004  0x0000000000804004 0x0000000000000004
config_00804008  0x0000000000804008 0x0000000000000004
config_0080400C  0x000000000080400c 0x0000000000000004
config_00804010  0x0000000000804010 0x0000000000000004
config_00804014  0x0000000000804014 0x0000000000000004
config_00804018  0x0000000000804018 0x0000000000000004
config_0080401C  0x000000000080401c 0x0000000000000004
config_00804020  0x0000000000804020 0x0000000000000004
*default*        0x0000000000000000 0xffffffffffffffff

Linker script and memory map

LOAD c:/program files/microchip/xc32/v4.60/bin/bin/../../lib/gcc/pic32c/8.3.1/thumb/v8-m.base/nofp/crti.o
LOAD c:/program files/microchip/xc32/v4.60/bin/bin/../../lib/gcc/pic32c/8.3.1/thumb/v8-m.base/nofp/crtbegin.o
LOAD build/default/debug/main.o
LOAD build/default/debug/irq_handlers.o
LOAD build/default/debug/platform.o
LOAD build/default/debug/usart.o
LOAD build/default/debug/locomotion.o
LOAD build/default/debug/wall_following.o
LOAD build/default/debug/line_following.o
LOAD build/default/debug/check_sensors.o
                0x0000000000000001                __MPLAB_BUILD = 0x1
                0x0000000000000001                __ICD2RAM = 0x1
                0x0000000000000001                __MPLAB_DEBUG = 0x1
                0x0000000000000001                __DEBUG = 0x1
LOAD C:\Users\Jami\AppData\Local\Temp\ccQEUH0B.o
START GROUP
LOAD c:/program files/microchip/xc32/v4.60/bin/bin/../../lib/gcc/pic32c/8.3.1/../../../../pic32c/lib/thumb/v8-m.base/nofp\libpic32c.a
LOAD c:/program files/microchip/xc32/v4.60/bin/bin/../../lib/gcc/pic32c/8.3.1/../../../../pic32c/lib/thumb/v8-m.base/nofp\libc-size-musl.a
LOAD c:/program files/microchip/xc32/v4.60/bin/bin/../../lib/gcc/pic32c/8.3.1/../../../../pic32c/lib/thumb/v8-m.base/nofp\liblmalloc-musl.a
LOAD c:/program files/microchip/xc32/v4.60/bin/bin/../../lib/gcc/pic32c/8.3.1/../../../../pic32c/lib/thumb/v8-m.base/nofp\libm-fast-emfloat.a
LOAD c:/program files/microchip/xc32/v4.60/bin/bin/../../lib/gcc/pic32c/8.3.1/../../../../pic32c/lib/thumb/v8-m.base/nofp\libm-musl.a
LOAD c:/program files/microchip/xc32/v4.60/bin/bin/../../lib/gcc/pic32c/8.3.1/../../../../pic32c/lib/thumb/v8-m.base/nofp\libg-musl.a
LOAD c:/program files/microchip/xc32/v4.60/bin/bin/../../lib/gcc/pic32c/8.3.1/../../../../pic32c/lib/thumb/v8-m.base/nofp\libc-musl.a
LOAD c:/program files/microchip/xc32/v4.60/bin/bin/../../lib/gcc/pic32c/8.3.1/../../../../pic32c/lib/thumb/v8-m.base/nofp\libm-fast-emfloat.a
LOAD c:/program files/microchip/xc32/v4.60/bin/bin/../../lib/gcc/pic32c/8.3.1/../../../../pic32c/lib/thumb/v8-m.base/nofp\libm-musl.a
LOAD c:/program files/microchip/xc32/v4.60/bin/bin/../../lib/gcc/pic32c/8.3.1/thumb/v8-m.base/nofp\libgcc.a
END GROUP
LOAD c:/program files/microchip/xc32/v4.60/bin/bin/../../lib/gcc/pic32c/8.3.1/thumb/v8-m.base/nofp/crtend.o
LOAD c:/program files/microchip/xc32/v4.60/bin/bin/../../lib/gcc/pic32c/8.3.1/thumb/v8-m.base/nofp/crtn.o
                0x0000000000040000                __rom_end = (ORIGIN (rom) + LENGTH (rom))
                0x0000000000040000                __rom_nsc_end = (ORIGIN (rom_nsc) + LENGTH (rom_nsc))
                0x0000000020008000                __ram_end = (ORIGIN (ram) + LENGTH (ram))

.config_00804000
 *(.config_00804000)

.config_00804004
 *(.config_00804004)

.config_00804008
 *(.config_00804008)

.config_0080400C
 *(.config_0080400C)

.config_00804010
 *(.config_00804010)

.config_00804014
 *(.config_00804014)

.config_00804018
 *(.config_00804018)

.config_0080401C
 *(.config_0080401C)

.config_00804020
 *(.config_00804020)

.vectors        0x0000000000000000      0x15c
                0x0000000000000000                . = ALIGN (0x4)
                0x0000000000000000                _sfixed = .
 *(.vectors .vectors.* .vectors_default .vectors_default.*)
 .vectors.default
                0x0000000000000000      0x15c C:\Users\Jami\AppData\Local\Temp\ccQEUH0B.o
                0x0000000000000000                exception_table
 *(.isr_vector)
 *(.reset*)
 *(.after_vectors)

.text           0x000000000000015c       0x20
                0x000000000000015c                . = ALIGN (0x4)
 *(.glue_7t)
 .glue_7t       0x000000000000015c        0x0 linker stubs
 *(.glue_7)
 .glue_7        0x000000000000015c        0x0 linker stubs
 *veneer.o(.text.*)
 *nonsecure_entry.o(.text.*)
 *(.gnu.linkonce.r.*)
 *(.ARM.extab* .gnu.linkonce.armextab.*)
                0x000000000000015c                . = ALIGN (0x4)
 *(.init)
 .init          0x000000000000015c        0x4 c:/program files/microchip/xc32/v4.60/bin/bin/../../lib/gcc/pic32c/8.3.1/thumb/v8-m.base/nofp/crti.o
                0x000000000000015c                _init
 .init          0x0000000000000160        0x8 c:/program files/microchip/xc32/v4.60/bin/bin/../../lib/gcc/pic32c/8.3.1/thumb/v8-m.base/nofp/crtn.o
                0x0000000000000168                . = ALIGN (0x4)
                0x0000000000000168                __preinit_array_start = .
 *(.preinit_array)
                0x0000000000000168                __preinit_array_end = .
                0x0000000000000168                . = ALIGN (0x4)
                0x0000000000000168                __init_array_start = .
 *(SORT_BY_NAME(.init_array.*))
 *(.init_array)
 .init_array    0x0000000000000168        0x4 c:/program files/microchip/xc32/v4.60/bin/bin/../../lib/gcc/pic32c/8.3.1/thumb/v8-m.base/nofp/crtbegin.o
                0x000000000000016c                __init_array_end = .
                0x000000000000016c                . = ALIGN (0x4)
 *crtbegin.o(.ctors)
 *(EXCLUDE_FILE(*crtend.o) .ctors)
 *(SORT_BY_NAME(.ctors.*))
 *crtend.o(.ctors)
                0x000000000000016c                . = ALIGN (0x4)
 *(.fini)
 .fini          0x000000000000016c        0x4 c:/program files/microchip/xc32/v4.60/bin/bin/../../lib/gcc/pic32c/8.3.1/thumb/v8-m.base/nofp/crti.o
                0x000000000000016c                _fini
 .fini          0x0000000000000170        0x8 c:/program files/microchip/xc32/v4.60/bin/bin/../../lib/gcc/pic32c/8.3.1/thumb/v8-m.base/nofp/crtn.o
                0x0000000000000178                . = ALIGN (0x4)
                0x0000000000000178                __fini_array_start = .
 *(.fini_array)
 .fini_array    0x0000000000000178        0x4 c:/program files/microchip/xc32/v4.60/bin/bin/../../lib/gcc/pic32c/8.3.1/thumb/v8-m.base/nofp/crtbegin.o
 *(SORT_BY_NAME(.fini_array.*))
                0x000000000000017c                __fini_array_end = .
 *crtbegin.o(.dtors)
 *(EXCLUDE_FILE(*crtend.o) .dtors)
 *(SORT_BY_NAME(.dtors.*))
 *crtend.o(.dtors)
                0x000000000000017c                . = ALIGN (0x4)
                0x000000000000017c                _efixed = .
                [!provide]                        PROVIDE (__exidx_start = .)

.ARM.exidx
 *(.ARM.exidx* .gnu.linkonce.armexidx.*)
                [!provide]                        PROVIDE (__exidx_end = .)
                0x000000000000017c                . = ALIGN (0x4)
                0x000000000000017c                _etext = .
                0x000000000000017c                . = ALIGN (0x4)

.gnu.sgstubs    0x0000000000040000        0x0
                0x0000000000040000                _ssgstubs = .

.bss            0x0000000020000000        0x0
                0x0000000020000000                . = ALIGN (0x4)
                0x0000000020000000                __bss_start__ = .
                0x0000000020000000                _sbss = .
                0x0000000020000000                _szero = .
 *(COMMON)
                0x0000000020000000                . = ALIGN (0x4)
                0x0000000020000000                __bss_end__ = .
                0x0000000020000000                _ebss = .
                0x0000000020000000                _ezero = .
                0x0000000020000000                . = ALIGN (0x4)
                0x0000000020000000                _end = .
                0x0000000020007fff                _ram_end_ = ((ORIGIN (ram) + LENGTH (ram)) - 0x1)
OUTPUT(dist/default/debug/Code.X.debug.elf elf32-littlearm)
LOAD data_init
LOAD stack

.ARM.attributes
                0x0000000000000000       0x2e
 .ARM.attributes
                0x0000000000000000       0x22 c:/program files/microchip/xc32/v4.60/bin/bin/../../lib/gcc/pic32c/8.3.1/thumb/v8-m.base/nofp/crti.o
 .ARM.attributes
                0x0000000000000022       0x30 c:/program files/microchip/xc32/v4.60/bin/bin/../../lib/gcc/pic32c/8.3.1/thumb/v8-m.base/nofp/crtbegin.o
 .ARM.attributes
                0x0000000000000052       0x30 build/default/debug/main.o
 .ARM.attributes
                0x0000000000000082       0x30 build/default/debug/irq_handlers.o
 .ARM.attributes
                0x00000000000000b2       0x30 build/default/debug/platform.o
 .ARM.attributes
                0x00000000000000e2       0x30 build/default/debug/usart.o
 .ARM.attributes
                0x0000000000000112       0x30 build/default/debug/locomotion.o
 .ARM.attributes
                0x0000000000000142       0x30 build/default/debug/wall_following.o
 .ARM.attributes
                0x0000000000000172       0x30 build/default/debug/line_following.o
 .ARM.attributes
                0x00000000000001a2       0x30 build/default/debug/check_sensors.o
 .ARM.attributes
                0x00000000000001d2       0x30 C:\Users\Jami\AppData\Local\Temp\ccQEUH0B.o
 .ARM.attributes
                0x0000000000000202       0x30 c:/program files/microchip/xc32/v4.60/bin/bin/../../lib/gcc/pic32c/8.3.1/../../../../pic32c/lib/thumb/v8-m.base/nofp\libpic32c.a(data_init.o)
 .ARM.attributes
                0x0000000000000232       0x32 c:/program files/microchip/xc32/v4.60/bin/bin/../../lib/gcc/pic32c/8.3.1/../../../../pic32c/lib/thumb/v8-m.base/nofp\libc-size-musl.a(memcmp.o)
 .ARM.attributes
                0x0000000000000264       0x32 c:/program files/microchip/xc32/v4.60/bin/bin/../../lib/gcc/pic32c/8.3.1/../../../../pic32c/lib/thumb/v8-m.base/nofp\libc-size-musl.a(memset.o)
 .ARM.attributes
                0x0000000000000296       0x32 c:/program files/microchip/xc32/v4.60/bin/bin/../../lib/gcc/pic32c/8.3.1/../../../../pic32c/lib/thumb/v8-m.base/nofp\libc-size-musl.a(strlen.o)
 .ARM.attributes
                0x00000000000002c8       0x20 c:/program files/microchip/xc32/v4.60/bin/bin/../../lib/gcc/pic32c/8.3.1/../../../../pic32c/lib/thumb/v8-m.base/nofp\libm-fast-emfloat.a(__aeabi_fadd.o)
 .ARM.attributes
                0x00000000000002e8       0x20 c:/program files/microchip/xc32/v4.60/bin/bin/../../lib/gcc/pic32c/8.3.1/../../../../pic32c/lib/thumb/v8-m.base/nofp\libm-fast-emfloat.a(__aeabi_fsub.o)
 .ARM.attributes
                0x0000000000000308       0x20 c:/program files/microchip/xc32/v4.60/bin/bin/../../lib/gcc/pic32c/8.3.1/../../../../pic32c/lib/thumb/v8-m.base/nofp\libm-fast-emfloat.a(__aeabi_fmul.o)
 .ARM.attributes
                0x0000000000000328       0x20 c:/program files/microchip/xc32/v4.60/bin/bin/../../lib/gcc/pic32c/8.3.1/../../../../pic32c/lib/thumb/v8-m.base/nofp\libm-fast-emfloat.a(__aeabi_fcmpgt.o)
 .ARM.attributes
                0x0000000000000348       0x20 c:/program files/microchip/xc32/v4.60/bin/bin/../../lib/gcc/pic32c/8.3.1/../../../../pic32c/lib/thumb/v8-m.base/nofp\libm-fast-emfloat.a(__aeabi_fcmplt.o)
 .ARM.attributes
                0x0000000000000368       0x20 c:/program files/microchip/xc32/v4.60/bin/bin/../../lib/gcc/pic32c/8.3.1/../../../../pic32c/lib/thumb/v8-m.base/nofp\libm-fast-emfloat.a(__aeabi_f2iz.o)
 .ARM.attributes
                0x0000000000000388       0x20 c:/program files/microchip/xc32/v4.60/bin/bin/../../lib/gcc/pic32c/8.3.1/../../../../pic32c/lib/thumb/v8-m.base/nofp\libm-fast-emfloat.a(__aeabi_i2f.o)
 .ARM.attributes
                0x00000000000003a8       0x32 c:/program files/microchip/xc32/v4.60/bin/bin/../../lib/gcc/pic32c/8.3.1/../../../../pic32c/lib/thumb/v8-m.base/nofp\libg-musl.a(__libc_start_main.o)
 .ARM.attributes
                0x00000000000003da       0x32 c:/program files/microchip/xc32/v4.60/bin/bin/../../lib/gcc/pic32c/8.3.1/../../../../pic32c/lib/thumb/v8-m.base/nofp\libg-musl.a(libc.o)
 .ARM.attributes
                0x000000000000040c       0x32 c:/program files/microchip/xc32/v4.60/bin/bin/../../lib/gcc/pic32c/8.3.1/../../../../pic32c/lib/thumb/v8-m.base/nofp\libg-musl.a(__environ.o)
 .ARM.attributes
                0x000000000000043e       0x30 c:/program files/microchip/xc32/v4.60/bin/bin/../../lib/gcc/pic32c/8.3.1/thumb/v8-m.base/nofp/crtend.o
 .ARM.attributes
                0x000000000000046e       0x22 c:/program files/microchip/xc32/v4.60/bin/bin/../../lib/gcc/pic32c/8.3.1/thumb/v8-m.base/nofp/crtn.o
 .ARM.attributes
                0x0000000000000490       0x30 c:/program files/microchip/xc32/v4.60/bin/bin/../../lib/gcc/pic32c/8.3.1/../../../../pic32c/lib/thumb/v8-m.base/nofp\libpic32c.a(pic32_data_init_clear.o)
 .ARM.attributes
                0x00000000000004c0       0x30 c:/program files/microchip/xc32/v4.60/bin/bin/../../lib/gcc/pic32c/8.3.1/../../../../pic32c/lib/thumb/v8-m.base/nofp\libpic32c.a(pic32_data_init_copy.o)

.comment        0x0000000000000000       0x2b
 .comment       0x0000000000000000       0x2b c:/program files/microchip/xc32/v4.60/bin/bin/../../lib/gcc/pic32c/8.3.1/thumb/v8-m.base/nofp/crtbegin.o
                                         0x2c (size before relaxing)
 .comment       0x000000000000002b       0x2c build/default/debug/main.o
 .comment       0x000000000000002b       0x2c build/default/debug/irq_handlers.o
 .comment       0x000000000000002b       0x2c build/default/debug/platform.o
 .comment       0x000000000000002b       0x2c build/default/debug/usart.o
 .comment       0x000000000000002b       0x2c build/default/debug/locomotion.o
 .comment       0x000000000000002b       0x2c build/default/debug/wall_following.o
 .comment       0x000000000000002b       0x2c build/default/debug/line_following.o
 .comment       0x000000000000002b       0x2c build/default/debug/check_sensors.o
 .comment       0x000000000000002b       0x2c C:\Users\Jami\AppData\Local\Temp\ccQEUH0B.o
 .comment       0x000000000000002b       0x2c c:/program files/microchip/xc32/v4.60/bin/bin/../../lib/gcc/pic32c/8.3.1/../../../../pic32c/lib/thumb/v8-m.base/nofp\libpic32c.a(data_init.o)
 .comment       0x000000000000002b       0x2c c:/program files/microchip/xc32/v4.60/bin/bin/../../lib/gcc/pic32c/8.3.1/../../../../pic32c/lib/thumb/v8-m.base/nofp\libc-size-musl.a(memcmp.o)
 .comment       0x000000000000002b       0x2c c:/program files/microchip/xc32/v4.60/bin/bin/../../lib/gcc/pic32c/8.3.1/../../../../pic32c/lib/thumb/v8-m.base/nofp\libc-size-musl.a(memset.o)
 .comment       0x000000000000002b       0x2c c:/program files/microchip/xc32/v4.60/bin/bin/../../lib/gcc/pic32c/8.3.1/../../../../pic32c/lib/thumb/v8-m.base/nofp\libc-size-musl.a(strlen.o)
 .comment       0x000000000000002b       0x2c c:/program files/microchip/xc32/v4.60/bin/bin/../../lib/gcc/pic32c/8.3.1/../../../../pic32c/lib/thumb/v8-m.base/nofp\libg-musl.a(__libc_start_main.o)
 .comment       0x000000000000002b       0x2c c:/program files/microchip/xc32/v4.60/bin/bin/../../lib/gcc/pic32c/8.3.1/../../../../pic32c/lib/thumb/v8-m.base/nofp\libg-musl.a(libc.o)
 .comment       0x000000000000002b       0x2c c:/program files/microchip/xc32/v4.60/bin/bin/../../lib/gcc/pic32c/8.3.1/../../../../pic32c/lib/thumb/v8-m.base/nofp\libg-musl.a(__environ.o)
 .comment       0x000000000000002b       0x2c c:/program files/microchip/xc32/v4.60/bin/bin/../../lib/gcc/pic32c/8.3.1/thumb/v8-m.base/nofp/crtend.o
 .comment       0x000000000000002b       0x2c c:/program files/microchip/xc32/v4.60/bin/bin/../../lib/gcc/pic32c/8.3.1/../../../../pic32c/lib/thumb/v8-m.base/nofp\libpic32c.a(pic32_data_init_clear.o)
 .comment       0x000000000000002b       0x2c c:/program files/microchip/xc32/v4.60/bin/bin/../../lib/gcc/pic32c/8.3.1/../../../../pic32c/lib/thumb/v8-m.base/nofp\libpic32c.a(pic32_data_init_copy.o)

.debug_info     0x0000000000000000     0x5cc6
 .debug_info    0x0000000000000000      0x731 build/default/debug/main.o
 .debug_info    0x0000000000000731      0x3d8 build/default/debug/irq_handlers.o
 .debug_info    0x0000000000000b09     0x17e2 build/default/debug/platform.o
 .debug_info    0x00000000000022eb     0x11c7 build/default/debug/usart.o
 .debug_info    0x00000000000034b2      0x37e build/default/debug/locomotion.o
 .debug_info    0x0000000000003830      0xc5b build/default/debug/wall_following.o
 .debug_info    0x000000000000448b      0x4a7 build/default/debug/line_following.o
 .debug_info    0x0000000000004932      0x32a build/default/debug/check_sensors.o
 .debug_info    0x0000000000004c5c      0x742 C:\Users\Jami\AppData\Local\Temp\ccQEUH0B.o
 .debug_info    0x000000000000539e       0x68 c:/program files/microchip/xc32/v4.60/bin/bin/../../lib/gcc/pic32c/8.3.1/../../../../pic32c/lib/thumb/v8-m.base/nofp\libpic32c.a(data_init.o)
 .debug_info    0x0000000000005406       0xda c:/program files/microchip/xc32/v4.60/bin/bin/../../lib/gcc/pic32c/8.3.1/../../../../pic32c/lib/thumb/v8-m.base/nofp\libc-size-musl.a(memcmp.o)
 .debug_info    0x00000000000054e0       0xbb c:/program files/microchip/xc32/v4.60/bin/bin/../../lib/gcc/pic32c/8.3.1/../../../../pic32c/lib/thumb/v8-m.base/nofp\libc-size-musl.a(memset.o)
 .debug_info    0x000000000000559b       0xa4 c:/program files/microchip/xc32/v4.60/bin/bin/../../lib/gcc/pic32c/8.3.1/../../../../pic32c/lib/thumb/v8-m.base/nofp\libc-size-musl.a(strlen.o)
 .debug_info    0x000000000000563f      0x2fb c:/program files/microchip/xc32/v4.60/bin/bin/../../lib/gcc/pic32c/8.3.1/../../../../pic32c/lib/thumb/v8-m.base/nofp\libg-musl.a(__libc_start_main.o)
 .debug_info    0x000000000000593a      0x276 c:/program files/microchip/xc32/v4.60/bin/bin/../../lib/gcc/pic32c/8.3.1/../../../../pic32c/lib/thumb/v8-m.base/nofp\libg-musl.a(libc.o)
 .debug_info    0x0000000000005bb0       0x97 c:/program files/microchip/xc32/v4.60/bin/bin/../../lib/gcc/pic32c/8.3.1/../../../../pic32c/lib/thumb/v8-m.base/nofp\libg-musl.a(__environ.o)
 .debug_info    0x0000000000005c47       0x3f c:/program files/microchip/xc32/v4.60/bin/bin/../../lib/gcc/pic32c/8.3.1/../../../../pic32c/lib/thumb/v8-m.base/nofp\libpic32c.a(pic32_data_init_clear.o)
 .debug_info    0x0000000000005c86       0x40 c:/program files/microchip/xc32/v4.60/bin/bin/../../lib/gcc/pic32c/8.3.1/../../../../pic32c/lib/thumb/v8-m.base/nofp\libpic32c.a(pic32_data_init_copy.o)

.debug_abbrev   0x0000000000000000     0x131f
 .debug_abbrev  0x0000000000000000      0x217 build/default/debug/main.o
 .debug_abbrev  0x0000000000000217      0x15f build/default/debug/irq_handlers.o
 .debug_abbrev  0x0000000000000376      0x20f build/default/debug/platform.o
 .debug_abbrev  0x0000000000000585      0x262 build/default/debug/usart.o
 .debug_abbrev  0x00000000000007e7       0xcb build/default/debug/locomotion.o
 .debug_abbrev  0x00000000000008b2      0x26e build/default/debug/wall_following.o
 .debug_abbrev  0x0000000000000b20      0x140 build/default/debug/line_following.o
 .debug_abbrev  0x0000000000000c60       0xb3 build/default/debug/check_sensors.o
 .debug_abbrev  0x0000000000000d13      0x129 C:\Users\Jami\AppData\Local\Temp\ccQEUH0B.o
 .debug_abbrev  0x0000000000000e3c       0x44 c:/program files/microchip/xc32/v4.60/bin/bin/../../lib/gcc/pic32c/8.3.1/../../../../pic32c/lib/thumb/v8-m.base/nofp\libpic32c.a(data_init.o)
 .debug_abbrev  0x0000000000000e80       0xa7 c:/program files/microchip/xc32/v4.60/bin/bin/../../lib/gcc/pic32c/8.3.1/../../../../pic32c/lib/thumb/v8-m.base/nofp\libc-size-musl.a(memcmp.o)
 .debug_abbrev  0x0000000000000f27       0xa2 c:/program files/microchip/xc32/v4.60/bin/bin/../../lib/gcc/pic32c/8.3.1/../../../../pic32c/lib/thumb/v8-m.base/nofp\libc-size-musl.a(memset.o)
 .debug_abbrev  0x0000000000000fc9       0x91 c:/program files/microchip/xc32/v4.60/bin/bin/../../lib/gcc/pic32c/8.3.1/../../../../pic32c/lib/thumb/v8-m.base/nofp\libc-size-musl.a(strlen.o)
 .debug_abbrev  0x000000000000105a      0x133 c:/program files/microchip/xc32/v4.60/bin/bin/../../lib/gcc/pic32c/8.3.1/../../../../pic32c/lib/thumb/v8-m.base/nofp\libg-musl.a(__libc_start_main.o)
 .debug_abbrev  0x000000000000118d       0xd4 c:/program files/microchip/xc32/v4.60/bin/bin/../../lib/gcc/pic32c/8.3.1/../../../../pic32c/lib/thumb/v8-m.base/nofp\libg-musl.a(libc.o)
 .debug_abbrev  0x0000000000001261       0x62 c:/program files/microchip/xc32/v4.60/bin/bin/../../lib/gcc/pic32c/8.3.1/../../../../pic32c/lib/thumb/v8-m.base/nofp\libg-musl.a(__environ.o)
 .debug_abbrev  0x00000000000012c3       0x2e c:/program files/microchip/xc32/v4.60/bin/bin/../../lib/gcc/pic32c/8.3.1/../../../../pic32c/lib/thumb/v8-m.base/nofp\libpic32c.a(pic32_data_init_clear.o)
 .debug_abbrev  0x00000000000012f1       0x2e c:/program files/microchip/xc32/v4.60/bin/bin/../../lib/gcc/pic32c/8.3.1/../../../../pic32c/lib/thumb/v8-m.base/nofp\libpic32c.a(pic32_data_init_copy.o)

.debug_loc      0x0000000000000000     0x11c0
 .debug_loc     0x0000000000000000       0xa8 build/default/debug/main.o
 .debug_loc     0x00000000000000a8      0x1c8 build/default/debug/irq_handlers.o
 .debug_loc     0x0000000000000270      0x264 build/default/debug/platform.o
 .debug_loc     0x00000000000004d4      0x214 build/default/debug/usart.o
 .debug_loc     0x00000000000006e8      0x1e4 build/default/debug/locomotion.o
 .debug_loc     0x00000000000008cc      0x3e6 build/default/debug/wall_following.o
 .debug_loc     0x0000000000000cb2       0xd4 build/default/debug/line_following.o
 .debug_loc     0x0000000000000d86      0x108 build/default/debug/check_sensors.o
 .debug_loc     0x0000000000000e8e       0x14 c:/program files/microchip/xc32/v4.60/bin/bin/../../lib/gcc/pic32c/8.3.1/../../../../pic32c/lib/thumb/v8-m.base/nofp\libpic32c.a(data_init.o)
 .debug_loc     0x0000000000000ea2      0x15e c:/program files/microchip/xc32/v4.60/bin/bin/../../lib/gcc/pic32c/8.3.1/../../../../pic32c/lib/thumb/v8-m.base/nofp\libc-size-musl.a(memcmp.o)
 .debug_loc     0x0000000000001000       0xcd c:/program files/microchip/xc32/v4.60/bin/bin/../../lib/gcc/pic32c/8.3.1/../../../../pic32c/lib/thumb/v8-m.base/nofp\libc-size-musl.a(memset.o)
 .debug_loc     0x00000000000010cd       0x81 c:/program files/microchip/xc32/v4.60/bin/bin/../../lib/gcc/pic32c/8.3.1/../../../../pic32c/lib/thumb/v8-m.base/nofp\libc-size-musl.a(strlen.o)
 .debug_loc     0x000000000000114e       0x5e c:/program files/microchip/xc32/v4.60/bin/bin/../../lib/gcc/pic32c/8.3.1/../../../../pic32c/lib/thumb/v8-m.base/nofp\libg-musl.a(__libc_start_main.o)
 .debug_loc     0x00000000000011ac       0x14 c:/program files/microchip/xc32/v4.60/bin/bin/../../lib/gcc/pic32c/8.3.1/../../../../pic32c/lib/thumb/v8-m.base/nofp\libpic32c.a(pic32_data_init_copy.o)

.debug_aranges  0x0000000000000000      0x250
 .debug_aranges
                0x0000000000000000       0x20 build/default/debug/main.o
 .debug_aranges
                0x0000000000000020       0x20 build/default/debug/irq_handlers.o
 .debug_aranges
                0x0000000000000040       0x20 build/default/debug/platform.o
 .debug_aranges
                0x0000000000000060       0x20 build/default/debug/usart.o
 .debug_aranges
                0x0000000000000080       0x20 build/default/debug/locomotion.o
 .debug_aranges
                0x00000000000000a0       0x20 build/default/debug/wall_following.o
 .debug_aranges
                0x00000000000000c0       0x20 build/default/debug/line_following.o
 .debug_aranges
                0x00000000000000e0       0x20 build/default/debug/check_sensors.o
 .debug_aranges
                0x0000000000000100       0x28 C:\Users\Jami\AppData\Local\Temp\ccQEUH0B.o
 .debug_aranges
                0x0000000000000128       0x30 c:/program files/microchip/xc32/v4.60/bin/bin/../../lib/gcc/pic32c/8.3.1/../../../../pic32c/lib/thumb/v8-m.base/nofp\libpic32c.a(data_init.o)
 .debug_aranges
                0x0000000000000158       0x20 c:/program files/microchip/xc32/v4.60/bin/bin/../../lib/gcc/pic32c/8.3.1/../../../../pic32c/lib/thumb/v8-m.base/nofp\libc-size-musl.a(memcmp.o)
 .debug_aranges
                0x0000000000000178       0x20 c:/program files/microchip/xc32/v4.60/bin/bin/../../lib/gcc/pic32c/8.3.1/../../../../pic32c/lib/thumb/v8-m.base/nofp\libc-size-musl.a(memset.o)
 .debug_aranges
                0x0000000000000198       0x20 c:/program files/microchip/xc32/v4.60/bin/bin/../../lib/gcc/pic32c/8.3.1/../../../../pic32c/lib/thumb/v8-m.base/nofp\libc-size-musl.a(strlen.o)
 .debug_aranges
                0x00000000000001b8       0x28 c:/program files/microchip/xc32/v4.60/bin/bin/../../lib/gcc/pic32c/8.3.1/../../../../pic32c/lib/thumb/v8-m.base/nofp\libg-musl.a(__libc_start_main.o)
 .debug_aranges
                0x00000000000001e0       0x18 c:/program files/microchip/xc32/v4.60/bin/bin/../../lib/gcc/pic32c/8.3.1/../../../../pic32c/lib/thumb/v8-m.base/nofp\libg-musl.a(libc.o)
 .debug_aranges
                0x00000000000001f8       0x18 c:/program files/microchip/xc32/v4.60/bin/bin/../../lib/gcc/pic32c/8.3.1/../../../../pic32c/lib/thumb/v8-m.base/nofp\libg-musl.a(__environ.o)
 .debug_aranges
                0x0000000000000210       0x20 c:/program files/microchip/xc32/v4.60/bin/bin/../../lib/gcc/pic32c/8.3.1/../../../../pic32c/lib/thumb/v8-m.base/nofp\libpic32c.a(pic32_data_init_clear.o)
 .debug_aranges
                0x0000000000000230       0x20 c:/program files/microchip/xc32/v4.60/bin/bin/../../lib/gcc/pic32c/8.3.1/../../../../pic32c/lib/thumb/v8-m.base/nofp\libpic32c.a(pic32_data_init_copy.o)

.debug_line     0x0000000000000000     0x29c8
 .debug_line    0x0000000000000000      0x4de build/default/debug/main.o
 .debug_line    0x00000000000004de      0x228 build/default/debug/irq_handlers.o
 .debug_line    0x0000000000000706      0x6d1 build/default/debug/platform.o
 .debug_line    0x0000000000000dd7      0x4c2 build/default/debug/usart.o
 .debug_line    0x0000000000001299      0x17d build/default/debug/locomotion.o
 .debug_line    0x0000000000001416      0x792 build/default/debug/wall_following.o
 .debug_line    0x0000000000001ba8      0x2da build/default/debug/line_following.o
 .debug_line    0x0000000000001e82      0x16d build/default/debug/check_sensors.o
 .debug_line    0x0000000000001fef      0x220 C:\Users\Jami\AppData\Local\Temp\ccQEUH0B.o
 .debug_line    0x000000000000220f       0xa5 c:/program files/microchip/xc32/v4.60/bin/bin/../../lib/gcc/pic32c/8.3.1/../../../../pic32c/lib/thumb/v8-m.base/nofp\libpic32c.a(data_init.o)
 .debug_line    0x00000000000022b4       0xdd c:/program files/microchip/xc32/v4.60/bin/bin/../../lib/gcc/pic32c/8.3.1/../../../../pic32c/lib/thumb/v8-m.base/nofp\libc-size-musl.a(memcmp.o)
 .debug_line    0x0000000000002391       0xe3 c:/program files/microchip/xc32/v4.60/bin/bin/../../lib/gcc/pic32c/8.3.1/../../../../pic32c/lib/thumb/v8-m.base/nofp\libc-size-musl.a(memset.o)
 .debug_line    0x0000000000002474       0xee c:/program files/microchip/xc32/v4.60/bin/bin/../../lib/gcc/pic32c/8.3.1/../../../../pic32c/lib/thumb/v8-m.base/nofp\libc-size-musl.a(strlen.o)
 .debug_line    0x0000000000002562      0x1bf c:/program files/microchip/xc32/v4.60/bin/bin/../../lib/gcc/pic32c/8.3.1/../../../../pic32c/lib/thumb/v8-m.base/nofp\libg-musl.a(__libc_start_main.o)
 .debug_line    0x0000000000002721       0xb5 c:/program files/microchip/xc32/v4.60/bin/bin/../../lib/gcc/pic32c/8.3.1/../../../../pic32c/lib/thumb/v8-m.base/nofp\libg-musl.a(libc.o)
 .debug_line    0x00000000000027d6       0xfb c:/program files/microchip/xc32/v4.60/bin/bin/../../lib/gcc/pic32c/8.3.1/../../../../pic32c/lib/thumb/v8-m.base/nofp\libg-musl.a(__environ.o)
 .debug_line    0x00000000000028d1       0x6f c:/program files/microchip/xc32/v4.60/bin/bin/../../lib/gcc/pic32c/8.3.1/../../../../pic32c/lib/thumb/v8-m.base/nofp\libpic32c.a(pic32_data_init_clear.o)
 .debug_line    0x0000000000002940       0x88 c:/program files/microchip/xc32/v4.60/bin/bin/../../lib/gcc/pic32c/8.3.1/../../../../pic32c/lib/thumb/v8-m.base/nofp\libpic32c.a(pic32_data_init_copy.o)

.debug_str      0x0000000000000000     0x58f2
 .debug_str     0x0000000000000000      0x5cb build/default/debug/main.o
 .debug_str     0x00000000000005cb      0x464 build/default/debug/irq_handlers.o
 .debug_str     0x0000000000000a2f     0x12ac build/default/debug/platform.o
 .debug_str     0x0000000000001cdb      0x837 build/default/debug/usart.o
 .debug_str     0x0000000000002512      0x3e7 build/default/debug/locomotion.o
 .debug_str     0x00000000000028f9      0x86c build/default/debug/wall_following.o
 .debug_str     0x0000000000003165      0x442 build/default/debug/line_following.o
 .debug_str     0x00000000000035a7      0x3d1 build/default/debug/check_sensors.o
 .debug_str     0x0000000000003978      0x9f6 C:\Users\Jami\AppData\Local\Temp\ccQEUH0B.o
 .debug_str     0x000000000000436e      0x209 c:/program files/microchip/xc32/v4.60/bin/bin/../../lib/gcc/pic32c/8.3.1/../../../../pic32c/lib/thumb/v8-m.base/nofp\libpic32c.a(data_init.o)
 .debug_str     0x0000000000004577      0x21c c:/program files/microchip/xc32/v4.60/bin/bin/../../lib/gcc/pic32c/8.3.1/../../../../pic32c/lib/thumb/v8-m.base/nofp\libc-size-musl.a(memcmp.o)
 .debug_str     0x0000000000004793      0x21e c:/program files/microchip/xc32/v4.60/bin/bin/../../lib/gcc/pic32c/8.3.1/../../../../pic32c/lib/thumb/v8-m.base/nofp\libc-size-musl.a(memset.o)
 .debug_str     0x00000000000049b1      0x224 c:/program files/microchip/xc32/v4.60/bin/bin/../../lib/gcc/pic32c/8.3.1/../../../../pic32c/lib/thumb/v8-m.base/nofp\libc-size-musl.a(strlen.o)
 .debug_str     0x0000000000004bd5      0x3d7 c:/program files/microchip/xc32/v4.60/bin/bin/../../lib/gcc/pic32c/8.3.1/../../../../pic32c/lib/thumb/v8-m.base/nofp\libg-musl.a(__libc_start_main.o)
 .debug_str     0x0000000000004fac      0x342 c:/program files/microchip/xc32/v4.60/bin/bin/../../lib/gcc/pic32c/8.3.1/../../../../pic32c/lib/thumb/v8-m.base/nofp\libg-musl.a(libc.o)
 .debug_str     0x00000000000052ee      0x242 c:/program files/microchip/xc32/v4.60/bin/bin/../../lib/gcc/pic32c/8.3.1/../../../../pic32c/lib/thumb/v8-m.base/nofp\libg-musl.a(__environ.o)
 .debug_str     0x0000000000005530      0x1e2 c:/program files/microchip/xc32/v4.60/bin/bin/../../lib/gcc/pic32c/8.3.1/../../../../pic32c/lib/thumb/v8-m.base/nofp\libpic32c.a(pic32_data_init_clear.o)
 .debug_str     0x0000000000005712      0x1e0 c:/program files/microchip/xc32/v4.60/bin/bin/../../lib/gcc/pic32c/8.3.1/../../../../pic32c/lib/thumb/v8-m.base/nofp\libpic32c.a(pic32_data_init_copy.o)

.debug_frame    0x0000000000000000      0xa98
 .debug_frame   0x0000000000000000       0x70 build/default/debug/main.o
 .debug_frame   0x0000000000000070      0x120 build/default/debug/irq_handlers.o
 .debug_frame   0x0000000000000190      0x17c build/default/debug/platform.o
 .debug_frame   0x000000000000030c      0x154 build/default/debug/usart.o
 .debug_frame   0x0000000000000460      0x144 build/default/debug/locomotion.o
 .debug_frame   0x00000000000005a4      0x24c build/default/debug/wall_following.o
 .debug_frame   0x00000000000007f0       0x8c build/default/debug/line_following.o
 .debug_frame   0x000000000000087c       0xb8 build/default/debug/check_sensors.o
 .debug_frame   0x0000000000000934       0x30 C:\Users\Jami\AppData\Local\Temp\ccQEUH0B.o
 .debug_frame   0x0000000000000964       0x48 c:/program files/microchip/xc32/v4.60/bin/bin/../../lib/gcc/pic32c/8.3.1/../../../../pic32c/lib/thumb/v8-m.base/nofp\libpic32c.a(data_init.o)
 .debug_frame   0x00000000000009ac       0x2c c:/program files/microchip/xc32/v4.60/bin/bin/../../lib/gcc/pic32c/8.3.1/../../../../pic32c/lib/thumb/v8-m.base/nofp\libc-size-musl.a(memcmp.o)
 .debug_frame   0x00000000000009d8       0x20 c:/program files/microchip/xc32/v4.60/bin/bin/../../lib/gcc/pic32c/8.3.1/../../../../pic32c/lib/thumb/v8-m.base/nofp\libc-size-musl.a(memset.o)
 .debug_frame   0x00000000000009f8       0x20 c:/program files/microchip/xc32/v4.60/bin/bin/../../lib/gcc/pic32c/8.3.1/../../../../pic32c/lib/thumb/v8-m.base/nofp\libc-size-musl.a(strlen.o)
 .debug_frame   0x0000000000000a18       0x38 c:/program files/microchip/xc32/v4.60/bin/bin/../../lib/gcc/pic32c/8.3.1/../../../../pic32c/lib/thumb/v8-m.base/nofp\libg-musl.a(__libc_start_main.o)
 .debug_frame   0x0000000000000a50       0x20 c:/program files/microchip/xc32/v4.60/bin/bin/../../lib/gcc/pic32c/8.3.1/../../../../pic32c/lib/thumb/v8-m.base/nofp\libpic32c.a(pic32_data_init_clear.o)
 .debug_frame   0x0000000000000a70       0x28 c:/program files/microchip/xc32/v4.60/bin/bin/../../lib/gcc/pic32c/8.3.1/../../../../pic32c/lib/thumb/v8-m.base/nofp\libpic32c.a(pic32_data_init_copy.o)

.debug_ranges   0x0000000000000000      0x138
 .debug_ranges  0x0000000000000000       0x18 build/default/debug/wall_following.o
 .debug_ranges  0x0000000000000018       0x60 build/default/debug/line_following.o
 .debug_ranges  0x0000000000000078       0x18 C:\Users\Jami\AppData\Local\Temp\ccQEUH0B.o
 .debug_ranges  0x0000000000000090       0x20 c:/program files/microchip/xc32/v4.60/bin/bin/../../lib/gcc/pic32c/8.3.1/../../../../pic32c/lib/thumb/v8-m.base/nofp\libpic32c.a(data_init.o)
 .debug_ranges  0x00000000000000b0       0x10 c:/program files/microchip/xc32/v4.60/bin/bin/../../lib/gcc/pic32c/8.3.1/../../../../pic32c/lib/thumb/v8-m.base/nofp\libc-size-musl.a(memcmp.o)
 .debug_ranges  0x00000000000000c0       0x10 c:/program files/microchip/xc32/v4.60/bin/bin/../../lib/gcc/pic32c/8.3.1/../../../../pic32c/lib/thumb/v8-m.base/nofp\libc-size-musl.a(memset.o)
 .debug_ranges  0x00000000000000d0       0x10 c:/program files/microchip/xc32/v4.60/bin/bin/../../lib/gcc/pic32c/8.3.1/../../../../pic32c/lib/thumb/v8-m.base/nofp\libc-size-musl.a(strlen.o)
 .debug_ranges  0x00000000000000e0       0x38 c:/program files/microchip/xc32/v4.60/bin/bin/../../lib/gcc/pic32c/8.3.1/../../../../pic32c/lib/thumb/v8-m.base/nofp\libg-musl.a(__libc_start_main.o)
 .debug_ranges  0x0000000000000118       0x10 c:/program files/microchip/xc32/v4.60/bin/bin/../../lib/gcc/pic32c/8.3.1/../../../../pic32c/lib/thumb/v8-m.base/nofp\libpic32c.a(pic32_data_init_clear.o)
 .debug_ranges  0x0000000000000128       0x10 c:/program files/microchip/xc32/v4.60/bin/bin/../../lib/gcc/pic32c/8.3.1/../../../../pic32c/lib/thumb/v8-m.base/nofp\libpic32c.a(pic32_data_init_copy.o)

.note.GNU-stack
                0x0000000000000000        0x0
 .note.GNU-stack
                0x0000000000000000        0x0 c:/program files/microchip/xc32/v4.60/bin/bin/../../lib/gcc/pic32c/8.3.1/../../../../pic32c/lib/thumb/v8-m.base/nofp\libc-size-musl.a(memcmp.o)
 .note.GNU-stack
                0x0000000000000000        0x0 c:/program files/microchip/xc32/v4.60/bin/bin/../../lib/gcc/pic32c/8.3.1/../../../../pic32c/lib/thumb/v8-m.base/nofp\libc-size-musl.a(memset.o)
 .note.GNU-stack
                0x0000000000000000        0x0 c:/program files/microchip/xc32/v4.60/bin/bin/../../lib/gcc/pic32c/8.3.1/../../../../pic32c/lib/thumb/v8-m.base/nofp\libc-size-musl.a(strlen.o)
 .note.GNU-stack
                0x0000000000000000        0x0 c:/program files/microchip/xc32/v4.60/bin/bin/../../lib/gcc/pic32c/8.3.1/../../../../pic32c/lib/thumb/v8-m.base/nofp\libg-musl.a(__libc_start_main.o)
 .note.GNU-stack
                0x0000000000000000        0x0 c:/program files/microchip/xc32/v4.60/bin/bin/../../lib/gcc/pic32c/8.3.1/../../../../pic32c/lib/thumb/v8-m.base/nofp\libg-musl.a(libc.o)
 .note.GNU-stack
                0x0000000000000000        0x0 c:/program files/microchip/xc32/v4.60/bin/bin/../../lib/gcc/pic32c/8.3.1/../../../../pic32c/lib/thumb/v8-m.base/nofp\libg-musl.a(__environ.o)

.stack          0x0000000020000300      0x100
 .stack         0x0000000020000300      0x100 stack

.bss%1          0x0000000020000000      0x154
 .bss           0x0000000020000000      0x154 build/default/debug/main.o
                0x0000000020000000                idx_message
                0x0000000020000004                us_left_status
                0x0000000020000005                us_center_status
                0x0000000020000006                us_right_status
                0x0000000020000007                ir_left_status
                0x0000000020000008                ir_center_status
                0x0000000020000009                ir_right_status
                0x000000002000000c                speed
                0x0000000020000010                setting
                0x0000000020000014                setting_ptr
                0x0000000020000020                ps

.bss%2          0x0000000020000154       0xa8
 .bss           0x0000000020000154       0xa8 build/default/debug/usart.o

.bss%3          0x00000000200001fc       0x50
 .bss           0x00000000200001fc       0x50 c:/program files/microchip/xc32/v4.60/bin/bin/../../lib/gcc/pic32c/8.3.1/../../../../pic32c/lib/thumb/v8-m.base/nofp\libg-musl.a(libc.o)
                0x00000000200001fc                __progname_full
                0x00000000200001fc                program_invocation_name
                0x0000000020000200                program_invocation_short_name
                0x0000000020000200                __progname
                0x0000000020000204                __sysinfo
                0x0000000020000208                __hwcap
                0x000000002000020c                __libc

.bss%4          0x000000002000024c       0x3a
 .bss           0x000000002000024c       0x3a build/default/debug/wall_following.o

.bss%5          0x0000000020000288       0x1c
 .bss           0x0000000020000288       0x1c c:/program files/microchip/xc32/v4.60/bin/bin/../../lib/gcc/pic32c/8.3.1/thumb/v8-m.base/nofp/crtbegin.o

.bss%6          0x00000000200002a4       0x10
 .bss           0x00000000200002a4       0x10 build/default/debug/irq_handlers.o

.bss%7          0x00000000200002b4        0xc
 .bss           0x00000000200002b4        0xc build/default/debug/line_following.o

.bss%8          0x00000000200002c0        0x4
 .bss           0x00000000200002c0        0x4 c:/program files/microchip/xc32/v4.60/bin/bin/../../lib/gcc/pic32c/8.3.1/../../../../pic32c/lib/thumb/v8-m.base/nofp\libpic32c.a(data_init.o)

.bss%9          0x00000000200002c4        0x4
 .bss           0x00000000200002c4        0x4 c:/program files/microchip/xc32/v4.60/bin/bin/../../lib/gcc/pic32c/8.3.1/../../../../pic32c/lib/thumb/v8-m.base/nofp\libg-musl.a(__environ.o)
                0x00000000200002c4                __environ
                0x00000000200002c4                environ
                0x00000000200002c4                ___environ
                0x00000000200002c4                _environ

.bss%z1         0x0000000000000000        0x0
 .bss           0x0000000000000000        0x0 c:/program files/microchip/xc32/v4.60/bin/bin/../../lib/gcc/pic32c/8.3.1/../../../../pic32c/lib/thumb/v8-m.base/nofp\libpic32c.a(pic32_data_init_copy.o)

.bss%z2         0x0000000000000000        0x0
 .bss           0x0000000000000000        0x0 c:/program files/microchip/xc32/v4.60/bin/bin/../../lib/gcc/pic32c/8.3.1/../../../../pic32c/lib/thumb/v8-m.base/nofp\libpic32c.a(pic32_data_init_clear.o)

.bss%z3         0x0000000000000000        0x0
 .bss           0x0000000000000000        0x0 c:/program files/microchip/xc32/v4.60/bin/bin/../../lib/gcc/pic32c/8.3.1/thumb/v8-m.base/nofp/crtn.o

.bss%z4         0x0000000000000000        0x0
 .bss           0x0000000000000000        0x0 c:/program files/microchip/xc32/v4.60/bin/bin/../../lib/gcc/pic32c/8.3.1/thumb/v8-m.base/nofp/crtend.o

.bss%z5         0x0000000000000000        0x0
 .bss           0x0000000000000000        0x0 c:/program files/microchip/xc32/v4.60/bin/bin/../../lib/gcc/pic32c/8.3.1/../../../../pic32c/lib/thumb/v8-m.base/nofp\libg-musl.a(__libc_start_main.o)

.bss%z6         0x0000000000000000        0x0
 .bss           0x0000000000000000        0x0 c:/program files/microchip/xc32/v4.60/bin/bin/../../lib/gcc/pic32c/8.3.1/../../../../pic32c/lib/thumb/v8-m.base/nofp\libc-size-musl.a(strlen.o)

.bss%z7         0x0000000000000000        0x0
 .bss           0x0000000000000000        0x0 c:/program files/microchip/xc32/v4.60/bin/bin/../../lib/gcc/pic32c/8.3.1/../../../../pic32c/lib/thumb/v8-m.base/nofp\libc-size-musl.a(memset.o)

.bss%z8         0x0000000000000000        0x0
 .bss           0x0000000000000000        0x0 c:/program files/microchip/xc32/v4.60/bin/bin/../../lib/gcc/pic32c/8.3.1/../../../../pic32c/lib/thumb/v8-m.base/nofp\libc-size-musl.a(memcmp.o)

.bss%z9         0x0000000000000000        0x0
 .bss           0x0000000000000000        0x0 C:\Users\Jami\AppData\Local\Temp\ccQEUH0B.o

.bss%z10        0x0000000000000000        0x0
 .bss           0x0000000000000000        0x0 build/default/debug/check_sensors.o

.bss%z11        0x0000000000000000        0x0
 .bss           0x0000000000000000        0x0 build/default/debug/locomotion.o

.bss%z12        0x0000000000000000        0x0
 .bss           0x0000000000000000        0x0 build/default/debug/platform.o

.bss%z13        0x0000000000000000        0x0
 .bss           0x0000000000000000        0x0 c:/program files/microchip/xc32/v4.60/bin/bin/../../lib/gcc/pic32c/8.3.1/thumb/v8-m.base/nofp/crti.o

.data%10        0x00000000200002c8        0x4
 .data          0x00000000200002c8        0x4 c:/program files/microchip/xc32/v4.60/bin/bin/../../lib/gcc/pic32c/8.3.1/thumb/v8-m.base/nofp/crtbegin.o
                0x00000000200002c8                __dso_handle

.eh_frame%11    0x00000000200002cc        0x4
 .eh_frame      0x00000000200002cc        0x4 c:/program files/microchip/xc32/v4.60/bin/bin/../../lib/gcc/pic32c/8.3.1/thumb/v8-m.base/nofp/crtend.o

.data%z14       0x0000000000000000        0x0
 .data          0x0000000000000000        0x0 c:/program files/microchip/xc32/v4.60/bin/bin/../../lib/gcc/pic32c/8.3.1/../../../../pic32c/lib/thumb/v8-m.base/nofp\libpic32c.a(pic32_data_init_copy.o)

.data%z15       0x0000000000000000        0x0
 .data          0x0000000000000000        0x0 c:/program files/microchip/xc32/v4.60/bin/bin/../../lib/gcc/pic32c/8.3.1/../../../../pic32c/lib/thumb/v8-m.base/nofp\libpic32c.a(pic32_data_init_clear.o)

.data%z16       0x0000000000000000        0x0
 .data          0x0000000000000000        0x0 c:/program files/microchip/xc32/v4.60/bin/bin/../../lib/gcc/pic32c/8.3.1/thumb/v8-m.base/nofp/crtn.o

.data%z17       0x0000000000000000        0x0
 .data          0x0000000000000000        0x0 c:/program files/microchip/xc32/v4.60/bin/bin/../../lib/gcc/pic32c/8.3.1/thumb/v8-m.base/nofp/crtend.o

.data%z18       0x0000000000000000        0x0
 .data          0x0000000000000000        0x0 c:/program files/microchip/xc32/v4.60/bin/bin/../../lib/gcc/pic32c/8.3.1/../../../../pic32c/lib/thumb/v8-m.base/nofp\libg-musl.a(__environ.o)

.data%z19       0x0000000000000000        0x0
 .data          0x0000000000000000        0x0 c:/program files/microchip/xc32/v4.60/bin/bin/../../lib/gcc/pic32c/8.3.1/../../../../pic32c/lib/thumb/v8-m.base/nofp\libg-musl.a(libc.o)

.data%z20       0x0000000000000000        0x0
 .data          0x0000000000000000        0x0 c:/program files/microchip/xc32/v4.60/bin/bin/../../lib/gcc/pic32c/8.3.1/../../../../pic32c/lib/thumb/v8-m.base/nofp\libg-musl.a(__libc_start_main.o)

.data%z21       0x0000000000000000        0x0
 .data          0x0000000000000000        0x0 c:/program files/microchip/xc32/v4.60/bin/bin/../../lib/gcc/pic32c/8.3.1/../../../../pic32c/lib/thumb/v8-m.base/nofp\libc-size-musl.a(strlen.o)

.data%z22       0x0000000000000000        0x0
 .data          0x0000000000000000        0x0 c:/program files/microchip/xc32/v4.60/bin/bin/../../lib/gcc/pic32c/8.3.1/../../../../pic32c/lib/thumb/v8-m.base/nofp\libc-size-musl.a(memset.o)

.data%z23       0x0000000000000000        0x0
 .data          0x0000000000000000        0x0 c:/program files/microchip/xc32/v4.60/bin/bin/../../lib/gcc/pic32c/8.3.1/../../../../pic32c/lib/thumb/v8-m.base/nofp\libc-size-musl.a(memcmp.o)

.data%z24       0x0000000000000000        0x0
 .data          0x0000000000000000        0x0 c:/program files/microchip/xc32/v4.60/bin/bin/../../lib/gcc/pic32c/8.3.1/../../../../pic32c/lib/thumb/v8-m.base/nofp\libpic32c.a(data_init.o)

.data%z25       0x0000000000000000        0x0
 .data          0x0000000000000000        0x0 C:\Users\Jami\AppData\Local\Temp\ccQEUH0B.o

.data%z26       0x0000000000000000        0x0
 .data          0x0000000000000000        0x0 build/default/debug/check_sensors.o

.data%z27       0x0000000000000000        0x0
 .data          0x0000000000000000        0x0 build/default/debug/line_following.o

.data%z28       0x0000000000000000        0x0
 .data          0x0000000000000000        0x0 build/default/debug/wall_following.o

.data%z29       0x0000000000000000        0x0
 .data          0x0000000000000000        0x0 build/default/debug/locomotion.o

.data%z30       0x0000000000000000        0x0
 .data          0x0000000000000000        0x0 build/default/debug/usart.o

.data%z31       0x0000000000000000        0x0
 .data          0x0000000000000000        0x0 build/default/debug/platform.o

.data%z32       0x0000000000000000        0x0
 .data          0x0000000000000000        0x0 build/default/debug/irq_handlers.o

.data%z33       0x0000000000000000        0x0
 .data          0x0000000000000000        0x0 build/default/debug/main.o

.eh_frame%z34   0x0000000000000000        0x0
 .eh_frame      0x0000000000000000        0x0 c:/program files/microchip/xc32/v4.60/bin/bin/../../lib/gcc/pic32c/8.3.1/thumb/v8-m.base/nofp/crtbegin.o

.data%z35       0x0000000000000000        0x0
 .data          0x0000000000000000        0x0 c:/program files/microchip/xc32/v4.60/bin/bin/../../lib/gcc/pic32c/8.3.1/thumb/v8-m.base/nofp/crti.o

.text%12        0x000000000000017c      0xfec
 .text          0x000000000000017c      0xfec build/default/debug/wall_following.o
                0x000000000000017c                set_a_speed
                0x00000000000001e2                set_b_speed
                0x0000000000000272                delay_ms
                0x00000000000002ac                read_right_sensor_raw
                0x0000000000000360                read_front_sensor_raw
                0x0000000000000410                read_left_sensor_raw
                0x00000000000004b6                init_sensor_pins
                0x000000000000053c                right_raw_to_cm
                0x0000000000000604                front_raw_to_cm
                0x0000000000000694                left_raw_to_cm
                0x0000000000000728                send_string
                0x0000000000000794                get_decision_string
                0x00000000000007ec                get_right_hand_rule_action
                0x0000000000000802                compute_pid_correction
                0x000000000000084c                get_correction_string
                0x00000000000008a4                safe_mode_led
                0x000000000000096c                wall_following_algorithm

.text%13        0x0000000000001168      0xb40
 .text          0x0000000000001168      0xb40 build/default/debug/platform.o
                0x0000000000001298                platform_init_early
                0x00000000000012cc                platform_init_late
                0x0000000000001c72                platform_do_sys_reset

.text%14        0x0000000000001ca8      0xa74
 .text          0x0000000000001ca8      0xa74 build/default/debug/main.o
                0x000000000000255c                main

.text%15        0x000000000000271c      0x848
 .text          0x000000000000271c      0x848 build/default/debug/usart.o
                0x000000000000271c                platform_usart_cdc_init
                0x00000000000028b4                SERCOM3_0_Handler
                0x00000000000029ba                SERCOM3_2_Handler
                0x0000000000002b3e                platform_internal_usart_cdc_systick_handler
                0x0000000000002bb4                platform_usart_cdc_send_async
                0x0000000000002ce8                platform_usart_cdc_send_abort
                0x0000000000002d9a                platform_usart_cdc_tx_busy
                0x0000000000002db8                platform_usart_cdc_recv_async
                0x0000000000002e70                platform_usart_cdc_recv_abort
                0x0000000000002ee4                platform_usart_cdc_recv_get
                0x0000000000002f44                platform_usart_cdc_rx_busy

.text%16        0x0000000000002f64      0x546
 .text          0x0000000000002f64      0x546 build/default/debug/line_following.o
                0x0000000000002f64                set_motors
                0x0000000000002f9e                set_motors_delay
                0x0000000000002fee                find_line
                0x0000000000003016                line_following_algorithm

.rodata%17      0x00000000000034ac      0x528
 .rodata        0x00000000000034ac      0x528 build/default/debug/main.o

.text%18        0x00000000000039d4      0x268
 .text          0x00000000000039d4      0x268 build/default/debug/locomotion.o
                0x00000000000039d4                b_stop
                0x0000000000003a0e                a_stop
                0x0000000000003a54                b_cw
                0x0000000000003a8e                a_cw
                0x0000000000003ad4                b_ccw
                0x0000000000003b0e                a_ccw
                0x0000000000003b54                stop
                0x0000000000003b82                turn_left
                0x0000000000003bb0                turn_right
                0x0000000000003bde                go_forward
                0x0000000000003c0c                go_backward

.text%19        0x0000000000003c3c      0x202
 .text          0x0000000000003c3c      0x202 build/default/debug/irq_handlers.o
                0x0000000000003c3c                platform_systick_count
                0x0000000000003c6a                SysTick_Handler
                0x0000000000003ce2                EIC_EXTINT_0_Handler
                0x0000000000003d14                EIC_EXTINT_1_Handler
                0x0000000000003d46                EIC_EXTINT_2_Handler
                0x0000000000003d78                platform_tick_delta
                0x0000000000003dae                platform_tick_count
                0x0000000000003dde                platform_evt_add
                0x0000000000003e06                platform_evt_get

.text.__aeabi_fadd%20
                0x0000000000003e3e      0x136
 .text.__aeabi_fadd
                0x0000000000003e3e      0x136 c:/program files/microchip/xc32/v4.60/bin/bin/../../lib/gcc/pic32c/8.3.1/../../../../pic32c/lib/thumb/v8-m.base/nofp\libm-fast-emfloat.a(__aeabi_fadd.o)
                0x0000000000003e3e                __aeabi_fadd
                0x0000000000003e42                .L__aeabi_fadd_fast_entry

.rodata%21      0x0000000000003f74       0xc0
 .rodata        0x0000000000003f74       0xc0 build/default/debug/wall_following.o

.text.__aeabi_fmul%22
                0x0000000000004034       0xb6
 .text.__aeabi_fmul
                0x0000000000004034       0xb6 c:/program files/microchip/xc32/v4.60/bin/bin/../../lib/gcc/pic32c/8.3.1/../../../../pic32c/lib/thumb/v8-m.base/nofp\libm-fast-emfloat.a(__aeabi_fmul.o)
                0x0000000000004034                __aeabi_fmul

.text%23        0x00000000000040ea       0xa0
 .text          0x00000000000040ea       0xa0 build/default/debug/check_sensors.o
                0x00000000000040ea                us_left
                0x000000000000410c                us_center
                0x0000000000004118                us_right
                0x0000000000004124                ir_left
                0x0000000000004146                ir_center
                0x0000000000004168                ir_right

.dinit%24       0x000000000000418c       0x90
 .dinit         0x000000000000418c       0x90 data_init

.text.Reset_Handler%25
                0x000000000000421c       0x7e
 .text.Reset_Handler
                0x000000000000421c       0x7e C:\Users\Jami\AppData\Local\Temp\ccQEUH0B.o
                0x000000000000421c                Reset_Handler

.text.__libc_start_init%26
                0x000000000000429c       0x5c
 .text.__libc_start_init
                0x000000000000429c       0x5c c:/program files/microchip/xc32/v4.60/bin/bin/../../lib/gcc/pic32c/8.3.1/../../../../pic32c/lib/thumb/v8-m.base/nofp\libg-musl.a(__libc_start_main.o)
                0x000000000000429c                __libc_init_array

.text%27        0x00000000000042f8       0x40
 .text          0x00000000000042f8       0x40 c:/program files/microchip/xc32/v4.60/bin/bin/../../lib/gcc/pic32c/8.3.1/thumb/v8-m.base/nofp/crtbegin.o

.text.__aeabi_f2iz%28
                0x0000000000004338       0x3e
 .text.__aeabi_f2iz
                0x0000000000004338       0x3e c:/program files/microchip/xc32/v4.60/bin/bin/../../lib/gcc/pic32c/8.3.1/../../../../pic32c/lib/thumb/v8-m.base/nofp\libm-fast-emfloat.a(__aeabi_f2iz.o)
                0x0000000000004338                __aeabi_f2iz

.text.__pic32c_data_initialization%29
                0x0000000000004378       0x34
 .text.__pic32c_data_initialization
                0x0000000000004378       0x34 c:/program files/microchip/xc32/v4.60/bin/bin/../../lib/gcc/pic32c/8.3.1/../../../../pic32c/lib/thumb/v8-m.base/nofp\libpic32c.a(data_init.o)
                0x0000000000004378                __pic32c_data_initialization

.text.__aeabi_fcmpgt%30
                0x00000000000043ac       0x2e
 .text.__aeabi_fcmpgt
                0x00000000000043ac       0x2e c:/program files/microchip/xc32/v4.60/bin/bin/../../lib/gcc/pic32c/8.3.1/../../../../pic32c/lib/thumb/v8-m.base/nofp\libm-fast-emfloat.a(__aeabi_fcmpgt.o)
                0x00000000000043ac                __aeabi_fcmpgt

.text.__aeabi_fcmplt%31
                0x00000000000043da       0x2e
 .text.__aeabi_fcmplt
                0x00000000000043da       0x2e c:/program files/microchip/xc32/v4.60/bin/bin/../../lib/gcc/pic32c/8.3.1/../../../../pic32c/lib/thumb/v8-m.base/nofp\libm-fast-emfloat.a(__aeabi_fcmplt.o)
                0x00000000000043da                __aeabi_fcmplt

.text.__aeabi_i2f%32
                0x0000000000004408       0x26
 .text.__aeabi_i2f
                0x0000000000004408       0x26 c:/program files/microchip/xc32/v4.60/bin/bin/../../lib/gcc/pic32c/8.3.1/../../../../pic32c/lib/thumb/v8-m.base/nofp\libm-fast-emfloat.a(__aeabi_i2f.o)
                0x0000000000004408                __aeabi_i2f

.text.__dinit_copy%33
                0x000000000000442e       0x1e
 .text.__dinit_copy
                0x000000000000442e       0x1e c:/program files/microchip/xc32/v4.60/bin/bin/../../lib/gcc/pic32c/8.3.1/../../../../pic32c/lib/thumb/v8-m.base/nofp\libpic32c.a(pic32_data_init_copy.o)
                0x000000000000442e                __dinit_copy_needed
                0x000000000000442e                __dinit_copy

.text.memcmp%34
                0x000000000000444c       0x1c
 .text.memcmp   0x000000000000444c       0x1c c:/program files/microchip/xc32/v4.60/bin/bin/../../lib/gcc/pic32c/8.3.1/../../../../pic32c/lib/thumb/v8-m.base/nofp\libc-size-musl.a(memcmp.o)
                0x000000000000444c                memcmp

.text.strlen%35
                0x0000000000004468       0x18
 .text.strlen   0x0000000000004468       0x18 c:/program files/microchip/xc32/v4.60/bin/bin/../../lib/gcc/pic32c/8.3.1/../../../../pic32c/lib/thumb/v8-m.base/nofp\libc-size-musl.a(strlen.o)
                0x0000000000004468                strlen

.rodata%36      0x0000000000004480       0x14
 .rodata        0x0000000000004480       0x14 c:/program files/microchip/xc32/v4.60/bin/bin/../../lib/gcc/pic32c/8.3.1/../../../../pic32c/lib/thumb/v8-m.base/nofp\libpic32c.a(data_init.o)

.text.memset%37
                0x0000000000004494       0x14
 .text.memset   0x0000000000004494       0x14 c:/program files/microchip/xc32/v4.60/bin/bin/../../lib/gcc/pic32c/8.3.1/../../../../pic32c/lib/thumb/v8-m.base/nofp\libc-size-musl.a(memset.o)
                0x0000000000004494                memset

.text.__dinit_clear%38
                0x00000000000044a8       0x12
 .text.__dinit_clear
                0x00000000000044a8       0x12 c:/program files/microchip/xc32/v4.60/bin/bin/../../lib/gcc/pic32c/8.3.1/../../../../pic32c/lib/thumb/v8-m.base/nofp\libpic32c.a(pic32_data_init_clear.o)
                0x00000000000044a8                __dinit_clear
                0x00000000000044a8                __dinit_clear_needed

.text.__aeabi_fsub%39
                0x00000000000044ba       0x10
 .text.__aeabi_fsub
                0x00000000000044ba       0x10 c:/program files/microchip/xc32/v4.60/bin/bin/../../lib/gcc/pic32c/8.3.1/../../../../pic32c/lib/thumb/v8-m.base/nofp\libm-fast-emfloat.a(__aeabi_fsub.o)
                0x00000000000044ba                __aeabi_fsub

.text.__dummy_decompress%40
                0x00000000000044ca        0x4
 .text.__dummy_decompress
                0x00000000000044ca        0x4 c:/program files/microchip/xc32/v4.60/bin/bin/../../lib/gcc/pic32c/8.3.1/../../../../pic32c/lib/thumb/v8-m.base/nofp\libpic32c.a(data_init.o)
                0x00000000000044ca                __dinit_decompress
                0x00000000000044ca                __dinit_copy_val_data
                0x00000000000044ca                __dinit_copy_emb

.text.Dummy_Handler%41
                0x00000000000034aa        0x2
 .text.Dummy_Handler
                0x00000000000034aa        0x2 C:\Users\Jami\AppData\Local\Temp\ccQEUH0B.o
                0x00000000000034aa                SVCall_Handler
                0x00000000000034aa                SERCOM0_2_Handler
                0x00000000000034aa                EVSYS_0_Handler
                0x00000000000034aa                TRNG_Handler
                0x00000000000034aa                ADC_RESRDY_Handler
                0x00000000000034aa                HardFault_Handler
                0x00000000000034aa                TC2_Handler
                0x00000000000034aa                AC_Handler
                0x00000000000034aa                DMAC_OTHER_Handler
                0x00000000000034aa                EIC_EXTINT_5_Handler
                0x00000000000034aa                SERCOM3_1_Handler
                0x00000000000034aa                SERCOM4_OTHER_Handler
                0x00000000000034aa                EIC_EXTINT_6_Handler
                0x00000000000034aa                PendSV_Handler
                0x00000000000034aa                EVSYS_3_Handler
                0x00000000000034aa                NonMaskableInt_Handler
                0x00000000000034aa                TCC1_Handler
                0x00000000000034aa                EIC_EXTINT_4_Handler
                0x00000000000034aa                EIC_EXTINT_7_Handler
                0x00000000000034aa                SERCOM0_OTHER_Handler
                0x00000000000034aa                TCC0_Handler
                0x00000000000034aa                SERCOM0_0_Handler
                0x00000000000034aa                RTC_Handler
                0x00000000000034aa                SERCOM4_0_Handler
                0x00000000000034aa                SERCOM1_OTHER_Handler
                0x00000000000034aa                EVSYS_1_Handler
                0x00000000000034aa                DMAC_0_Handler
                0x00000000000034aa                WDT_Handler
                0x00000000000034aa                TRAM_Handler
                0x00000000000034aa                EVSYS_NSCHK_Handler
                0x00000000000034aa                SERCOM5_0_Handler
                0x00000000000034aa                TC1_Handler
                0x00000000000034aa                DAC_UNDERRUN_Handler
                0x00000000000034aa                DAC_EMPTY_Handler
                0x00000000000034aa                PAC_Handler
                0x00000000000034aa                USB_Handler
                0x00000000000034aa                SERCOM4_1_Handler
                0x00000000000034aa                Dummy_Handler
                0x00000000000034aa                SERCOM5_1_Handler
                0x00000000000034aa                DMAC_2_Handler
                0x00000000000034aa                SERCOM0_1_Handler
                0x00000000000034aa                SERCOM5_OTHER_Handler
                0x00000000000034aa                DMAC_1_Handler
                0x00000000000034aa                TCC3_Handler
                0x00000000000034aa                TCC2_Handler
                0x00000000000034aa                SERCOM1_1_Handler
                0x00000000000034aa                EVSYS_7_Handler
                0x00000000000034aa                I2S_Handler
                0x00000000000034aa                NVMCTRL_Handler
                0x00000000000034aa                PORT_Handler
                0x00000000000034aa                SYSTEM_Handler
                0x00000000000034aa                SERCOM1_0_Handler
                0x00000000000034aa                SERCOM2_1_Handler
                0x00000000000034aa                SERCOM1_2_Handler
                0x00000000000034aa                SERCOM4_2_Handler
                0x00000000000034aa                EVSYS_4_Handler
                0x00000000000034aa                SERCOM5_2_Handler
                0x00000000000034aa                SERCOM2_2_Handler
                0x00000000000034aa                EIC_EXTINT_3_Handler
                0x00000000000034aa                SERCOM3_OTHER_Handler
                0x00000000000034aa                PTC_Handler
                0x00000000000034aa                EVSYS_6_Handler
                0x00000000000034aa                EVSYS_5_Handler
                0x00000000000034aa                EVSYS_2_Handler
                0x00000000000034aa                SERCOM2_OTHER_Handler
                0x00000000000034aa                FREQM_Handler
                0x00000000000034aa                TC0_Handler
                0x00000000000034aa                EIC_OTHER_Handler
                0x00000000000034aa                ADC_OTHER_Handler
                0x00000000000034aa                DMAC_3_Handler
                0x00000000000034aa                SERCOM2_0_Handler

.text.__dummy_init_tls%42
                0x000000000000418a        0x2
 .text.__dummy_init_tls
                0x000000000000418a        0x2 c:/program files/microchip/xc32/v4.60/bin/bin/../../lib/gcc/pic32c/8.3.1/../../../../pic32c/lib/thumb/v8-m.base/nofp\libpic32c.a(data_init.o)
                0x000000000000418a                xc32_init_tls

.text.__dummy%43
                0x000000000000429a        0x2
 .text.__dummy  0x000000000000429a        0x2 c:/program files/microchip/xc32/v4.60/bin/bin/../../lib/gcc/pic32c/8.3.1/../../../../pic32c/lib/thumb/v8-m.base/nofp\libg-musl.a(__libc_start_main.o)
                0x000000000000429a                __init_stdio
                0x000000000000429a                __init_host

.text%z36       0x0000000000000000        0x0
 .text          0x0000000000000000        0x0 c:/program files/microchip/xc32/v4.60/bin/bin/../../lib/gcc/pic32c/8.3.1/../../../../pic32c/lib/thumb/v8-m.base/nofp\libpic32c.a(pic32_data_init_copy.o)

.text%z37       0x0000000000000000        0x0
 .text          0x0000000000000000        0x0 c:/program files/microchip/xc32/v4.60/bin/bin/../../lib/gcc/pic32c/8.3.1/../../../../pic32c/lib/thumb/v8-m.base/nofp\libpic32c.a(pic32_data_init_clear.o)

.text%z38       0x0000000000000000        0x0
 .text          0x0000000000000000        0x0 c:/program files/microchip/xc32/v4.60/bin/bin/../../lib/gcc/pic32c/8.3.1/thumb/v8-m.base/nofp/crtn.o

.text%z39       0x0000000000000000        0x0
 .text          0x0000000000000000        0x0 c:/program files/microchip/xc32/v4.60/bin/bin/../../lib/gcc/pic32c/8.3.1/thumb/v8-m.base/nofp/crtend.o

.text%z40       0x0000000000000000        0x0
 .text          0x0000000000000000        0x0 c:/program files/microchip/xc32/v4.60/bin/bin/../../lib/gcc/pic32c/8.3.1/../../../../pic32c/lib/thumb/v8-m.base/nofp\libg-musl.a(__environ.o)

.text%z41       0x0000000000000000        0x0
 .text          0x0000000000000000        0x0 c:/program files/microchip/xc32/v4.60/bin/bin/../../lib/gcc/pic32c/8.3.1/../../../../pic32c/lib/thumb/v8-m.base/nofp\libg-musl.a(libc.o)

.text%z42       0x0000000000000000        0x0
 .text          0x0000000000000000        0x0 c:/program files/microchip/xc32/v4.60/bin/bin/../../lib/gcc/pic32c/8.3.1/../../../../pic32c/lib/thumb/v8-m.base/nofp\libg-musl.a(__libc_start_main.o)

.text%z43       0x0000000000000000        0x0
 .text          0x0000000000000000        0x0 c:/program files/microchip/xc32/v4.60/bin/bin/../../lib/gcc/pic32c/8.3.1/../../../../pic32c/lib/thumb/v8-m.base/nofp\libc-size-musl.a(strlen.o)

.text%z44       0x0000000000000000        0x0
 .text          0x0000000000000000        0x0 c:/program files/microchip/xc32/v4.60/bin/bin/../../lib/gcc/pic32c/8.3.1/../../../../pic32c/lib/thumb/v8-m.base/nofp\libc-size-musl.a(memset.o)

.text%z45       0x0000000000000000        0x0
 .text          0x0000000000000000        0x0 c:/program files/microchip/xc32/v4.60/bin/bin/../../lib/gcc/pic32c/8.3.1/../../../../pic32c/lib/thumb/v8-m.base/nofp\libc-size-musl.a(memcmp.o)

.text%z46       0x0000000000000000        0x0
 .text          0x0000000000000000        0x0 c:/program files/microchip/xc32/v4.60/bin/bin/../../lib/gcc/pic32c/8.3.1/../../../../pic32c/lib/thumb/v8-m.base/nofp\libpic32c.a(data_init.o)

.text%z47       0x0000000000000000        0x0
 .text          0x0000000000000000        0x0 C:\Users\Jami\AppData\Local\Temp\ccQEUH0B.o

.text%z48       0x0000000000000000        0x0
 .text          0x0000000000000000        0x0 c:/program files/microchip/xc32/v4.60/bin/bin/../../lib/gcc/pic32c/8.3.1/thumb/v8-m.base/nofp/crti.o
