Archive member included to satisfy reference by file (symbol)

c:/program files/microchip/xc32/v4.60/bin/bin/../../lib/gcc/pic32c/8.3.1/../../../../pic32c/lib/thumb/v8-m.base/nofp\libpic32c.a(data_init.o)
                              C:\Users\Jami\AppData\Local\Temp\ccohv5sZ.o (__pic32c_data_initialization)
c:/program files/microchip/xc32/v4.60/bin/bin/../../lib/gcc/pic32c/8.3.1/../../../../pic32c/lib/thumb/v8-m.base/nofp\libc-size-musl.a(memcmp.o)
                              build/default/debug/main.o (memcmp)
c:/program files/microchip/xc32/v4.60/bin/bin/../../lib/gcc/pic32c/8.3.1/../../../../pic32c/lib/thumb/v8-m.base/nofp\libc-size-musl.a(memset.o)
                              build/default/debug/usart.o (memset)
c:/program files/microchip/xc32/v4.60/bin/bin/../../lib/gcc/pic32c/8.3.1/../../../../pic32c/lib/thumb/v8-m.base/nofp\libc-size-musl.a(strlen.o)
                              build/default/debug/wall_following.o (strlen)
c:/program files/microchip/xc32/v4.60/bin/bin/../../lib/gcc/pic32c/8.3.1/../../../../pic32c/lib/thumb/v8-m.base/nofp\libm-fast-emfloat.a(__aeabi_fmul.o)
                              build/default/debug/wall_following.o (__aeabi_fmul)
c:/program files/microchip/xc32/v4.60/bin/bin/../../lib/gcc/pic32c/8.3.1/../../../../pic32c/lib/thumb/v8-m.base/nofp\libm-fast-emfloat.a(__aeabi_f2iz.o)
                              build/default/debug/wall_following.o (__aeabi_f2iz)
c:/program files/microchip/xc32/v4.60/bin/bin/../../lib/gcc/pic32c/8.3.1/../../../../pic32c/lib/thumb/v8-m.base/nofp\libm-fast-emfloat.a(__aeabi_i2f.o)
                              build/default/debug/wall_following.o (__aeabi_i2f)
c:/program files/microchip/xc32/v4.60/bin/bin/../../lib/gcc/pic32c/8.3.1/../../../../pic32c/lib/thumb/v8-m.base/nofp\libg-musl.a(__libc_start_main.o)
                              C:\Users\Jami\AppData\Local\Temp\ccohv5sZ.o (__libc_init_array)
c:/program files/microchip/xc32/v4.60/bin/bin/../../lib/gcc/pic32c/8.3.1/../../../../pic32c/lib/thumb/v8-m.base/nofp\libg-musl.a(libc.o)
                              c:/program files/microchip/xc32/v4.60/bin/bin/../../lib/gcc/pic32c/8.3.1/../../../../pic32c/lib/thumb/v8-m.base/nofp\libg-musl.a(__libc_start_main.o) (__progname_full)
c:/program files/microchip/xc32/v4.60/bin/bin/../../lib/gcc/pic32c/8.3.1/../../../../pic32c/lib/thumb/v8-m.base/nofp\libg-musl.a(__sio_snprintf_cdnsu.o)
                              (_snprintf_cdnsu)
c:/program files/microchip/xc32/v4.60/bin/bin/../../lib/gcc/pic32c/8.3.1/../../../../pic32c/lib/thumb/v8-m.base/nofp\libg-musl.a(__fmt_d.o)
                              c:/program files/microchip/xc32/v4.60/bin/bin/../../lib/gcc/pic32c/8.3.1/../../../../pic32c/lib/thumb/v8-m.base/nofp\libg-musl.a(__sio_snprintf_cdnsu.o) (__fmt_d_needed)
c:/program files/microchip/xc32/v4.60/bin/bin/../../lib/gcc/pic32c/8.3.1/../../../../pic32c/lib/thumb/v8-m.base/nofp\libg-musl.a(__fmt_s.o)
                              c:/program files/microchip/xc32/v4.60/bin/bin/../../lib/gcc/pic32c/8.3.1/../../../../pic32c/lib/thumb/v8-m.base/nofp\libg-musl.a(__sio_snprintf_cdnsu.o) (__fmt_s_needed)
c:/program files/microchip/xc32/v4.60/bin/bin/../../lib/gcc/pic32c/8.3.1/../../../../pic32c/lib/thumb/v8-m.base/nofp\libg-musl.a(__fmt_u.o)
                              c:/program files/microchip/xc32/v4.60/bin/bin/../../lib/gcc/pic32c/8.3.1/../../../../pic32c/lib/thumb/v8-m.base/nofp\libg-musl.a(__sio_snprintf_cdnsu.o) (__fmt_u_needed)
c:/program files/microchip/xc32/v4.60/bin/bin/../../lib/gcc/pic32c/8.3.1/../../../../pic32c/lib/thumb/v8-m.base/nofp\libg-musl.a(__pop_int.o)
                              c:/program files/microchip/xc32/v4.60/bin/bin/../../lib/gcc/pic32c/8.3.1/../../../../pic32c/lib/thumb/v8-m.base/nofp\libg-musl.a(__sio_snprintf_cdnsu.o) (__pop_int_needed)
c:/program files/microchip/xc32/v4.60/bin/bin/../../lib/gcc/pic32c/8.3.1/../../../../pic32c/lib/thumb/v8-m.base/nofp\libg-musl.a(__pop_ptr.o)
                              c:/program files/microchip/xc32/v4.60/bin/bin/../../lib/gcc/pic32c/8.3.1/../../../../pic32c/lib/thumb/v8-m.base/nofp\libg-musl.a(__sio_snprintf_cdnsu.o) (__pop_ptr_needed)
c:/program files/microchip/xc32/v4.60/bin/bin/../../lib/gcc/pic32c/8.3.1/../../../../pic32c/lib/thumb/v8-m.base/nofp\libg-musl.a(__printf_core.o)
                              c:/program files/microchip/xc32/v4.60/bin/bin/../../lib/gcc/pic32c/8.3.1/../../../../pic32c/lib/thumb/v8-m.base/nofp\libg-musl.a(__fmt_d.o) (__pad)
c:/program files/microchip/xc32/v4.60/bin/bin/../../lib/gcc/pic32c/8.3.1/../../../../pic32c/lib/thumb/v8-m.base/nofp\libg-musl.a(atoi.o)
                              c:/program files/microchip/xc32/v4.60/bin/bin/../../lib/gcc/pic32c/8.3.1/../../../../pic32c/lib/thumb/v8-m.base/nofp\libg-musl.a(__printf_core.o) (atoi)
c:/program files/microchip/xc32/v4.60/bin/bin/../../lib/gcc/pic32c/8.3.1/../../../../pic32c/lib/thumb/v8-m.base/nofp\libg-musl.a(tolower.o)
[...]
Memory Configuration

Name             Origin             Length             Attributes
rom              0x0000000000000000 0x0000000000040000 xrl
rom_nsc          0x0000000000040000 0x0000000000000000 xrl
ram              0x0000000020000000 0x0000000000008000 xw !r
config_00804000  0x0000000000804000 0x0000000000000004
config_00804004  0x0000000000804004 0x0000000000000004
config_00804008  0x0000000000804008 0x0000000000000004
config_0080400C  0x000000000080400c 0x0000000000000004
config_00804010  0x0000000000804010 0x0000000000000004
config_00804014  0x0000000000804014 0x0000000000000004
config_00804018  0x0000000000804018 0x0000000000000004
config_0080401C  0x000000000080401c 0x0000000000000004
config_00804020  0x0000000000804020 0x0000000000000004
*default*        0x0000000000000000 0xffffffffffffffff

Linker script and memory map

LOAD c:/program files/microchip/xc32/v4.60/bin/bin/../../lib/gcc/pic32c/8.3.1/thumb/v8-m.base/nofp/crti.o
LOAD c:/program files/microchip/xc32/v4.60/bin/bin/../../lib/gcc/pic32c/8.3.1/thumb/v8-m.base/nofp/crtbegin.o
LOAD build/default/debug/main.o
LOAD build/default/debug/irq_handlers.o
LOAD build/default/debug/platform.o
LOAD build/default/debug/usart.o
LOAD build/default/debug/locomotion.o
LOAD build/default/debug/wireless.o
LOAD build/default/debug/wall_following.o
LOAD build/default/debug/line_following.o
LOAD build/default/debug/check_sensors.o
                0x0000000000000001                __MPLAB_BUILD = 0x1
                0x0000000000000001                __ICD2RAM = 0x1
                0x0000000000000001                __MPLAB_DEBUG = 0x1
                0x0000000000000001                __DEBUG = 0x1
LOAD C:\Users\Jami\AppData\Local\Temp\ccohv5sZ.o
START GROUP
LOAD c:/program files/microchip/xc32/v4.60/bin/bin/../../lib/gcc/pic32c/8.3.1/../../../../pic32c/lib/thumb/v8-m.base/nofp\libpic32c.a
LOAD c:/program files/microchip/xc32/v4.60/bin/bin/../../lib/gcc/pic32c/8.3.1/../../../../pic32c/lib/thumb/v8-m.base/nofp\libc-size-musl.a
LOAD c:/program files/microchip/xc32/v4.60/bin/bin/../../lib/gcc/pic32c/8.3.1/../../../../pic32c/lib/thumb/v8-m.base/nofp\liblmalloc-musl.a
LOAD c:/program files/microchip/xc32/v4.60/bin/bin/../../lib/gcc/pic32c/8.3.1/../../../../pic32c/lib/thumb/v8-m.base/nofp\libm-fast-emfloat.a
LOAD c:/program files/microchip/xc32/v4.60/bin/bin/../../lib/gcc/pic32c/8.3.1/../../../../pic32c/lib/thumb/v8-m.base/nofp\libm-musl.a
LOAD c:/program files/microchip/xc32/v4.60/bin/bin/../../lib/gcc/pic32c/8.3.1/../../../../pic32c/lib/thumb/v8-m.base/nofp\libg-musl.a
LOAD c:/program files/microchip/xc32/v4.60/bin/bin/../../lib/gcc/pic32c/8.3.1/../../../../pic32c/lib/thumb/v8-m.base/nofp\libc-musl.a
LOAD c:/program files/microchip/xc32/v4.60/bin/bin/../../lib/gcc/pic32c/8.3.1/../../../../pic32c/lib/thumb/v8-m.base/nofp\libm-fast-emfloat.a
LOAD c:/program files/microchip/xc32/v4.60/bin/bin/../../lib/gcc/pic32c/8.3.1/../../../../pic32c/lib/thumb/v8-m.base/nofp\libm-musl.a
LOAD c:/program files/microchip/xc32/v4.60/bin/bin/../../lib/gcc/pic32c/8.3.1/thumb/v8-m.base/nofp\libgcc.a
END GROUP
LOAD c:/program files/microchip/xc32/v4.60/bin/bin/../../lib/gcc/pic32c/8.3.1/thumb/v8-m.base/nofp/crtend.o
LOAD c:/program files/microchip/xc32/v4.60/bin/bin/../../lib/gcc/pic32c/8.3.1/thumb/v8-m.base/nofp/crtn.o
                0x0000000000040000                __rom_end = (ORIGIN (rom) + LENGTH (rom))
                0x0000000000040000                __rom_nsc_end = (ORIGIN (rom_nsc) + LENGTH (rom_nsc))
                0x0000000020008000                __ram_end = (ORIGIN (ram) + LENGTH (ram))

.config_00804000
 *(.config_00804000)

.config_00804004
 *(.config_00804004)

.config_00804008
 *(.config_00804008)

.config_0080400C
 *(.config_0080400C)

.config_00804010
 *(.config_00804010)

.config_00804014
 *(.config_00804014)

.config_00804018
 *(.config_00804018)

.config_0080401C
 *(.config_0080401C)

.config_00804020
 *(.config_00804020)

.vectors        0x0000000000000000      0x15c
                0x0000000000000000                . = ALIGN (0x4)
                0x0000000000000000                _sfixed = .
 *(.vectors .vectors.* .vectors_default .vectors_default.*)
 .vectors.default
                0x0000000000000000      0x15c C:\Users\Jami\AppData\Local\Temp\ccohv5sZ.o
                0x0000000000000000                exception_table
 *(.isr_vector)
 *(.reset*)
 *(.after_vectors)

.text           0x000000000000015c       0x20
                0x000000000000015c                . = ALIGN (0x4)
 *(.glue_7t)
 .glue_7t       0x000000000000015c        0x0 linker stubs
 *(.glue_7)
 .glue_7        0x000000000000015c        0x0 linker stubs
 *veneer.o(.text.*)
 *nonsecure_entry.o(.text.*)
 *(.gnu.linkonce.r.*)
 *(.ARM.extab* .gnu.linkonce.armextab.*)
 .ARM.extab     0x000000000000015c        0x0 c:/program files/microchip/xc32/v4.60/bin/bin/../../lib/gcc/pic32c/8.3.1/thumb/v8-m.base/nofp\libgcc.a(_udivmoddi4.o)
                0x000000000000015c                . = ALIGN (0x4)
 *(.init)
 .init          0x000000000000015c        0x4 c:/program files/microchip/xc32/v4.60/bin/bin/../../lib/gcc/pic32c/8.3.1/thumb/v8-m.base/nofp/crti.o
                0x000000000000015c                _init
 .init          0x0000000000000160        0x8 c:/program files/microchip/xc32/v4.60/bin/bin/../../lib/gcc/pic32c/8.3.1/thumb/v8-m.base/nofp/crtn.o
                0x0000000000000168                . = ALIGN (0x4)
                0x0000000000000168                __preinit_array_start = .
 *(.preinit_array)
                0x0000000000000168                __preinit_array_end = .
                0x0000000000000168                . = ALIGN (0x4)
                0x0000000000000168                __init_array_start = .
 *(SORT_BY_NAME(.init_array.*))
 *(.init_array)
 .init_array    0x0000000000000168        0x4 c:/program files/microchip/xc32/v4.60/bin/bin/../../lib/gcc/pic32c/8.3.1/thumb/v8-m.base/nofp/crtbegin.o
                0x000000000000016c                __init_array_end = .
                0x000000000000016c                . = ALIGN (0x4)
 *crtbegin.o(.ctors)
 *(EXCLUDE_FILE(*crtend.o) .ctors)
 *(SORT_BY_NAME(.ctors.*))
 *crtend.o(.ctors)
                0x000000000000016c                . = ALIGN (0x4)
 *(.fini)
 .fini          0x000000000000016c        0x4 c:/program files/microchip/xc32/v4.60/bin/bin/../../lib/gcc/pic32c/8.3.1/thumb/v8-m.base/nofp/crti.o
                0x000000000000016c                _fini
 .fini          0x0000000000000170        0x8 c:/program files/microchip/xc32/v4.60/bin/bin/../../lib/gcc/pic32c/8.3.1/thumb/v8-m.base/nofp/crtn.o
                0x0000000000000178                . = ALIGN (0x4)
                0x0000000000000178                __fini_array_start = .
 *(.fini_array)
 .fini_array    0x0000000000000178        0x4 c:/program files/microchip/xc32/v4.60/bin/bin/../../lib/gcc/pic32c/8.3.1/thumb/v8-m.base/nofp/crtbegin.o
 *(SORT_BY_NAME(.fini_array.*))
                0x000000000000017c                __fini_array_end = .
 *crtbegin.o(.dtors)
 *(EXCLUDE_FILE(*crtend.o) .dtors)
 *(SORT_BY_NAME(.dtors.*))
 *crtend.o(.dtors)
                0x000000000000017c                . = ALIGN (0x4)
                0x000000000000017c                _efixed = .
                [!provide]                        PROVIDE (__exidx_start = .)

.ARM.exidx      0x000000000000017c        0x8
 *(.ARM.exidx* .gnu.linkonce.armexidx.*)
 .ARM.exidx     0x000000000000017c        0x8 c:/program files/microchip/xc32/v4.60/bin/bin/../../lib/gcc/pic32c/8.3.1/thumb/v8-m.base/nofp\libgcc.a(_udivmoddi4.o)
                [!provide]                        PROVIDE (__exidx_end = .)
                0x0000000000000184                . = ALIGN (0x4)
                0x0000000000000184                _etext = .
                0x0000000000000184                . = ALIGN (0x4)

.gnu.sgstubs    0x0000000000040000        0x0
                0x0000000000040000                _ssgstubs = .

.bss            0x0000000020000000        0x0
                0x0000000020000000                . = ALIGN (0x4)
                0x0000000020000000                __bss_start__ = .
                0x0000000020000000                _sbss = .
                0x0000000020000000                _szero = .
 *(COMMON)
                0x0000000020000000                . = ALIGN (0x4)
                0x0000000020000000                __bss_end__ = .
                0x0000000020000000                _ebss = .
                0x0000000020000000                _ezero = .
                0x0000000020000000                . = ALIGN (0x4)
                0x0000000020000000                _end = .
                0x0000000020007fff                _ram_end_ = ((ORIGIN (ram) + LENGTH (ram)) - 0x1)
OUTPUT(dist/default/debug/Code.X.debug.elf elf32-littlearm)
LOAD data_init
LOAD stack

.ARM.attributes
                0x0000000000000000       0x2e
 .ARM.attributes
                0x0000000000000000       0x22 c:/program files/microchip/xc32/v4.60/bin/bin/../../lib/gcc/pic32c/8.3.1/thumb/v8-m.base/nofp/crti.o
 .ARM.attributes
                0x0000000000000022       0x30 c:/program files/microchip/xc32/v4.60/bin/bin/../../lib/gcc/pic32c/8.3.1/thumb/v8-m.base/nofp/crtbegin.o
 .ARM.attributes
                0x0000000000000052       0x30 build/default/debug/main.o
 .ARM.attributes
                0x0000000000000082       0x30 build/default/debug/irq_handlers.o
 .ARM.attributes
                0x00000000000000b2       0x30 build/default/debug/platform.o
 .ARM.attributes
                0x00000000000000e2       0x30 build/default/debug/usart.o
 .ARM.attributes
                0x0000000000000112       0x30 build/default/debug/locomotion.o
 .ARM.attributes
                0x0000000000000142       0x32 build/default/debug/wireless.o
 .ARM.attributes
                0x0000000000000174       0x30 build/default/debug/wall_following.o
 .ARM.attributes
                0x00000000000001a4       0x30 build/default/debug/line_following.o
 .ARM.attributes
                0x00000000000001d4       0x30 build/default/debug/check_sensors.o
 .ARM.attributes
                0x0000000000000204       0x30 C:\Users\Jami\AppData\Local\Temp\ccohv5sZ.o
 .ARM.attributes
                0x0000000000000234       0x30 c:/program files/microchip/xc32/v4.60/bin/bin/../../lib/gcc/pic32c/8.3.1/../../../../pic32c/lib/thumb/v8-m.base/nofp\libpic32c.a(data_init.o)
 .ARM.attributes
                0x0000000000000264       0x32 c:/program files/microchip/xc32/v4.60/bin/bin/../../lib/gcc/pic32c/8.3.1/../../../../pic32c/lib/thumb/v8-m.base/nofp\libc-size-musl.a(memcmp.o)
 .ARM.attributes
                0x0000000000000296       0x32 c:/program files/microchip/xc32/v4.60/bin/bin/../../lib/gcc/pic32c/8.3.1/../../../../pic32c/lib/thumb/v8-m.base/nofp\libc-size-musl.a(memset.o)
 .ARM.attributes
                0x00000000000002c8       0x32 c:/program files/microchip/xc32/v4.60/bin/bin/../../lib/gcc/pic32c/8.3.1/../../../../pic32c/lib/thumb/v8-m.base/nofp\libc-size-musl.a(strlen.o)
 .ARM.attributes
                0x00000000000002fa       0x20 c:/program files/microchip/xc32/v4.60/bin/bin/../../lib/gcc/pic32c/8.3.1/../../../../pic32c/lib/thumb/v8-m.base/nofp\libm-fast-emfloat.a(__aeabi_fmul.o)
 .ARM.attributes
                0x000000000000031a       0x20 c:/program files/microchip/xc32/v4.60/bin/bin/../../lib/gcc/pic32c/8.3.1/../../../../pic32c/lib/thumb/v8-m.base/nofp\libm-fast-emfloat.a(__aeabi_f2iz.o)
 .ARM.attributes
                0x000000000000033a       0x20 c:/program files/microchip/xc32/v4.60/bin/bin/../../lib/gcc/pic32c/8.3.1/../../../../pic32c/lib/thumb/v8-m.base/nofp\libm-fast-emfloat.a(__aeabi_i2f.o)
 .ARM.attributes
                0x000000000000035a       0x32 c:/program files/microchip/xc32/v4.60/bin/bin/../../lib/gcc/pic32c/8.3.1/../../../../pic32c/lib/thumb/v8-m.base/nofp\libg-musl.a(__libc_start_main.o)
 .ARM.attributes
                0x000000000000038c       0x32 c:/program files/microchip/xc32/v4.60/bin/bin/../../lib/gcc/pic32c/8.3.1/../../../../pic32c/lib/thumb/v8-m.base/nofp\libg-musl.a(libc.o)
 .ARM.attributes
                0x00000000000003be       0x32 c:/program files/microchip/xc32/v4.60/bin/bin/../../lib/gcc/pic32c/8.3.1/../../../../pic32c/lib/thumb/v8-m.base/nofp\libg-musl.a(__sio_snprintf_cdnsu.o)
 .ARM.attributes
                0x00000000000003f0       0x32 c:/program files/microchip/xc32/v4.60/bin/bin/../../lib/gcc/pic32c/8.3.1/../../../../pic32c/lib/thumb/v8-m.base/nofp\libg-musl.a(__fmt_d.o)
 .ARM.attributes
                0x0000000000000422       0x32 c:/program files/microchip/xc32/v4.60/bin/bin/../../lib/gcc/pic32c/8.3.1/../../../../pic32c/lib/thumb/v8-m.base/nofp\libg-musl.a(__fmt_s.o)
 .ARM.attributes
                0x0000000000000454       0x32 c:/program files/microchip/xc32/v4.60/bin/bin/../../lib/gcc/pic32c/8.3.1/../../../../pic32c/lib/thumb/v8-m.base/nofp\libg-musl.a(__fmt_u.o)
 .ARM.attributes
                0x0000000000000486       0x32 c:/program files/microchip/xc32/v4.60/bin/bin/../../lib/gcc/pic32c/8.3.1/../../../../pic32c/lib/thumb/v8-m.base/nofp\libg-musl.a(__pop_int.o)
 .ARM.attributes
                0x00000000000004b8       0x32 c:/program files/microchip/xc32/v4.60/bin/bin/../../lib/gcc/pic32c/8.3.1/../../../../pic32c/lib/thumb/v8-m.base/nofp\libg-musl.a(__pop_ptr.o)
 .ARM.attributes
                0x00000000000004ea       0x32 c:/program files/microchip/xc32/v4.60/bin/bin/../../lib/gcc/pic32c/8.3.1/../../../../pic32c/lib/thumb/v8-m.base/nofp\libg-musl.a(__printf_core.o)
 .ARM.attributes
                0x000000000000051c       0x32 c:/program files/microchip/xc32/v4.60/bin/bin/../../lib/gcc/pic32c/8.3.1/../../../../pic32c/lib/thumb/v8-m.base/nofp\libg-musl.a(atoi.o)
 .ARM.attributes
                0x000000000000054e       0x32 c:/program files/microchip/xc32/v4.60/bin/bin/../../lib/gcc/pic32c/8.3.1/../../../../pic32c/lib/thumb/v8-m.base/nofp\libg-musl.a(tolower.o)
 .ARM.attributes
                0x0000000000000580       0x32 c:/program files/microchip/xc32/v4.60/bin/bin/../../lib/gcc/pic32c/8.3.1/../../../../pic32c/lib/thumb/v8-m.base/nofp\libg-musl.a(__environ.o)
 .ARM.attributes
                0x00000000000005b2       0x32 c:/program files/microchip/xc32/v4.60/bin/bin/../../lib/gcc/pic32c/8.3.1/../../../../pic32c/lib/thumb/v8-m.base/nofp\libg-musl.a(__errno_location.o)
 .ARM.attributes
                0x00000000000005e4       0x32 c:/program files/microchip/xc32/v4.60/bin/bin/../../lib/gcc/pic32c/8.3.1/../../../../pic32c/lib/thumb/v8-m.base/nofp\libg-musl.a(__int_vsnprintf.o)
 .ARM.attributes
                0x0000000000000616       0x32 c:/program files/microchip/xc32/v4.60/bin/bin/../../lib/gcc/pic32c/8.3.1/../../../../pic32c/lib/thumb/v8-m.base/nofp\libg-musl.a(__cvt_u.o)
 .ARM.attributes
                0x0000000000000648       0x32 c:/program files/microchip/xc32/v4.60/bin/bin/../../lib/gcc/pic32c/8.3.1/../../../../pic32c/lib/thumb/v8-m.base/nofp\libg-musl.a(__pop_float.o)
 .ARM.attributes
                0x000000000000067a       0x32 c:/program files/microchip/xc32/v4.60/bin/bin/../../lib/gcc/pic32c/8.3.1/../../../../pic32c/lib/thumb/v8-m.base/nofp\libg-musl.a(__int_vfprintf.o)
 .ARM.attributes
                0x00000000000006ac       0x22 c:/program files/microchip/xc32/v4.60/bin/bin/../../lib/gcc/pic32c/8.3.1/thumb/v8-m.base/nofp\libgcc.a(_aeabi_uldivmod.o)
 .ARM.attributes
                0x00000000000006ce       0x30 c:/program files/microchip/xc32/v4.60/bin/bin/../../lib/gcc/pic32c/8.3.1/thumb/v8-m.base/nofp\libgcc.a(_udivmoddi4.o)
 .ARM.attributes
                0x00000000000006fe       0x22 c:/program files/microchip/xc32/v4.60/bin/bin/../../lib/gcc/pic32c/8.3.1/thumb/v8-m.base/nofp\libgcc.a(_dvmd_tls.o)
 .ARM.attributes
                0x0000000000000720       0x22 c:/program files/microchip/xc32/v4.60/bin/bin/../../lib/gcc/pic32c/8.3.1/thumb/v8-m.base/nofp\libgcc.a(_clzsi2.o)
 .ARM.attributes
                0x0000000000000742       0x32 c:/program files/microchip/xc32/v4.60/bin/bin/../../lib/gcc/pic32c/8.3.1/../../../../pic32c/lib/thumb/v8-m.base/nofp\libc-size-musl.a(memcpy.o)
 .ARM.attributes
                0x0000000000000774       0x30 c:/program files/microchip/xc32/v4.60/bin/bin/../../lib/gcc/pic32c/8.3.1/thumb/v8-m.base/nofp/crtend.o
 .ARM.attributes
                0x00000000000007a4       0x22 c:/program files/microchip/xc32/v4.60/bin/bin/../../lib/gcc/pic32c/8.3.1/thumb/v8-m.base/nofp/crtn.o
 .ARM.attributes
                0x00000000000007c6       0x30 c:/program files/microchip/xc32/v4.60/bin/bin/../../lib/gcc/pic32c/8.3.1/../../../../pic32c/lib/thumb/v8-m.base/nofp\libpic32c.a(pic32_data_init_clear.o)
 .ARM.attributes
                0x00000000000007f6       0x30 c:/program files/microchip/xc32/v4.60/bin/bin/../../lib/gcc/pic32c/8.3.1/../../../../pic32c/lib/thumb/v8-m.base/nofp\libpic32c.a(pic32_data_init_copy.o)

.comment        0x0000000000000000       0x2b
 .comment       0x0000000000000000       0x2b c:/program files/microchip/xc32/v4.60/bin/bin/../../lib/gcc/pic32c/8.3.1/thumb/v8-m.base/nofp/crtbegin.o
                                         0x2c (size before relaxing)
 .comment       0x000000000000002b       0x2c build/default/debug/main.o
 .comment       0x000000000000002b       0x2c build/default/debug/irq_handlers.o
 .comment       0x000000000000002b       0x2c build/default/debug/platform.o
 .comment       0x000000000000002b       0x2c build/default/debug/usart.o
 .comment       0x000000000000002b       0x2c build/default/debug/locomotion.o
 .comment       0x000000000000002b       0x2c build/default/debug/wireless.o
 .comment       0x000000000000002b       0x2c build/default/debug/wall_following.o
 .comment       0x000000000000002b       0x2c build/default/debug/line_following.o
 .comment       0x000000000000002b       0x2c build/default/debug/check_sensors.o
 .comment       0x000000000000002b       0x2c C:\Users\Jami\AppData\Local\Temp\ccohv5sZ.o
 .comment       0x000000000000002b       0x2c c:/program files/microchip/xc32/v4.60/bin/bin/../../lib/gcc/pic32c/8.3.1/../../../../pic32c/lib/thumb/v8-m.base/nofp\libpic32c.a(data_init.o)
 .comment       0x000000000000002b       0x2c c:/program files/microchip/xc32/v4.60/bin/bin/../../lib/gcc/pic32c/8.3.1/../../../../pic32c/lib/thumb/v8-m.base/nofp\libc-size-musl.a(memcmp.o)
 .comment       0x000000000000002b       0x2c c:/program files/microchip/xc32/v4.60/bin/bin/../../lib/gcc/pic32c/8.3.1/../../../../pic32c/lib/thumb/v8-m.base/nofp\libc-size-musl.a(memset.o)
 .comment       0x000000000000002b       0x2c c:/program files/microchip/xc32/v4.60/bin/bin/../../lib/gcc/pic32c/8.3.1/../../../../pic32c/lib/thumb/v8-m.base/nofp\libc-size-musl.a(strlen.o)
 .comment       0x000000000000002b       0x2c c:/program files/microchip/xc32/v4.60/bin/bin/../../lib/gcc/pic32c/8.3.1/../../../../pic32c/lib/thumb/v8-m.base/nofp\libg-musl.a(__libc_start_main.o)
 .comment       0x000000000000002b       0x2c c:/program files/microchip/xc32/v4.60/bin/bin/../../lib/gcc/pic32c/8.3.1/../../../../pic32c/lib/thumb/v8-m.base/nofp\libg-musl.a(libc.o)
 .comment       0x000000000000002b       0x2c c:/program files/microchip/xc32/v4.60/bin/bin/../../lib/gcc/pic32c/8.3.1/../../../../pic32c/lib/thumb/v8-m.base/nofp\libg-musl.a(__sio_snprintf_cdnsu.o)
 .comment       0x000000000000002b       0x2c c:/program files/microchip/xc32/v4.60/bin/bin/../../lib/gcc/pic32c/8.3.1/../../../../pic32c/lib/thumb/v8-m.base/nofp\libg-musl.a(__fmt_d.o)
 .comment       0x000000000000002b       0x2c c:/program files/microchip/xc32/v4.60/bin/bin/../../lib/gcc/pic32c/8.3.1/../../../../pic32c/lib/thumb/v8-m.base/nofp\libg-musl.a(__fmt_s.o)
 .comment       0x000000000000002b       0x2c c:/program files/microchip/xc32/v4.60/bin/bin/../../lib/gcc/pic32c/8.3.1/../../../../pic32c/lib/thumb/v8-m.base/nofp\libg-musl.a(__fmt_u.o)
 .comment       0x000000000000002b       0x2c c:/program files/microchip/xc32/v4.60/bin/bin/../../lib/gcc/pic32c/8.3.1/../../../../pic32c/lib/thumb/v8-m.base/nofp\libg-musl.a(__pop_int.o)
 .comment       0x000000000000002b       0x2c c:/program files/microchip/xc32/v4.60/bin/bin/../../lib/gcc/pic32c/8.3.1/../../../../pic32c/lib/thumb/v8-m.base/nofp\libg-musl.a(__pop_ptr.o)
 .comment       0x000000000000002b       0x2c c:/program files/microchip/xc32/v4.60/bin/bin/../../lib/gcc/pic32c/8.3.1/../../../../pic32c/lib/thumb/v8-m.base/nofp\libg-musl.a(__printf_core.o)
 .comment       0x000000000000002b       0x2c c:/program files/microchip/xc32/v4.60/bin/bin/../../lib/gcc/pic32c/8.3.1/../../../../pic32c/lib/thumb/v8-m.base/nofp\libg-musl.a(atoi.o)
 .comment       0x000000000000002b       0x2c c:/program files/microchip/xc32/v4.60/bin/bin/../../lib/gcc/pic32c/8.3.1/../../../../pic32c/lib/thumb/v8-m.base/nofp\libg-musl.a(tolower.o)
 .comment       0x000000000000002b       0x2c c:/program files/microchip/xc32/v4.60/bin/bin/../../lib/gcc/pic32c/8.3.1/../../../../pic32c/lib/thumb/v8-m.base/nofp\libg-musl.a(__environ.o)
 .comment       0x000000000000002b       0x2c c:/program files/microchip/xc32/v4.60/bin/bin/../../lib/gcc/pic32c/8.3.1/../../../../pic32c/lib/thumb/v8-m.base/nofp\libg-musl.a(__errno_location.o)
 .comment       0x000000000000002b       0x2c c:/program files/microchip/xc32/v4.60/bin/bin/../../lib/gcc/pic32c/8.3.1/../../../../pic32c/lib/thumb/v8-m.base/nofp\libg-musl.a(__int_vsnprintf.o)
 .comment       0x000000000000002b       0x2c c:/program files/microchip/xc32/v4.60/bin/bin/../../lib/gcc/pic32c/8.3.1/../../../../pic32c/lib/thumb/v8-m.base/nofp\libg-musl.a(__cvt_u.o)
 .comment       0x000000000000002b       0x2c c:/program files/microchip/xc32/v4.60/bin/bin/../../lib/gcc/pic32c/8.3.1/../../../../pic32c/lib/thumb/v8-m.base/nofp\libg-musl.a(__pop_float.o)
 .comment       0x000000000000002b       0x2c c:/program files/microchip/xc32/v4.60/bin/bin/../../lib/gcc/pic32c/8.3.1/../../../../pic32c/lib/thumb/v8-m.base/nofp\libg-musl.a(__int_vfprintf.o)
 .comment       0x000000000000002b       0x2c c:/program files/microchip/xc32/v4.60/bin/bin/../../lib/gcc/pic32c/8.3.1/thumb/v8-m.base/nofp\libgcc.a(_udivmoddi4.o)
 .comment       0x000000000000002b       0x2c c:/program files/microchip/xc32/v4.60/bin/bin/../../lib/gcc/pic32c/8.3.1/../../../../pic32c/lib/thumb/v8-m.base/nofp\libc-size-musl.a(memcpy.o)
 .comment       0x000000000000002b       0x2c c:/program files/microchip/xc32/v4.60/bin/bin/../../lib/gcc/pic32c/8.3.1/thumb/v8-m.base/nofp/crtend.o
 .comment       0x000000000000002b       0x2c c:/program files/microchip/xc32/v4.60/bin/bin/../../lib/gcc/pic32c/8.3.1/../../../../pic32c/lib/thumb/v8-m.base/nofp\libpic32c.a(pic32_data_init_clear.o)
 .comment       0x000000000000002b       0x2c c:/program files/microchip/xc32/v4.60/bin/bin/../../lib/gcc/pic32c/8.3.1/../../../../pic32c/lib/thumb/v8-m.base/nofp\libpic32c.a(pic32_data_init_copy.o)

.debug_info     0x0000000000000000     0x84dd
 .debug_info    0x0000000000000000      0x804 build/default/debug/main.o
 .debug_info    0x0000000000000804      0x5b1 build/default/debug/irq_handlers.o
 .debug_info    0x0000000000000db5     0x153c build/default/debug/platform.o
 .debug_info    0x00000000000022f1     0x11c7 build/default/debug/usart.o
 .debug_info    0x00000000000034b8      0x37e build/default/debug/locomotion.o
 .debug_info    0x0000000000003836      0xb4f build/default/debug/wall_following.o
 .debug_info    0x0000000000004385      0x3f0 build/default/debug/line_following.o
 .debug_info    0x0000000000004775      0x32a build/default/debug/check_sensors.o
 .debug_info    0x0000000000004a9f      0x742 C:\Users\Jami\AppData\Local\Temp\ccohv5sZ.o
 .debug_info    0x00000000000051e1       0x68 c:/program files/microchip/xc32/v4.60/bin/bin/../../lib/gcc/pic32c/8.3.1/../../../../pic32c/lib/thumb/v8-m.base/nofp\libpic32c.a(data_init.o)
 .debug_info    0x0000000000005249       0xda c:/program files/microchip/xc32/v4.60/bin/bin/../../lib/gcc/pic32c/8.3.1/../../../../pic32c/lib/thumb/v8-m.base/nofp\libc-size-musl.a(memcmp.o)
 .debug_info    0x0000000000005323       0xbb c:/program files/microchip/xc32/v4.60/bin/bin/../../lib/gcc/pic32c/8.3.1/../../../../pic32c/lib/thumb/v8-m.base/nofp\libc-size-musl.a(memset.o)
 .debug_info    0x00000000000053de       0xa4 c:/program files/microchip/xc32/v4.60/bin/bin/../../lib/gcc/pic32c/8.3.1/../../../../pic32c/lib/thumb/v8-m.base/nofp\libc-size-musl.a(strlen.o)
 .debug_info    0x0000000000005482      0x2fb c:/program files/microchip/xc32/v4.60/bin/bin/../../lib/gcc/pic32c/8.3.1/../../../../pic32c/lib/thumb/v8-m.base/nofp\libg-musl.a(__libc_start_main.o)
 .debug_info    0x000000000000577d      0x276 c:/program files/microchip/xc32/v4.60/bin/bin/../../lib/gcc/pic32c/8.3.1/../../../../pic32c/lib/thumb/v8-m.base/nofp\libg-musl.a(libc.o)
 .debug_info    0x00000000000059f3      0x1fa c:/program files/microchip/xc32/v4.60/bin/bin/../../lib/gcc/pic32c/8.3.1/../../../../pic32c/lib/thumb/v8-m.base/nofp\libg-musl.a(__sio_snprintf_cdnsu.o)
 .debug_info    0x0000000000005bed      0x330 c:/program files/microchip/xc32/v4.60/bin/bin/../../lib/gcc/pic32c/8.3.1/../../../../pic32c/lib/thumb/v8-m.base/nofp\libg-musl.a(__fmt_d.o)
 .debug_info    0x0000000000005f1d      0x2e9 c:/program files/microchip/xc32/v4.60/bin/bin/../../lib/gcc/pic32c/8.3.1/../../../../pic32c/lib/thumb/v8-m.base/nofp\libg-musl.a(__fmt_s.o)
 .debug_info    0x0000000000006206      0x301 c:/program files/microchip/xc32/v4.60/bin/bin/../../lib/gcc/pic32c/8.3.1/../../../../pic32c/lib/thumb/v8-m.base/nofp\libg-musl.a(__fmt_u.o)
 .debug_info    0x0000000000006507      0x183 c:/program files/microchip/xc32/v4.60/bin/bin/../../lib/gcc/pic32c/8.3.1/../../../../pic32c/lib/thumb/v8-m.base/nofp\libg-musl.a(__pop_int.o)
 .debug_info    0x000000000000668a      0x18d c:/program files/microchip/xc32/v4.60/bin/bin/../../lib/gcc/pic32c/8.3.1/../../../../pic32c/lib/thumb/v8-m.base/nofp\libg-musl.a(__pop_ptr.o)
 .debug_info    0x0000000000006817      0xa72 c:/program files/microchip/xc32/v4.60/bin/bin/../../lib/gcc/pic32c/8.3.1/../../../../pic32c/lib/thumb/v8-m.base/nofp\libg-musl.a(__printf_core.o)
 .debug_info    0x0000000000007289       0xf4 c:/program files/microchip/xc32/v4.60/bin/bin/../../lib/gcc/pic32c/8.3.1/../../../../pic32c/lib/thumb/v8-m.base/nofp\libg-musl.a(atoi.o)
 .debug_info    0x000000000000737d      0x131 c:/program files/microchip/xc32/v4.60/bin/bin/../../lib/gcc/pic32c/8.3.1/../../../../pic32c/lib/thumb/v8-m.base/nofp\libg-musl.a(tolower.o)
 .debug_info    0x00000000000074ae       0x97 c:/program files/microchip/xc32/v4.60/bin/bin/../../lib/gcc/pic32c/8.3.1/../../../../pic32c/lib/thumb/v8-m.base/nofp\libg-musl.a(__environ.o)
 .debug_info    0x0000000000007545       0x5b c:/program files/microchip/xc32/v4.60/bin/bin/../../lib/gcc/pic32c/8.3.1/../../../../pic32c/lib/thumb/v8-m.base/nofp\libg-musl.a(__errno_location.o)
 .debug_info    0x00000000000075a0      0x21a c:/program files/microchip/xc32/v4.60/bin/bin/../../lib/gcc/pic32c/8.3.1/../../../../pic32c/lib/thumb/v8-m.base/nofp\libg-musl.a(__int_vsnprintf.o)
 .debug_info    0x00000000000077ba      0x1cf c:/program files/microchip/xc32/v4.60/bin/bin/../../lib/gcc/pic32c/8.3.1/../../../../pic32c/lib/thumb/v8-m.base/nofp\libg-musl.a(__cvt_u.o)
 .debug_info    0x0000000000007989      0x162 c:/program files/microchip/xc32/v4.60/bin/bin/../../lib/gcc/pic32c/8.3.1/../../../../pic32c/lib/thumb/v8-m.base/nofp\libg-musl.a(__pop_float.o)
 .debug_info    0x0000000000007aeb      0x1ff c:/program files/microchip/xc32/v4.60/bin/bin/../../lib/gcc/pic32c/8.3.1/../../../../pic32c/lib/thumb/v8-m.base/nofp\libg-musl.a(__int_vfprintf.o)
 .debug_info    0x0000000000007cea       0x26 c:/program files/microchip/xc32/v4.60/bin/bin/../../lib/gcc/pic32c/8.3.1/thumb/v8-m.base/nofp\libgcc.a(_aeabi_uldivmod.o)
 .debug_info    0x0000000000007d10      0x615 c:/program files/microchip/xc32/v4.60/bin/bin/../../lib/gcc/pic32c/8.3.1/thumb/v8-m.base/nofp\libgcc.a(_udivmoddi4.o)
 .debug_info    0x0000000000008325       0x26 c:/program files/microchip/xc32/v4.60/bin/bin/../../lib/gcc/pic32c/8.3.1/thumb/v8-m.base/nofp\libgcc.a(_dvmd_tls.o)
 .debug_info    0x000000000000834b       0x26 c:/program files/microchip/xc32/v4.60/bin/bin/../../lib/gcc/pic32c/8.3.1/thumb/v8-m.base/nofp\libgcc.a(_clzsi2.o)
 .debug_info    0x0000000000008371       0xed c:/program files/microchip/xc32/v4.60/bin/bin/../../lib/gcc/pic32c/8.3.1/../../../../pic32c/lib/thumb/v8-m.base/nofp\libc-size-musl.a(memcpy.o)
 .debug_info    0x000000000000845e       0x3f c:/program files/microchip/xc32/v4.60/bin/bin/../../lib/gcc/pic32c/8.3.1/../../../../pic32c/lib/thumb/v8-m.base/nofp\libpic32c.a(pic32_data_init_clear.o)
 .debug_info    0x000000000000849d       0x40 c:/program files/microchip/xc32/v4.60/bin/bin/../../lib/gcc/pic32c/8.3.1/../../../../pic32c/lib/thumb/v8-m.base/nofp\libpic32c.a(pic32_data_init_copy.o)

.debug_abbrev   0x0000000000000000     0x265f
 .debug_abbrev  0x0000000000000000      0x26a build/default/debug/main.o
 .debug_abbrev  0x000000000000026a      0x1f2 build/default/debug/irq_handlers.o
 .debug_abbrev  0x000000000000045c      0x20f build/default/debug/platform.o
 .debug_abbrev  0x000000000000066b      0x262 build/default/debug/usart.o
 .debug_abbrev  0x00000000000008cd       0xcb build/default/debug/locomotion.o
 .debug_abbrev  0x0000000000000998      0x25d build/default/debug/wall_following.o
 .debug_abbrev  0x0000000000000bf5       0xfa build/default/debug/line_following.o
 .debug_abbrev  0x0000000000000cef       0xb3 build/default/debug/check_sensors.o
 .debug_abbrev  0x0000000000000da2      0x129 C:\Users\Jami\AppData\Local\Temp\ccohv5sZ.o
 .debug_abbrev  0x0000000000000ecb       0x44 c:/program files/microchip/xc32/v4.60/bin/bin/../../lib/gcc/pic32c/8.3.1/../../../../pic32c/lib/thumb/v8-m.base/nofp\libpic32c.a(data_init.o)
 .debug_abbrev  0x0000000000000f0f       0xa7 c:/program files/microchip/xc32/v4.60/bin/bin/../../lib/gcc/pic32c/8.3.1/../../../../pic32c/lib/thumb/v8-m.base/nofp\libc-size-musl.a(memcmp.o)
 .debug_abbrev  0x0000000000000fb6       0xa2 c:/program files/microchip/xc32/v4.60/bin/bin/../../lib/gcc/pic32c/8.3.1/../../../../pic32c/lib/thumb/v8-m.base/nofp\libc-size-musl.a(memset.o)
 .debug_abbrev  0x0000000000001058       0x91 c:/program files/microchip/xc32/v4.60/bin/bin/../../lib/gcc/pic32c/8.3.1/../../../../pic32c/lib/thumb/v8-m.base/nofp\libc-size-musl.a(strlen.o)
 .debug_abbrev  0x00000000000010e9      0x133 c:/program files/microchip/xc32/v4.60/bin/bin/../../lib/gcc/pic32c/8.3.1/../../../../pic32c/lib/thumb/v8-m.base/nofp\libg-musl.a(__libc_start_main.o)
 .debug_abbrev  0x000000000000121c       0xd4 c:/program files/microchip/xc32/v4.60/bin/bin/../../lib/gcc/pic32c/8.3.1/../../../../pic32c/lib/thumb/v8-m.base/nofp\libg-musl.a(libc.o)
 .debug_abbrev  0x00000000000012f0      0x12b c:/program files/microchip/xc32/v4.60/bin/bin/../../lib/gcc/pic32c/8.3.1/../../../../pic32c/lib/thumb/v8-m.base/nofp\libg-musl.a(__sio_snprintf_cdnsu.o)
 .debug_abbrev  0x000000000000141b      0x161 c:/program files/microchip/xc32/v4.60/bin/bin/../../lib/gcc/pic32c/8.3.1/../../../../pic32c/lib/thumb/v8-m.base/nofp\libg-musl.a(__fmt_d.o)
 .debug_abbrev  0x000000000000157c      0x15e c:/program files/microchip/xc32/v4.60/bin/bin/../../lib/gcc/pic32c/8.3.1/../../../../pic32c/lib/thumb/v8-m.base/nofp\libg-musl.a(__fmt_s.o)
 .debug_abbrev  0x00000000000016da      0x161 c:/program files/microchip/xc32/v4.60/bin/bin/../../lib/gcc/pic32c/8.3.1/../../../../pic32c/lib/thumb/v8-m.base/nofp\libg-musl.a(__fmt_u.o)
 .debug_abbrev  0x000000000000183b       0xdc c:/program files/microchip/xc32/v4.60/bin/bin/../../lib/gcc/pic32c/8.3.1/../../../../pic32c/lib/thumb/v8-m.base/nofp\libg-musl.a(__pop_int.o)
 .debug_abbrev  0x0000000000001917       0xdc c:/program files/microchip/xc32/v4.60/bin/bin/../../lib/gcc/pic32c/8.3.1/../../../../pic32c/lib/thumb/v8-m.base/nofp\libg-musl.a(__pop_ptr.o)
 .debug_abbrev  0x00000000000019f3      0x317 c:/program files/microchip/xc32/v4.60/bin/bin/../../lib/gcc/pic32c/8.3.1/../../../../pic32c/lib/thumb/v8-m.base/nofp\libg-musl.a(__printf_core.o)
 .debug_abbrev  0x0000000000001d0a       0xc6 c:/program files/microchip/xc32/v4.60/bin/bin/../../lib/gcc/pic32c/8.3.1/../../../../pic32c/lib/thumb/v8-m.base/nofp\libg-musl.a(atoi.o)
 .debug_abbrev  0x0000000000001dd0       0xf4 c:/program files/microchip/xc32/v4.60/bin/bin/../../lib/gcc/pic32c/8.3.1/../../../../pic32c/lib/thumb/v8-m.base/nofp\libg-musl.a(tolower.o)
 .debug_abbrev  0x0000000000001ec4       0x62 c:/program files/microchip/xc32/v4.60/bin/bin/../../lib/gcc/pic32c/8.3.1/../../../../pic32c/lib/thumb/v8-m.base/nofp\libg-musl.a(__environ.o)
 .debug_abbrev  0x0000000000001f26       0x39 c:/program files/microchip/xc32/v4.60/bin/bin/../../lib/gcc/pic32c/8.3.1/../../../../pic32c/lib/thumb/v8-m.base/nofp\libg-musl.a(__errno_location.o)
 .debug_abbrev  0x0000000000001f5f      0x154 c:/program files/microchip/xc32/v4.60/bin/bin/../../lib/gcc/pic32c/8.3.1/../../../../pic32c/lib/thumb/v8-m.base/nofp\libg-musl.a(__int_vsnprintf.o)
 .debug_abbrev  0x00000000000020b3       0xf3 c:/program files/microchip/xc32/v4.60/bin/bin/../../lib/gcc/pic32c/8.3.1/../../../../pic32c/lib/thumb/v8-m.base/nofp\libg-musl.a(__cvt_u.o)
 .debug_abbrev  0x00000000000021a6       0xdc c:/program files/microchip/xc32/v4.60/bin/bin/../../lib/gcc/pic32c/8.3.1/../../../../pic32c/lib/thumb/v8-m.base/nofp\libg-musl.a(__pop_float.o)
 .debug_abbrev  0x0000000000002282      0x132 c:/program files/microchip/xc32/v4.60/bin/bin/../../lib/gcc/pic32c/8.3.1/../../../../pic32c/lib/thumb/v8-m.base/nofp\libg-musl.a(__int_vfprintf.o)
 .debug_abbrev  0x00000000000023b4       0x14 c:/program files/microchip/xc32/v4.60/bin/bin/../../lib/gcc/pic32c/8.3.1/thumb/v8-m.base/nofp\libgcc.a(_aeabi_uldivmod.o)
 .debug_abbrev  0x00000000000023c8      0x158 c:/program files/microchip/xc32/v4.60/bin/bin/../../lib/gcc/pic32c/8.3.1/thumb/v8-m.base/nofp\libgcc.a(_udivmoddi4.o)
 .debug_abbrev  0x0000000000002520       0x14 c:/program files/microchip/xc32/v4.60/bin/bin/../../lib/gcc/pic32c/8.3.1/thumb/v8-m.base/nofp\libgcc.a(_dvmd_tls.o)
 .debug_abbrev  0x0000000000002534       0x14 c:/program files/microchip/xc32/v4.60/bin/bin/../../lib/gcc/pic32c/8.3.1/thumb/v8-m.base/nofp\libgcc.a(_clzsi2.o)
 .debug_abbrev  0x0000000000002548       0xbb c:/program files/microchip/xc32/v4.60/bin/bin/../../lib/gcc/pic32c/8.3.1/../../../../pic32c/lib/thumb/v8-m.base/nofp\libc-size-musl.a(memcpy.o)
 .debug_abbrev  0x0000000000002603       0x2e c:/program files/microchip/xc32/v4.60/bin/bin/../../lib/gcc/pic32c/8.3.1/../../../../pic32c/lib/thumb/v8-m.base/nofp\libpic32c.a(pic32_data_init_clear.o)
 .debug_abbrev  0x0000000000002631       0x2e c:/program files/microchip/xc32/v4.60/bin/bin/../../lib/gcc/pic32c/8.3.1/../../../../pic32c/lib/thumb/v8-m.base/nofp\libpic32c.a(pic32_data_init_copy.o)

.debug_loc      0x0000000000000000     0x373f
 .debug_loc     0x0000000000000000       0xe0 build/default/debug/main.o
 .debug_loc     0x00000000000000e0      0x184 build/default/debug/irq_handlers.o
 .debug_loc     0x0000000000000264      0x264 build/default/debug/platform.o
 .debug_loc     0x00000000000004c8      0x214 build/default/debug/usart.o
 .debug_loc     0x00000000000006dc      0x1e4 build/default/debug/locomotion.o
 .debug_loc     0x00000000000008c0      0x376 build/default/debug/wall_following.o
 .debug_loc     0x0000000000000c36       0x70 build/default/debug/line_following.o
 .debug_loc     0x0000000000000ca6      0x108 build/default/debug/check_sensors.o
 .debug_loc     0x0000000000000dae       0x14 c:/program files/microchip/xc32/v4.60/bin/bin/../../lib/gcc/pic32c/8.3.1/../../../../pic32c/lib/thumb/v8-m.base/nofp\libpic32c.a(data_init.o)
 .debug_loc     0x0000000000000dc2      0x15e c:/program files/microchip/xc32/v4.60/bin/bin/../../lib/gcc/pic32c/8.3.1/../../../../pic32c/lib/thumb/v8-m.base/nofp\libc-size-musl.a(memcmp.o)
 .debug_loc     0x0000000000000f20       0xcd c:/program files/microchip/xc32/v4.60/bin/bin/../../lib/gcc/pic32c/8.3.1/../../../../pic32c/lib/thumb/v8-m.base/nofp\libc-size-musl.a(memset.o)
 .debug_loc     0x0000000000000fed       0x81 c:/program files/microchip/xc32/v4.60/bin/bin/../../lib/gcc/pic32c/8.3.1/../../../../pic32c/lib/thumb/v8-m.base/nofp\libc-size-musl.a(strlen.o)
 .debug_loc     0x000000000000106e       0x5e c:/program files/microchip/xc32/v4.60/bin/bin/../../lib/gcc/pic32c/8.3.1/../../../../pic32c/lib/thumb/v8-m.base/nofp\libg-musl.a(__libc_start_main.o)
 .debug_loc     0x00000000000010cc       0xab c:/program files/microchip/xc32/v4.60/bin/bin/../../lib/gcc/pic32c/8.3.1/../../../../pic32c/lib/thumb/v8-m.base/nofp\libg-musl.a(__sio_snprintf_cdnsu.o)
 .debug_loc     0x0000000000001177      0x2a6 c:/program files/microchip/xc32/v4.60/bin/bin/../../lib/gcc/pic32c/8.3.1/../../../../pic32c/lib/thumb/v8-m.base/nofp\libg-musl.a(__fmt_d.o)
 .debug_loc     0x000000000000141d      0x144 c:/program files/microchip/xc32/v4.60/bin/bin/../../lib/gcc/pic32c/8.3.1/../../../../pic32c/lib/thumb/v8-m.base/nofp\libg-musl.a(__fmt_s.o)
 .debug_loc     0x0000000000001561      0x12d c:/program files/microchip/xc32/v4.60/bin/bin/../../lib/gcc/pic32c/8.3.1/../../../../pic32c/lib/thumb/v8-m.base/nofp\libg-musl.a(__fmt_u.o)
 .debug_loc     0x000000000000168e      0x34c c:/program files/microchip/xc32/v4.60/bin/bin/../../lib/gcc/pic32c/8.3.1/../../../../pic32c/lib/thumb/v8-m.base/nofp\libg-musl.a(__pop_int.o)
 .debug_loc     0x00000000000019da      0x1fe c:/program files/microchip/xc32/v4.60/bin/bin/../../lib/gcc/pic32c/8.3.1/../../../../pic32c/lib/thumb/v8-m.base/nofp\libg-musl.a(__pop_ptr.o)
 .debug_loc     0x0000000000001bd8      0x6bd c:/program files/microchip/xc32/v4.60/bin/bin/../../lib/gcc/pic32c/8.3.1/../../../../pic32c/lib/thumb/v8-m.base/nofp\libg-musl.a(__printf_core.o)
 .debug_loc     0x0000000000002295       0xdc c:/program files/microchip/xc32/v4.60/bin/bin/../../lib/gcc/pic32c/8.3.1/../../../../pic32c/lib/thumb/v8-m.base/nofp\libg-musl.a(atoi.o)
 .debug_loc     0x0000000000002371       0x8f c:/program files/microchip/xc32/v4.60/bin/bin/../../lib/gcc/pic32c/8.3.1/../../../../pic32c/lib/thumb/v8-m.base/nofp\libg-musl.a(tolower.o)
 .debug_loc     0x0000000000002400      0x102 c:/program files/microchip/xc32/v4.60/bin/bin/../../lib/gcc/pic32c/8.3.1/../../../../pic32c/lib/thumb/v8-m.base/nofp\libg-musl.a(__int_vsnprintf.o)
 .debug_loc     0x0000000000002502      0x1d3 c:/program files/microchip/xc32/v4.60/bin/bin/../../lib/gcc/pic32c/8.3.1/../../../../pic32c/lib/thumb/v8-m.base/nofp\libg-musl.a(__cvt_u.o)
 .debug_loc     0x00000000000026d5       0x6f c:/program files/microchip/xc32/v4.60/bin/bin/../../lib/gcc/pic32c/8.3.1/../../../../pic32c/lib/thumb/v8-m.base/nofp\libg-musl.a(__pop_float.o)
 .debug_loc     0x0000000000002744       0xb0 c:/program files/microchip/xc32/v4.60/bin/bin/../../lib/gcc/pic32c/8.3.1/../../../../pic32c/lib/thumb/v8-m.base/nofp\libg-musl.a(__int_vfprintf.o)
 .debug_loc     0x00000000000027f4      0xe0a c:/program files/microchip/xc32/v4.60/bin/bin/../../lib/gcc/pic32c/8.3.1/thumb/v8-m.base/nofp\libgcc.a(_udivmoddi4.o)
 .debug_loc     0x00000000000035fe      0x12d c:/program files/microchip/xc32/v4.60/bin/bin/../../lib/gcc/pic32c/8.3.1/../../../../pic32c/lib/thumb/v8-m.base/nofp\libc-size-musl.a(memcpy.o)
 .debug_loc     0x000000000000372b       0x14 c:/program files/microchip/xc32/v4.60/bin/bin/../../lib/gcc/pic32c/8.3.1/../../../../pic32c/lib/thumb/v8-m.base/nofp\libpic32c.a(pic32_data_init_copy.o)

.debug_aranges  0x0000000000000000      0x4e8
 .debug_aranges
                0x0000000000000000       0x20 build/default/debug/main.o
 .debug_aranges
                0x0000000000000020       0x20 build/default/debug/irq_handlers.o
 .debug_aranges
                0x0000000000000040       0x20 build/default/debug/platform.o
 .debug_aranges
                0x0000000000000060       0x20 build/default/debug/usart.o
 .debug_aranges
                0x0000000000000080       0x20 build/default/debug/locomotion.o
 .debug_aranges
                0x00000000000000a0       0x20 build/default/debug/wall_following.o
 .debug_aranges
                0x00000000000000c0       0x20 build/default/debug/line_following.o
 .debug_aranges
                0x00000000000000e0       0x20 build/default/debug/check_sensors.o
 .debug_aranges
                0x0000000000000100       0x28 C:\Users\Jami\AppData\Local\Temp\ccohv5sZ.o
 .debug_aranges
                0x0000000000000128       0x30 c:/program files/microchip/xc32/v4.60/bin/bin/../../lib/gcc/pic32c/8.3.1/../../../../pic32c/lib/thumb/v8-m.base/nofp\libpic32c.a(data_init.o)
 .debug_aranges
                0x0000000000000158       0x20 c:/program files/microchip/xc32/v4.60/bin/bin/../../lib/gcc/pic32c/8.3.1/../../../../pic32c/lib/thumb/v8-m.base/nofp\libc-size-musl.a(memcmp.o)
 .debug_aranges
                0x0000000000000178       0x20 c:/program files/microchip/xc32/v4.60/bin/bin/../../lib/gcc/pic32c/8.3.1/../../../../pic32c/lib/thumb/v8-m.base/nofp\libc-size-musl.a(memset.o)
 .debug_aranges
                0x0000000000000198       0x20 c:/program files/microchip/xc32/v4.60/bin/bin/../../lib/gcc/pic32c/8.3.1/../../../../pic32c/lib/thumb/v8-m.base/nofp\libc-size-musl.a(strlen.o)
 .debug_aranges
                0x00000000000001b8       0x28 c:/program files/microchip/xc32/v4.60/bin/bin/../../lib/gcc/pic32c/8.3.1/../../../../pic32c/lib/thumb/v8-m.base/nofp\libg-musl.a(__libc_start_main.o)
 .debug_aranges
                0x00000000000001e0       0x18 c:/program files/microchip/xc32/v4.60/bin/bin/../../lib/gcc/pic32c/8.3.1/../../../../pic32c/lib/thumb/v8-m.base/nofp\libg-musl.a(libc.o)
 .debug_aranges
                0x00000000000001f8       0x28 c:/program files/microchip/xc32/v4.60/bin/bin/../../lib/gcc/pic32c/8.3.1/../../../../pic32c/lib/thumb/v8-m.base/nofp\libg-musl.a(__sio_snprintf_cdnsu.o)
 .debug_aranges
                0x0000000000000220       0x20 c:/program files/microchip/xc32/v4.60/bin/bin/../../lib/gcc/pic32c/8.3.1/../../../../pic32c/lib/thumb/v8-m.base/nofp\libg-musl.a(__fmt_d.o)
 .debug_aranges
                0x0000000000000240       0x20 c:/program files/microchip/xc32/v4.60/bin/bin/../../lib/gcc/pic32c/8.3.1/../../../../pic32c/lib/thumb/v8-m.base/nofp\libg-musl.a(__fmt_s.o)
 .debug_aranges
                0x0000000000000260       0x20 c:/program files/microchip/xc32/v4.60/bin/bin/../../lib/gcc/pic32c/8.3.1/../../../../pic32c/lib/thumb/v8-m.base/nofp\libg-musl.a(__fmt_u.o)
 .debug_aranges
                0x0000000000000280       0x20 c:/program files/microchip/xc32/v4.60/bin/bin/../../lib/gcc/pic32c/8.3.1/../../../../pic32c/lib/thumb/v8-m.base/nofp\libg-musl.a(__pop_int.o)
 .debug_aranges
                0x00000000000002a0       0x20 c:/program files/microchip/xc32/v4.60/bin/bin/../../lib/gcc/pic32c/8.3.1/../../../../pic32c/lib/thumb/v8-m.base/nofp\libg-musl.a(__pop_ptr.o)
 .debug_aranges
                0x00000000000002c0       0x50 c:/program files/microchip/xc32/v4.60/bin/bin/../../lib/gcc/pic32c/8.3.1/../../../../pic32c/lib/thumb/v8-m.base/nofp\libg-musl.a(__printf_core.o)
 .debug_aranges
                0x0000000000000310       0x20 c:/program files/microchip/xc32/v4.60/bin/bin/../../lib/gcc/pic32c/8.3.1/../../../../pic32c/lib/thumb/v8-m.base/nofp\libg-musl.a(atoi.o)
 .debug_aranges
                0x0000000000000330       0x28 c:/program files/microchip/xc32/v4.60/bin/bin/../../lib/gcc/pic32c/8.3.1/../../../../pic32c/lib/thumb/v8-m.base/nofp\libg-musl.a(tolower.o)
 .debug_aranges
                0x0000000000000358       0x18 c:/program files/microchip/xc32/v4.60/bin/bin/../../lib/gcc/pic32c/8.3.1/../../../../pic32c/lib/thumb/v8-m.base/nofp\libg-musl.a(__environ.o)
 .debug_aranges
                0x0000000000000370       0x18 c:/program files/microchip/xc32/v4.60/bin/bin/../../lib/gcc/pic32c/8.3.1/../../../../pic32c/lib/thumb/v8-m.base/nofp\libg-musl.a(__errno_location.o)
 .debug_aranges
                0x0000000000000388       0x20 c:/program files/microchip/xc32/v4.60/bin/bin/../../lib/gcc/pic32c/8.3.1/../../../../pic32c/lib/thumb/v8-m.base/nofp\libg-musl.a(__int_vsnprintf.o)
 .debug_aranges
                0x00000000000003a8       0x20 c:/program files/microchip/xc32/v4.60/bin/bin/../../lib/gcc/pic32c/8.3.1/../../../../pic32c/lib/thumb/v8-m.base/nofp\libg-musl.a(__cvt_u.o)
 .debug_aranges
                0x00000000000003c8       0x20 c:/program files/microchip/xc32/v4.60/bin/bin/../../lib/gcc/pic32c/8.3.1/../../../../pic32c/lib/thumb/v8-m.base/nofp\libg-musl.a(__pop_float.o)
 .debug_aranges
                0x00000000000003e8       0x20 c:/program files/microchip/xc32/v4.60/bin/bin/../../lib/gcc/pic32c/8.3.1/../../../../pic32c/lib/thumb/v8-m.base/nofp\libg-musl.a(__int_vfprintf.o)
 .debug_aranges
                0x0000000000000408       0x20 c:/program files/microchip/xc32/v4.60/bin/bin/../../lib/gcc/pic32c/8.3.1/thumb/v8-m.base/nofp\libgcc.a(_aeabi_uldivmod.o)
 .debug_aranges
                0x0000000000000428       0x20 c:/program files/microchip/xc32/v4.60/bin/bin/../../lib/gcc/pic32c/8.3.1/thumb/v8-m.base/nofp\libgcc.a(_udivmoddi4.o)
 .debug_aranges
                0x0000000000000448       0x20 c:/program files/microchip/xc32/v4.60/bin/bin/../../lib/gcc/pic32c/8.3.1/thumb/v8-m.base/nofp\libgcc.a(_dvmd_tls.o)
 .debug_aranges
                0x0000000000000468       0x20 c:/program files/microchip/xc32/v4.60/bin/bin/../../lib/gcc/pic32c/8.3.1/thumb/v8-m.base/nofp\libgcc.a(_clzsi2.o)
 .debug_aranges
                0x0000000000000488       0x20 c:/program files/microchip/xc32/v4.60/bin/bin/../../lib/gcc/pic32c/8.3.1/../../../../pic32c/lib/thumb/v8-m.base/nofp\libc-size-musl.a(memcpy.o)
 .debug_aranges
                0x00000000000004a8       0x20 c:/program files/microchip/xc32/v4.60/bin/bin/../../lib/gcc/pic32c/8.3.1/../../../../pic32c/lib/thumb/v8-m.base/nofp\libpic32c.a(pic32_data_init_clear.o)
 .debug_aranges
                0x00000000000004c8       0x20 c:/program files/microchip/xc32/v4.60/bin/bin/../../lib/gcc/pic32c/8.3.1/../../../../pic32c/lib/thumb/v8-m.base/nofp\libpic32c.a(pic32_data_init_copy.o)

.debug_line     0x0000000000000000     0x4b1e
 .debug_line    0x0000000000000000      0x54a build/default/debug/main.o
 .debug_line    0x000000000000054a      0x233 build/default/debug/irq_handlers.o
 .debug_line    0x000000000000077d      0x6ba build/default/debug/platform.o
 .debug_line    0x0000000000000e37      0x4c2 build/default/debug/usart.o
 .debug_line    0x00000000000012f9      0x17d build/default/debug/locomotion.o
 .debug_line    0x0000000000001476        0x0 build/default/debug/wireless.o
 .debug_line    0x0000000000001476      0x6f6 build/default/debug/wall_following.o
 .debug_line    0x0000000000001b6c      0x222 build/default/debug/line_following.o
 .debug_line    0x0000000000001d8e      0x16d build/default/debug/check_sensors.o
 .debug_line    0x0000000000001efb      0x220 C:\Users\Jami\AppData\Local\Temp\ccohv5sZ.o
 .debug_line    0x000000000000211b       0xa5 c:/program files/microchip/xc32/v4.60/bin/bin/../../lib/gcc/pic32c/8.3.1/../../../../pic32c/lib/thumb/v8-m.base/nofp\libpic32c.a(data_init.o)
 .debug_line    0x00000000000021c0       0xdd c:/program files/microchip/xc32/v4.60/bin/bin/../../lib/gcc/pic32c/8.3.1/../../../../pic32c/lib/thumb/v8-m.base/nofp\libc-size-musl.a(memcmp.o)
 .debug_line    0x000000000000229d       0xe3 c:/program files/microchip/xc32/v4.60/bin/bin/../../lib/gcc/pic32c/8.3.1/../../../../pic32c/lib/thumb/v8-m.base/nofp\libc-size-musl.a(memset.o)
 .debug_line    0x0000000000002380       0xee c:/program files/microchip/xc32/v4.60/bin/bin/../../lib/gcc/pic32c/8.3.1/../../../../pic32c/lib/thumb/v8-m.base/nofp\libc-size-musl.a(strlen.o)
 .debug_line    0x000000000000246e      0x1bf c:/program files/microchip/xc32/v4.60/bin/bin/../../lib/gcc/pic32c/8.3.1/../../../../pic32c/lib/thumb/v8-m.base/nofp\libg-musl.a(__libc_start_main.o)
 .debug_line    0x000000000000262d       0xb5 c:/program files/microchip/xc32/v4.60/bin/bin/../../lib/gcc/pic32c/8.3.1/../../../../pic32c/lib/thumb/v8-m.base/nofp\libg-musl.a(libc.o)
 .debug_line    0x00000000000026e2      0x1a7 c:/program files/microchip/xc32/v4.60/bin/bin/../../lib/gcc/pic32c/8.3.1/../../../../pic32c/lib/thumb/v8-m.base/nofp\libg-musl.a(__sio_snprintf_cdnsu.o)
 .debug_line    0x0000000000002889      0x201 c:/program files/microchip/xc32/v4.60/bin/bin/../../lib/gcc/pic32c/8.3.1/../../../../pic32c/lib/thumb/v8-m.base/nofp\libg-musl.a(__fmt_d.o)
 .debug_line    0x0000000000002a8a      0x204 c:/program files/microchip/xc32/v4.60/bin/bin/../../lib/gcc/pic32c/8.3.1/../../../../pic32c/lib/thumb/v8-m.base/nofp\libg-musl.a(__fmt_s.o)
 .debug_line    0x0000000000002c8e      0x187 c:/program files/microchip/xc32/v4.60/bin/bin/../../lib/gcc/pic32c/8.3.1/../../../../pic32c/lib/thumb/v8-m.base/nofp\libg-musl.a(__fmt_u.o)
 .debug_line    0x0000000000002e15      0x211 c:/program files/microchip/xc32/v4.60/bin/bin/../../lib/gcc/pic32c/8.3.1/../../../../pic32c/lib/thumb/v8-m.base/nofp\libg-musl.a(__pop_int.o)
 .debug_line    0x0000000000003026      0x1c8 c:/program files/microchip/xc32/v4.60/bin/bin/../../lib/gcc/pic32c/8.3.1/../../../../pic32c/lib/thumb/v8-m.base/nofp\libg-musl.a(__pop_ptr.o)
 .debug_line    0x00000000000031ee      0x6c5 c:/program files/microchip/xc32/v4.60/bin/bin/../../lib/gcc/pic32c/8.3.1/../../../../pic32c/lib/thumb/v8-m.base/nofp\libg-musl.a(__printf_core.o)
 .debug_line    0x00000000000038b3      0x173 c:/program files/microchip/xc32/v4.60/bin/bin/../../lib/gcc/pic32c/8.3.1/../../../../pic32c/lib/thumb/v8-m.base/nofp\libg-musl.a(atoi.o)
 .debug_line    0x0000000000003a26      0x15c c:/program files/microchip/xc32/v4.60/bin/bin/../../lib/gcc/pic32c/8.3.1/../../../../pic32c/lib/thumb/v8-m.base/nofp\libg-musl.a(tolower.o)
 .debug_line    0x0000000000003b82       0xfb c:/program files/microchip/xc32/v4.60/bin/bin/../../lib/gcc/pic32c/8.3.1/../../../../pic32c/lib/thumb/v8-m.base/nofp\libg-musl.a(__environ.o)
 .debug_line    0x0000000000003c7d       0x9a c:/program files/microchip/xc32/v4.60/bin/bin/../../lib/gcc/pic32c/8.3.1/../../../../pic32c/lib/thumb/v8-m.base/nofp\libg-musl.a(__errno_location.o)
 .debug_line    0x0000000000003d17      0x1c4 c:/program files/microchip/xc32/v4.60/bin/bin/../../lib/gcc/pic32c/8.3.1/../../../../pic32c/lib/thumb/v8-m.base/nofp\libg-musl.a(__int_vsnprintf.o)
 .debug_line    0x0000000000003edb      0x1d7 c:/program files/microchip/xc32/v4.60/bin/bin/../../lib/gcc/pic32c/8.3.1/../../../../pic32c/lib/thumb/v8-m.base/nofp\libg-musl.a(__cvt_u.o)
 .debug_line    0x00000000000040b2      0x166 c:/program files/microchip/xc32/v4.60/bin/bin/../../lib/gcc/pic32c/8.3.1/../../../../pic32c/lib/thumb/v8-m.base/nofp\libg-musl.a(__pop_float.o)
 .debug_line    0x0000000000004218      0x172 c:/program files/microchip/xc32/v4.60/bin/bin/../../lib/gcc/pic32c/8.3.1/../../../../pic32c/lib/thumb/v8-m.base/nofp\libg-musl.a(__int_vfprintf.o)
 .debug_line    0x000000000000438a       0x9c c:/program files/microchip/xc32/v4.60/bin/bin/../../lib/gcc/pic32c/8.3.1/thumb/v8-m.base/nofp\libgcc.a(_aeabi_uldivmod.o)
 .debug_line    0x0000000000004426      0x3dd c:/program files/microchip/xc32/v4.60/bin/bin/../../lib/gcc/pic32c/8.3.1/thumb/v8-m.base/nofp\libgcc.a(_udivmoddi4.o)
 .debug_line    0x0000000000004803       0x91 c:/program files/microchip/xc32/v4.60/bin/bin/../../lib/gcc/pic32c/8.3.1/thumb/v8-m.base/nofp\libgcc.a(_dvmd_tls.o)
 .debug_line    0x0000000000004894       0xa5 c:/program files/microchip/xc32/v4.60/bin/bin/../../lib/gcc/pic32c/8.3.1/thumb/v8-m.base/nofp\libgcc.a(_clzsi2.o)
 .debug_line    0x0000000000004939       0xee c:/program files/microchip/xc32/v4.60/bin/bin/../../lib/gcc/pic32c/8.3.1/../../../../pic32c/lib/thumb/v8-m.base/nofp\libc-size-musl.a(memcpy.o)
 .debug_line    0x0000000000004a27       0x6f c:/program files/microchip/xc32/v4.60/bin/bin/../../lib/gcc/pic32c/8.3.1/../../../../pic32c/lib/thumb/v8-m.base/nofp\libpic32c.a(pic32_data_init_clear.o)
 .debug_line    0x0000000000004a96       0x88 c:/program files/microchip/xc32/v4.60/bin/bin/../../lib/gcc/pic32c/8.3.1/../../../../pic32c/lib/thumb/v8-m.base/nofp\libpic32c.a(pic32_data_init_copy.o)

.debug_str      0x0000000000000000     0x89bd
 .debug_str     0x0000000000000000      0x60f build/default/debug/main.o
 .debug_str     0x000000000000060f      0x572 build/default/debug/irq_handlers.o
 .debug_str     0x0000000000000b81     0x112b build/default/debug/platform.o
 .debug_str     0x0000000000001cac      0x837 build/default/debug/usart.o
 .debug_str     0x00000000000024e3      0x3e7 build/default/debug/locomotion.o
 .debug_str     0x00000000000028ca      0x1db build/default/debug/wireless.o
 .debug_str     0x0000000000002aa5      0x7e6 build/default/debug/wall_following.o
 .debug_str     0x000000000000328b      0x421 build/default/debug/line_following.o
 .debug_str     0x00000000000036ac      0x3d1 build/default/debug/check_sensors.o
 .debug_str     0x0000000000003a7d      0x9f6 C:\Users\Jami\AppData\Local\Temp\ccohv5sZ.o
 .debug_str     0x0000000000004473      0x209 c:/program files/microchip/xc32/v4.60/bin/bin/../../lib/gcc/pic32c/8.3.1/../../../../pic32c/lib/thumb/v8-m.base/nofp\libpic32c.a(data_init.o)
 .debug_str     0x000000000000467c      0x21c c:/program files/microchip/xc32/v4.60/bin/bin/../../lib/gcc/pic32c/8.3.1/../../../../pic32c/lib/thumb/v8-m.base/nofp\libc-size-musl.a(memcmp.o)
 .debug_str     0x0000000000004898      0x21e c:/program files/microchip/xc32/v4.60/bin/bin/../../lib/gcc/pic32c/8.3.1/../../../../pic32c/lib/thumb/v8-m.base/nofp\libc-size-musl.a(memset.o)
 .debug_str     0x0000000000004ab6      0x224 c:/program files/microchip/xc32/v4.60/bin/bin/../../lib/gcc/pic32c/8.3.1/../../../../pic32c/lib/thumb/v8-m.base/nofp\libc-size-musl.a(strlen.o)
 .debug_str     0x0000000000004cda      0x3d7 c:/program files/microchip/xc32/v4.60/bin/bin/../../lib/gcc/pic32c/8.3.1/../../../../pic32c/lib/thumb/v8-m.base/nofp\libg-musl.a(__libc_start_main.o)
 .debug_str     0x00000000000050b1      0x342 c:/program files/microchip/xc32/v4.60/bin/bin/../../lib/gcc/pic32c/8.3.1/../../../../pic32c/lib/thumb/v8-m.base/nofp\libg-musl.a(libc.o)
 .debug_str     0x00000000000053f3      0x329 c:/program files/microchip/xc32/v4.60/bin/bin/../../lib/gcc/pic32c/8.3.1/../../../../pic32c/lib/thumb/v8-m.base/nofp\libg-musl.a(__sio_snprintf_cdnsu.o)
 .debug_str     0x000000000000571c      0x302 c:/program files/microchip/xc32/v4.60/bin/bin/../../lib/gcc/pic32c/8.3.1/../../../../pic32c/lib/thumb/v8-m.base/nofp\libg-musl.a(__fmt_d.o)
 .debug_str     0x0000000000005a1e      0x306 c:/program files/microchip/xc32/v4.60/bin/bin/../../lib/gcc/pic32c/8.3.1/../../../../pic32c/lib/thumb/v8-m.base/nofp\libg-musl.a(__fmt_s.o)
 .debug_str     0x0000000000005d24      0x302 c:/program files/microchip/xc32/v4.60/bin/bin/../../lib/gcc/pic32c/8.3.1/../../../../pic32c/lib/thumb/v8-m.base/nofp\libg-musl.a(__fmt_u.o)
 .debug_str     0x0000000000006026      0x2d8 c:/program files/microchip/xc32/v4.60/bin/bin/../../lib/gcc/pic32c/8.3.1/../../../../pic32c/lib/thumb/v8-m.base/nofp\libg-musl.a(__pop_int.o)
 .debug_str     0x00000000000062fe      0x2da c:/program files/microchip/xc32/v4.60/bin/bin/../../lib/gcc/pic32c/8.3.1/../../../../pic32c/lib/thumb/v8-m.base/nofp\libg-musl.a(__pop_ptr.o)
 .debug_str     0x00000000000065d8      0x3f4 c:/program files/microchip/xc32/v4.60/bin/bin/../../lib/gcc/pic32c/8.3.1/../../../../pic32c/lib/thumb/v8-m.base/nofp\libg-musl.a(__printf_core.o)
 .debug_str     0x00000000000069cc      0x229 c:/program files/microchip/xc32/v4.60/bin/bin/../../lib/gcc/pic32c/8.3.1/../../../../pic32c/lib/thumb/v8-m.base/nofp\libg-musl.a(atoi.o)
 .debug_str     0x0000000000006bf5      0x256 c:/program files/microchip/xc32/v4.60/bin/bin/../../lib/gcc/pic32c/8.3.1/../../../../pic32c/lib/thumb/v8-m.base/nofp\libg-musl.a(tolower.o)
 .debug_str     0x0000000000006e4b      0x242 c:/program files/microchip/xc32/v4.60/bin/bin/../../lib/gcc/pic32c/8.3.1/../../../../pic32c/lib/thumb/v8-m.base/nofp\libg-musl.a(__environ.o)
 .debug_str     0x000000000000708d      0x236 c:/program files/microchip/xc32/v4.60/bin/bin/../../lib/gcc/pic32c/8.3.1/../../../../pic32c/lib/thumb/v8-m.base/nofp\libg-musl.a(__errno_location.o)
 .debug_str     0x00000000000072c3      0x301 c:/program files/microchip/xc32/v4.60/bin/bin/../../lib/gcc/pic32c/8.3.1/../../../../pic32c/lib/thumb/v8-m.base/nofp\libg-musl.a(__int_vsnprintf.o)
 .debug_str     0x00000000000075c4      0x2be c:/program files/microchip/xc32/v4.60/bin/bin/../../lib/gcc/pic32c/8.3.1/../../../../pic32c/lib/thumb/v8-m.base/nofp\libg-musl.a(__cvt_u.o)
 .debug_str     0x0000000000007882      0x2cd c:/program files/microchip/xc32/v4.60/bin/bin/../../lib/gcc/pic32c/8.3.1/../../../../pic32c/lib/thumb/v8-m.base/nofp\libg-musl.a(__pop_float.o)
 .debug_str     0x0000000000007b4f      0x2f6 c:/program files/microchip/xc32/v4.60/bin/bin/../../lib/gcc/pic32c/8.3.1/../../../../pic32c/lib/thumb/v8-m.base/nofp\libg-musl.a(__int_vfprintf.o)
 .debug_str     0x0000000000007e45       0xdb c:/program files/microchip/xc32/v4.60/bin/bin/../../lib/gcc/pic32c/8.3.1/thumb/v8-m.base/nofp\libgcc.a(_aeabi_uldivmod.o)
 .debug_str     0x0000000000007f20      0x2f3 c:/program files/microchip/xc32/v4.60/bin/bin/../../lib/gcc/pic32c/8.3.1/thumb/v8-m.base/nofp\libgcc.a(_udivmoddi4.o)
 .debug_str     0x0000000000008213       0xdb c:/program files/microchip/xc32/v4.60/bin/bin/../../lib/gcc/pic32c/8.3.1/thumb/v8-m.base/nofp\libgcc.a(_dvmd_tls.o)
 .debug_str     0x00000000000082ee       0xdb c:/program files/microchip/xc32/v4.60/bin/bin/../../lib/gcc/pic32c/8.3.1/thumb/v8-m.base/nofp\libgcc.a(_clzsi2.o)
 .debug_str     0x00000000000083c9      0x232 c:/program files/microchip/xc32/v4.60/bin/bin/../../lib/gcc/pic32c/8.3.1/../../../../pic32c/lib/thumb/v8-m.base/nofp\libc-size-musl.a(memcpy.o)
 .debug_str     0x00000000000085fb      0x1e2 c:/program files/microchip/xc32/v4.60/bin/bin/../../lib/gcc/pic32c/8.3.1/../../../../pic32c/lib/thumb/v8-m.base/nofp\libpic32c.a(pic32_data_init_clear.o)
 .debug_str     0x00000000000087dd      0x1e0 c:/program files/microchip/xc32/v4.60/bin/bin/../../lib/gcc/pic32c/8.3.1/../../../../pic32c/lib/thumb/v8-m.base/nofp\libpic32c.a(pic32_data_init_copy.o)

.debug_frame    0x0000000000000000      0xd68
 .debug_frame   0x0000000000000000       0x90 build/default/debug/main.o
 .debug_frame   0x0000000000000090       0xfc build/default/debug/irq_handlers.o
 .debug_frame   0x000000000000018c      0x17c build/default/debug/platform.o
 .debug_frame   0x0000000000000308      0x154 build/default/debug/usart.o
 .debug_frame   0x000000000000045c      0x144 build/default/debug/locomotion.o
 .debug_frame   0x00000000000005a0      0x214 build/default/debug/wall_following.o
 .debug_frame   0x00000000000007b4       0x50 build/default/debug/line_following.o
 .debug_frame   0x0000000000000804       0xb8 build/default/debug/check_sensors.o
 .debug_frame   0x00000000000008bc       0x30 C:\Users\Jami\AppData\Local\Temp\ccohv5sZ.o
 .debug_frame   0x00000000000008ec       0x48 c:/program files/microchip/xc32/v4.60/bin/bin/../../lib/gcc/pic32c/8.3.1/../../../../pic32c/lib/thumb/v8-m.base/nofp\libpic32c.a(data_init.o)
 .debug_frame   0x0000000000000934       0x2c c:/program files/microchip/xc32/v4.60/bin/bin/../../lib/gcc/pic32c/8.3.1/../../../../pic32c/lib/thumb/v8-m.base/nofp\libc-size-musl.a(memcmp.o)
 .debug_frame   0x0000000000000960       0x20 c:/program files/microchip/xc32/v4.60/bin/bin/../../lib/gcc/pic32c/8.3.1/../../../../pic32c/lib/thumb/v8-m.base/nofp\libc-size-musl.a(memset.o)
 .debug_frame   0x0000000000000980       0x20 c:/program files/microchip/xc32/v4.60/bin/bin/../../lib/gcc/pic32c/8.3.1/../../../../pic32c/lib/thumb/v8-m.base/nofp\libc-size-musl.a(strlen.o)
 .debug_frame   0x00000000000009a0       0x38 c:/program files/microchip/xc32/v4.60/bin/bin/../../lib/gcc/pic32c/8.3.1/../../../../pic32c/lib/thumb/v8-m.base/nofp\libg-musl.a(__libc_start_main.o)
 .debug_frame   0x00000000000009d8       0x48 c:/program files/microchip/xc32/v4.60/bin/bin/../../lib/gcc/pic32c/8.3.1/../../../../pic32c/lib/thumb/v8-m.base/nofp\libg-musl.a(__sio_snprintf_cdnsu.o)
 .debug_frame   0x0000000000000a20       0x30 c:/program files/microchip/xc32/v4.60/bin/bin/../../lib/gcc/pic32c/8.3.1/../../../../pic32c/lib/thumb/v8-m.base/nofp\libg-musl.a(__fmt_d.o)
 .debug_frame   0x0000000000000a50       0x30 c:/program files/microchip/xc32/v4.60/bin/bin/../../lib/gcc/pic32c/8.3.1/../../../../pic32c/lib/thumb/v8-m.base/nofp\libg-musl.a(__fmt_s.o)
 .debug_frame   0x0000000000000a80       0x30 c:/program files/microchip/xc32/v4.60/bin/bin/../../lib/gcc/pic32c/8.3.1/../../../../pic32c/lib/thumb/v8-m.base/nofp\libg-musl.a(__fmt_u.o)
 .debug_frame   0x0000000000000ab0       0x28 c:/program files/microchip/xc32/v4.60/bin/bin/../../lib/gcc/pic32c/8.3.1/../../../../pic32c/lib/thumb/v8-m.base/nofp\libg-musl.a(__pop_int.o)
 .debug_frame   0x0000000000000ad8       0x28 c:/program files/microchip/xc32/v4.60/bin/bin/../../lib/gcc/pic32c/8.3.1/../../../../pic32c/lib/thumb/v8-m.base/nofp\libg-musl.a(__pop_ptr.o)
 .debug_frame   0x0000000000000b00       0xbc c:/program files/microchip/xc32/v4.60/bin/bin/../../lib/gcc/pic32c/8.3.1/../../../../pic32c/lib/thumb/v8-m.base/nofp\libg-musl.a(__printf_core.o)
 .debug_frame   0x0000000000000bbc       0x28 c:/program files/microchip/xc32/v4.60/bin/bin/../../lib/gcc/pic32c/8.3.1/../../../../pic32c/lib/thumb/v8-m.base/nofp\libg-musl.a(atoi.o)
 .debug_frame   0x0000000000000be4       0x38 c:/program files/microchip/xc32/v4.60/bin/bin/../../lib/gcc/pic32c/8.3.1/../../../../pic32c/lib/thumb/v8-m.base/nofp\libg-musl.a(tolower.o)
 .debug_frame   0x0000000000000c1c       0x2c c:/program files/microchip/xc32/v4.60/bin/bin/../../lib/gcc/pic32c/8.3.1/../../../../pic32c/lib/thumb/v8-m.base/nofp\libg-musl.a(__int_vsnprintf.o)
 .debug_frame   0x0000000000000c48       0x34 c:/program files/microchip/xc32/v4.60/bin/bin/../../lib/gcc/pic32c/8.3.1/../../../../pic32c/lib/thumb/v8-m.base/nofp\libg-musl.a(__cvt_u.o)
 .debug_frame   0x0000000000000c7c       0x20 c:/program files/microchip/xc32/v4.60/bin/bin/../../lib/gcc/pic32c/8.3.1/../../../../pic32c/lib/thumb/v8-m.base/nofp\libg-musl.a(__pop_float.o)
 .debug_frame   0x0000000000000c9c       0x2c c:/program files/microchip/xc32/v4.60/bin/bin/../../lib/gcc/pic32c/8.3.1/../../../../pic32c/lib/thumb/v8-m.base/nofp\libg-musl.a(__int_vfprintf.o)
 .debug_frame   0x0000000000000cc8       0x30 c:/program files/microchip/xc32/v4.60/bin/bin/../../lib/gcc/pic32c/8.3.1/thumb/v8-m.base/nofp\libgcc.a(_udivmoddi4.o)
 .debug_frame   0x0000000000000cf8       0x28 c:/program files/microchip/xc32/v4.60/bin/bin/../../lib/gcc/pic32c/8.3.1/../../../../pic32c/lib/thumb/v8-m.base/nofp\libc-size-musl.a(memcpy.o)
 .debug_frame   0x0000000000000d20       0x20 c:/program files/microchip/xc32/v4.60/bin/bin/../../lib/gcc/pic32c/8.3.1/../../../../pic32c/lib/thumb/v8-m.base/nofp\libpic32c.a(pic32_data_init_clear.o)
 .debug_frame   0x0000000000000d40       0x28 c:/program files/microchip/xc32/v4.60/bin/bin/../../lib/gcc/pic32c/8.3.1/../../../../pic32c/lib/thumb/v8-m.base/nofp\libpic32c.a(pic32_data_init_copy.o)

.debug_ranges   0x0000000000000000      0x2c0
 .debug_ranges  0x0000000000000000       0x18 build/default/debug/wall_following.o
 .debug_ranges  0x0000000000000018       0x18 C:\Users\Jami\AppData\Local\Temp\ccohv5sZ.o
 .debug_ranges  0x0000000000000030       0x20 c:/program files/microchip/xc32/v4.60/bin/bin/../../lib/gcc/pic32c/8.3.1/../../../../pic32c/lib/thumb/v8-m.base/nofp\libpic32c.a(data_init.o)
 .debug_ranges  0x0000000000000050       0x10 c:/program files/microchip/xc32/v4.60/bin/bin/../../lib/gcc/pic32c/8.3.1/../../../../pic32c/lib/thumb/v8-m.base/nofp\libc-size-musl.a(memcmp.o)
 .debug_ranges  0x0000000000000060       0x10 c:/program files/microchip/xc32/v4.60/bin/bin/../../lib/gcc/pic32c/8.3.1/../../../../pic32c/lib/thumb/v8-m.base/nofp\libc-size-musl.a(memset.o)
 .debug_ranges  0x0000000000000070       0x10 c:/program files/microchip/xc32/v4.60/bin/bin/../../lib/gcc/pic32c/8.3.1/../../../../pic32c/lib/thumb/v8-m.base/nofp\libc-size-musl.a(strlen.o)
 .debug_ranges  0x0000000000000080       0x38 c:/program files/microchip/xc32/v4.60/bin/bin/../../lib/gcc/pic32c/8.3.1/../../../../pic32c/lib/thumb/v8-m.base/nofp\libg-musl.a(__libc_start_main.o)
 .debug_ranges  0x00000000000000b8       0x18 c:/program files/microchip/xc32/v4.60/bin/bin/../../lib/gcc/pic32c/8.3.1/../../../../pic32c/lib/thumb/v8-m.base/nofp\libg-musl.a(__sio_snprintf_cdnsu.o)
 .debug_ranges  0x00000000000000d0       0x10 c:/program files/microchip/xc32/v4.60/bin/bin/../../lib/gcc/pic32c/8.3.1/../../../../pic32c/lib/thumb/v8-m.base/nofp\libg-musl.a(__fmt_d.o)
 .debug_ranges  0x00000000000000e0       0x10 c:/program files/microchip/xc32/v4.60/bin/bin/../../lib/gcc/pic32c/8.3.1/../../../../pic32c/lib/thumb/v8-m.base/nofp\libg-musl.a(__fmt_s.o)
 .debug_ranges  0x00000000000000f0       0x10 c:/program files/microchip/xc32/v4.60/bin/bin/../../lib/gcc/pic32c/8.3.1/../../../../pic32c/lib/thumb/v8-m.base/nofp\libg-musl.a(__fmt_u.o)
 .debug_ranges  0x0000000000000100       0x10 c:/program files/microchip/xc32/v4.60/bin/bin/../../lib/gcc/pic32c/8.3.1/../../../../pic32c/lib/thumb/v8-m.base/nofp\libg-musl.a(__pop_int.o)
 .debug_ranges  0x0000000000000110       0x10 c:/program files/microchip/xc32/v4.60/bin/bin/../../lib/gcc/pic32c/8.3.1/../../../../pic32c/lib/thumb/v8-m.base/nofp\libg-musl.a(__pop_ptr.o)
 .debug_ranges  0x0000000000000120       0x58 c:/program files/microchip/xc32/v4.60/bin/bin/../../lib/gcc/pic32c/8.3.1/../../../../pic32c/lib/thumb/v8-m.base/nofp\libg-musl.a(__printf_core.o)
 .debug_ranges  0x0000000000000178       0x10 c:/program files/microchip/xc32/v4.60/bin/bin/../../lib/gcc/pic32c/8.3.1/../../../../pic32c/lib/thumb/v8-m.base/nofp\libg-musl.a(atoi.o)
 .debug_ranges  0x0000000000000188       0x18 c:/program files/microchip/xc32/v4.60/bin/bin/../../lib/gcc/pic32c/8.3.1/../../../../pic32c/lib/thumb/v8-m.base/nofp\libg-musl.a(tolower.o)
 .debug_ranges  0x00000000000001a0       0x10 c:/program files/microchip/xc32/v4.60/bin/bin/../../lib/gcc/pic32c/8.3.1/../../../../pic32c/lib/thumb/v8-m.base/nofp\libg-musl.a(__int_vsnprintf.o)
 .debug_ranges  0x00000000000001b0       0x10 c:/program files/microchip/xc32/v4.60/bin/bin/../../lib/gcc/pic32c/8.3.1/../../../../pic32c/lib/thumb/v8-m.base/nofp\libg-musl.a(__cvt_u.o)
 .debug_ranges  0x00000000000001c0       0x10 c:/program files/microchip/xc32/v4.60/bin/bin/../../lib/gcc/pic32c/8.3.1/../../../../pic32c/lib/thumb/v8-m.base/nofp\libg-musl.a(__pop_float.o)
 .debug_ranges  0x00000000000001d0       0x10 c:/program files/microchip/xc32/v4.60/bin/bin/../../lib/gcc/pic32c/8.3.1/../../../../pic32c/lib/thumb/v8-m.base/nofp\libg-musl.a(__int_vfprintf.o)
 .debug_ranges  0x00000000000001e0       0xb0 c:/program files/microchip/xc32/v4.60/bin/bin/../../lib/gcc/pic32c/8.3.1/thumb/v8-m.base/nofp\libgcc.a(_udivmoddi4.o)
 .debug_ranges  0x0000000000000290       0x10 c:/program files/microchip/xc32/v4.60/bin/bin/../../lib/gcc/pic32c/8.3.1/../../../../pic32c/lib/thumb/v8-m.base/nofp\libc-size-musl.a(memcpy.o)
 .debug_ranges  0x00000000000002a0       0x10 c:/program files/microchip/xc32/v4.60/bin/bin/../../lib/gcc/pic32c/8.3.1/../../../../pic32c/lib/thumb/v8-m.base/nofp\libpic32c.a(pic32_data_init_clear.o)
 .debug_ranges  0x00000000000002b0       0x10 c:/program files/microchip/xc32/v4.60/bin/bin/../../lib/gcc/pic32c/8.3.1/../../../../pic32c/lib/thumb/v8-m.base/nofp\libpic32c.a(pic32_data_init_copy.o)

.note.GNU-stack
                0x0000000000000000        0x0
 .note.GNU-stack
                0x0000000000000000        0x0 c:/program files/microchip/xc32/v4.60/bin/bin/../../lib/gcc/pic32c/8.3.1/../../../../pic32c/lib/thumb/v8-m.base/nofp\libc-size-musl.a(memcmp.o)
 .note.GNU-stack
                0x0000000000000000        0x0 c:/program files/microchip/xc32/v4.60/bin/bin/../../lib/gcc/pic32c/8.3.1/../../../../pic32c/lib/thumb/v8-m.base/nofp\libc-size-musl.a(memset.o)
 .note.GNU-stack
                0x0000000000000000        0x0 c:/program files/microchip/xc32/v4.60/bin/bin/../../lib/gcc/pic32c/8.3.1/../../../../pic32c/lib/thumb/v8-m.base/nofp\libc-size-musl.a(strlen.o)
 .note.GNU-stack
                0x0000000000000000        0x0 c:/program files/microchip/xc32/v4.60/bin/bin/../../lib/gcc/pic32c/8.3.1/../../../../pic32c/lib/thumb/v8-m.base/nofp\libg-musl.a(__libc_start_main.o)
 .note.GNU-stack
                0x0000000000000000        0x0 c:/program files/microchip/xc32/v4.60/bin/bin/../../lib/gcc/pic32c/8.3.1/../../../../pic32c/lib/thumb/v8-m.base/nofp\libg-musl.a(libc.o)
 .note.GNU-stack
                0x0000000000000000        0x0 c:/program files/microchip/xc32/v4.60/bin/bin/../../lib/gcc/pic32c/8.3.1/../../../../pic32c/lib/thumb/v8-m.base/nofp\libg-musl.a(__sio_snprintf_cdnsu.o)
 .note.GNU-stack
                0x0000000000000000        0x0 c:/program files/microchip/xc32/v4.60/bin/bin/../../lib/gcc/pic32c/8.3.1/../../../../pic32c/lib/thumb/v8-m.base/nofp\libg-musl.a(__fmt_d.o)
 .note.GNU-stack
                0x0000000000000000        0x0 c:/program files/microchip/xc32/v4.60/bin/bin/../../lib/gcc/pic32c/8.3.1/../../../../pic32c/lib/thumb/v8-m.base/nofp\libg-musl.a(__fmt_s.o)
 .note.GNU-stack
                0x0000000000000000        0x0 c:/program files/microchip/xc32/v4.60/bin/bin/../../lib/gcc/pic32c/8.3.1/../../../../pic32c/lib/thumb/v8-m.base/nofp\libg-musl.a(__fmt_u.o)
 .note.GNU-stack
                0x0000000000000000        0x0 c:/program files/microchip/xc32/v4.60/bin/bin/../../lib/gcc/pic32c/8.3.1/../../../../pic32c/lib/thumb/v8-m.base/nofp\libg-musl.a(__pop_int.o)
 .note.GNU-stack
                0x0000000000000000        0x0 c:/program files/microchip/xc32/v4.60/bin/bin/../../lib/gcc/pic32c/8.3.1/../../../../pic32c/lib/thumb/v8-m.base/nofp\libg-musl.a(__pop_ptr.o)
 .note.GNU-stack
                0x0000000000000000        0x0 c:/program files/microchip/xc32/v4.60/bin/bin/../../lib/gcc/pic32c/8.3.1/../../../../pic32c/lib/thumb/v8-m.base/nofp\libg-musl.a(__printf_core.o)
 .note.GNU-stack
                0x0000000000000000        0x0 c:/program files/microchip/xc32/v4.60/bin/bin/../../lib/gcc/pic32c/8.3.1/../../../../pic32c/lib/thumb/v8-m.base/nofp\libg-musl.a(atoi.o)
 .note.GNU-stack
                0x0000000000000000        0x0 c:/program files/microchip/xc32/v4.60/bin/bin/../../lib/gcc/pic32c/8.3.1/../../../../pic32c/lib/thumb/v8-m.base/nofp\libg-musl.a(tolower.o)
 .note.GNU-stack
                0x0000000000000000        0x0 c:/program files/microchip/xc32/v4.60/bin/bin/../../lib/gcc/pic32c/8.3.1/../../../../pic32c/lib/thumb/v8-m.base/nofp\libg-musl.a(__environ.o)
 .note.GNU-stack
                0x0000000000000000        0x0 c:/program files/microchip/xc32/v4.60/bin/bin/../../lib/gcc/pic32c/8.3.1/../../../../pic32c/lib/thumb/v8-m.base/nofp\libg-musl.a(__errno_location.o)
 .note.GNU-stack
                0x0000000000000000        0x0 c:/program files/microchip/xc32/v4.60/bin/bin/../../lib/gcc/pic32c/8.3.1/../../../../pic32c/lib/thumb/v8-m.base/nofp\libg-musl.a(__int_vsnprintf.o)
 .note.GNU-stack
                0x0000000000000000        0x0 c:/program files/microchip/xc32/v4.60/bin/bin/../../lib/gcc/pic32c/8.3.1/../../../../pic32c/lib/thumb/v8-m.base/nofp\libg-musl.a(__cvt_u.o)
 .note.GNU-stack
                0x0000000000000000        0x0 c:/program files/microchip/xc32/v4.60/bin/bin/../../lib/gcc/pic32c/8.3.1/../../../../pic32c/lib/thumb/v8-m.base/nofp\libg-musl.a(__pop_float.o)
 .note.GNU-stack
                0x0000000000000000        0x0 c:/program files/microchip/xc32/v4.60/bin/bin/../../lib/gcc/pic32c/8.3.1/../../../../pic32c/lib/thumb/v8-m.base/nofp\libg-musl.a(__int_vfprintf.o)
 .note.GNU-stack
                0x0000000000000000        0x0 c:/program files/microchip/xc32/v4.60/bin/bin/../../lib/gcc/pic32c/8.3.1/../../../../pic32c/lib/thumb/v8-m.base/nofp\libc-size-musl.a(memcpy.o)

.stack          0x0000000020000348      0x100
 .stack         0x0000000020000348      0x100 stack

.bss%1          0x0000000020000000      0x1a4
 .bss           0x0000000020000000      0x1a4 build/default/debug/main.o
                0x0000000020000000                idx_message
                0x0000000020000004                us_left_status
                0x0000000020000005                us_center_status
                0x0000000020000006                us_right_status
                0x0000000020000007                ir_left_status
                0x0000000020000008                ir_center_status
                0x0000000020000009                ir_right_status
                0x000000002000000c                speed
                0x0000000020000010                setting
                0x0000000020000014                setting_ptr
                0x0000000020000020                ps

.bss%2          0x00000000200001a4       0xa8
 .bss           0x00000000200001a4       0xa8 build/default/debug/usart.o

.bss%3          0x000000002000024c       0x50
 .bss           0x000000002000024c       0x50 c:/program files/microchip/xc32/v4.60/bin/bin/../../lib/gcc/pic32c/8.3.1/../../../../pic32c/lib/thumb/v8-m.base/nofp\libg-musl.a(libc.o)
                0x000000002000024c                __progname_full
                0x000000002000024c                program_invocation_name
                0x0000000020000250                program_invocation_short_name
                0x0000000020000250                __progname
                0x0000000020000254                __sysinfo
                0x0000000020000258                __hwcap
                0x000000002000025c                __libc

.bss%4          0x000000002000029c       0x21
 .bss           0x000000002000029c       0x21 build/default/debug/wall_following.o

.bss%5          0x00000000200002c0       0x1c
 .bss           0x00000000200002c0       0x1c c:/program files/microchip/xc32/v4.60/bin/bin/../../lib/gcc/pic32c/8.3.1/thumb/v8-m.base/nofp/crtbegin.o

.bss%6          0x00000000200002dc       0x1c
 .bss           0x00000000200002dc       0x1c build/default/debug/irq_handlers.o
                0x00000000200002dc                line_left
                0x00000000200002e0                line_center
                0x00000000200002e4                line_right

.bss%7          0x00000000200002f8        0xc
 .bss           0x00000000200002f8        0xc build/default/debug/line_following.o

.bss%8          0x0000000020000304        0x4
 .bss           0x0000000020000304        0x4 c:/program files/microchip/xc32/v4.60/bin/bin/../../lib/gcc/pic32c/8.3.1/../../../../pic32c/lib/thumb/v8-m.base/nofp\libpic32c.a(data_init.o)

.bss%9          0x0000000020000308        0x4
 .bss           0x0000000020000308        0x4 c:/program files/microchip/xc32/v4.60/bin/bin/../../lib/gcc/pic32c/8.3.1/../../../../pic32c/lib/thumb/v8-m.base/nofp\libg-musl.a(__environ.o)
                0x0000000020000308                __environ
                0x0000000020000308                environ
                0x0000000020000308                ___environ
                0x0000000020000308                _environ

.bss%10         0x000000002000030c        0x4
 .bss           0x000000002000030c        0x4 c:/program files/microchip/xc32/v4.60/bin/bin/../../lib/gcc/pic32c/8.3.1/../../../../pic32c/lib/thumb/v8-m.base/nofp\libg-musl.a(__errno_location.o)
                0x000000002000030c                __errno_val

.bss%z1         0x0000000000000000        0x0
 .bss           0x0000000000000000        0x0 c:/program files/microchip/xc32/v4.60/bin/bin/../../lib/gcc/pic32c/8.3.1/../../../../pic32c/lib/thumb/v8-m.base/nofp\libpic32c.a(pic32_data_init_copy.o)

.bss%z2         0x0000000000000000        0x0
 .bss           0x0000000000000000        0x0 c:/program files/microchip/xc32/v4.60/bin/bin/../../lib/gcc/pic32c/8.3.1/../../../../pic32c/lib/thumb/v8-m.base/nofp\libpic32c.a(pic32_data_init_clear.o)

.bss%z3         0x0000000000000000        0x0
 .bss           0x0000000000000000        0x0 c:/program files/microchip/xc32/v4.60/bin/bin/../../lib/gcc/pic32c/8.3.1/thumb/v8-m.base/nofp/crtn.o

.bss%z4         0x0000000000000000        0x0
 .bss           0x0000000000000000        0x0 c:/program files/microchip/xc32/v4.60/bin/bin/../../lib/gcc/pic32c/8.3.1/thumb/v8-m.base/nofp/crtend.o

.bss%z5         0x0000000000000000        0x0
 .bss           0x0000000000000000        0x0 c:/program files/microchip/xc32/v4.60/bin/bin/../../lib/gcc/pic32c/8.3.1/../../../../pic32c/lib/thumb/v8-m.base/nofp\libc-size-musl.a(memcpy.o)

.bss%z6         0x0000000000000000        0x0
 .bss           0x0000000000000000        0x0 c:/program files/microchip/xc32/v4.60/bin/bin/../../lib/gcc/pic32c/8.3.1/thumb/v8-m.base/nofp\libgcc.a(_clzsi2.o)

.bss%z7         0x0000000000000000        0x0
 .bss           0x0000000000000000        0x0 c:/program files/microchip/xc32/v4.60/bin/bin/../../lib/gcc/pic32c/8.3.1/thumb/v8-m.base/nofp\libgcc.a(_dvmd_tls.o)

.bss%z8         0x0000000000000000        0x0
 .bss           0x0000000000000000        0x0 c:/program files/microchip/xc32/v4.60/bin/bin/../../lib/gcc/pic32c/8.3.1/thumb/v8-m.base/nofp\libgcc.a(_udivmoddi4.o)

.bss%z9         0x0000000000000000        0x0
 .bss           0x0000000000000000        0x0 c:/program files/microchip/xc32/v4.60/bin/bin/../../lib/gcc/pic32c/8.3.1/thumb/v8-m.base/nofp\libgcc.a(_aeabi_uldivmod.o)

.bss%z10        0x0000000000000000        0x0
 .bss           0x0000000000000000        0x0 c:/program files/microchip/xc32/v4.60/bin/bin/../../lib/gcc/pic32c/8.3.1/../../../../pic32c/lib/thumb/v8-m.base/nofp\libg-musl.a(__int_vfprintf.o)

.bss%z11        0x0000000000000000        0x0
 .bss           0x0000000000000000        0x0 c:/program files/microchip/xc32/v4.60/bin/bin/../../lib/gcc/pic32c/8.3.1/../../../../pic32c/lib/thumb/v8-m.base/nofp\libg-musl.a(__pop_float.o)

.bss%z12        0x0000000000000000        0x0
 .bss           0x0000000000000000        0x0 c:/program files/microchip/xc32/v4.60/bin/bin/../../lib/gcc/pic32c/8.3.1/../../../../pic32c/lib/thumb/v8-m.base/nofp\libg-musl.a(__cvt_u.o)

.bss%z13        0x0000000000000000        0x0
 .bss           0x0000000000000000        0x0 c:/program files/microchip/xc32/v4.60/bin/bin/../../lib/gcc/pic32c/8.3.1/../../../../pic32c/lib/thumb/v8-m.base/nofp\libg-musl.a(__int_vsnprintf.o)

.bss%z14        0x0000000000000000        0x0
 .bss           0x0000000000000000        0x0 c:/program files/microchip/xc32/v4.60/bin/bin/../../lib/gcc/pic32c/8.3.1/../../../../pic32c/lib/thumb/v8-m.base/nofp\libg-musl.a(tolower.o)

.bss%z15        0x0000000000000000        0x0
 .bss           0x0000000000000000        0x0 c:/program files/microchip/xc32/v4.60/bin/bin/../../lib/gcc/pic32c/8.3.1/../../../../pic32c/lib/thumb/v8-m.base/nofp\libg-musl.a(atoi.o)

.bss%z16        0x0000000000000000        0x0
 .bss           0x0000000000000000        0x0 c:/program files/microchip/xc32/v4.60/bin/bin/../../lib/gcc/pic32c/8.3.1/../../../../pic32c/lib/thumb/v8-m.base/nofp\libg-musl.a(__printf_core.o)

.bss%z17        0x0000000000000000        0x0
 .bss           0x0000000000000000        0x0 c:/program files/microchip/xc32/v4.60/bin/bin/../../lib/gcc/pic32c/8.3.1/../../../../pic32c/lib/thumb/v8-m.base/nofp\libg-musl.a(__pop_ptr.o)

.bss%z18        0x0000000000000000        0x0
 .bss           0x0000000000000000        0x0 c:/program files/microchip/xc32/v4.60/bin/bin/../../lib/gcc/pic32c/8.3.1/../../../../pic32c/lib/thumb/v8-m.base/nofp\libg-musl.a(__pop_int.o)

.bss%z19        0x0000000000000000        0x0
 .bss           0x0000000000000000        0x0 c:/program files/microchip/xc32/v4.60/bin/bin/../../lib/gcc/pic32c/8.3.1/../../../../pic32c/lib/thumb/v8-m.base/nofp\libg-musl.a(__fmt_u.o)

.bss%z20        0x0000000000000000        0x0
 .bss           0x0000000000000000        0x0 c:/program files/microchip/xc32/v4.60/bin/bin/../../lib/gcc/pic32c/8.3.1/../../../../pic32c/lib/thumb/v8-m.base/nofp\libg-musl.a(__fmt_s.o)

.bss%z21        0x0000000000000000        0x0
 .bss           0x0000000000000000        0x0 c:/program files/microchip/xc32/v4.60/bin/bin/../../lib/gcc/pic32c/8.3.1/../../../../pic32c/lib/thumb/v8-m.base/nofp\libg-musl.a(__fmt_d.o)

.bss%z22        0x0000000000000000        0x0
 .bss           0x0000000000000000        0x0 c:/program files/microchip/xc32/v4.60/bin/bin/../../lib/gcc/pic32c/8.3.1/../../../../pic32c/lib/thumb/v8-m.base/nofp\libg-musl.a(__sio_snprintf_cdnsu.o)

.bss%z23        0x0000000000000000        0x0
 .bss           0x0000000000000000        0x0 c:/program files/microchip/xc32/v4.60/bin/bin/../../lib/gcc/pic32c/8.3.1/../../../../pic32c/lib/thumb/v8-m.base/nofp\libg-musl.a(__libc_start_main.o)

.bss%z24        0x0000000000000000        0x0
 .bss           0x0000000000000000        0x0 c:/program files/microchip/xc32/v4.60/bin/bin/../../lib/gcc/pic32c/8.3.1/../../../../pic32c/lib/thumb/v8-m.base/nofp\libc-size-musl.a(strlen.o)

.bss%z25        0x0000000000000000        0x0
 .bss           0x0000000000000000        0x0 c:/program files/microchip/xc32/v4.60/bin/bin/../../lib/gcc/pic32c/8.3.1/../../../../pic32c/lib/thumb/v8-m.base/nofp\libc-size-musl.a(memset.o)

.bss%z26        0x0000000000000000        0x0
 .bss           0x0000000000000000        0x0 c:/program files/microchip/xc32/v4.60/bin/bin/../../lib/gcc/pic32c/8.3.1/../../../../pic32c/lib/thumb/v8-m.base/nofp\libc-size-musl.a(memcmp.o)

.bss%z27        0x0000000000000000        0x0
 .bss           0x0000000000000000        0x0 C:\Users\Jami\AppData\Local\Temp\ccohv5sZ.o

.bss%z28        0x0000000000000000        0x0
 .bss           0x0000000000000000        0x0 build/default/debug/check_sensors.o

.bss%z29        0x0000000000000000        0x0
 .bss           0x0000000000000000        0x0 build/default/debug/wireless.o

.bss%z30        0x0000000000000000        0x0
 .bss           0x0000000000000000        0x0 build/default/debug/locomotion.o

.bss%z31        0x0000000000000000        0x0
 .bss           0x0000000000000000        0x0 build/default/debug/platform.o

.bss%z32        0x0000000000000000        0x0
 .bss           0x0000000000000000        0x0 c:/program files/microchip/xc32/v4.60/bin/bin/../../lib/gcc/pic32c/8.3.1/thumb/v8-m.base/nofp/crti.o

.data%11        0x0000000020000310        0x4
 .data          0x0000000020000310        0x4 c:/program files/microchip/xc32/v4.60/bin/bin/../../lib/gcc/pic32c/8.3.1/thumb/v8-m.base/nofp/crtbegin.o
                0x0000000020000310                __dso_handle

.data%12        0x0000000020000314        0x4
 .data          0x0000000020000314        0x4 build/default/debug/wall_following.o

.eh_frame%13    0x0000000020000318        0x4
 .eh_frame      0x0000000020000318        0x4 c:/program files/microchip/xc32/v4.60/bin/bin/../../lib/gcc/pic32c/8.3.1/thumb/v8-m.base/nofp/crtend.o

.data%z33       0x0000000000000000        0x0
 .data          0x0000000000000000        0x0 c:/program files/microchip/xc32/v4.60/bin/bin/../../lib/gcc/pic32c/8.3.1/../../../../pic32c/lib/thumb/v8-m.base/nofp\libpic32c.a(pic32_data_init_copy.o)

.data%z34       0x0000000000000000        0x0
 .data          0x0000000000000000        0x0 c:/program files/microchip/xc32/v4.60/bin/bin/../../lib/gcc/pic32c/8.3.1/../../../../pic32c/lib/thumb/v8-m.base/nofp\libpic32c.a(pic32_data_init_clear.o)

.data%z35       0x0000000000000000        0x0
 .data          0x0000000000000000        0x0 c:/program files/microchip/xc32/v4.60/bin/bin/../../lib/gcc/pic32c/8.3.1/thumb/v8-m.base/nofp/crtn.o

.data%z36       0x0000000000000000        0x0
 .data          0x0000000000000000        0x0 c:/program files/microchip/xc32/v4.60/bin/bin/../../lib/gcc/pic32c/8.3.1/thumb/v8-m.base/nofp/crtend.o

.data%z37       0x0000000000000000        0x0
 .data          0x0000000000000000        0x0 c:/program files/microchip/xc32/v4.60/bin/bin/../../lib/gcc/pic32c/8.3.1/../../../../pic32c/lib/thumb/v8-m.base/nofp\libc-size-musl.a(memcpy.o)

.data%z38       0x0000000000000000        0x0
 .data          0x0000000000000000        0x0 c:/program files/microchip/xc32/v4.60/bin/bin/../../lib/gcc/pic32c/8.3.1/thumb/v8-m.base/nofp\libgcc.a(_clzsi2.o)

.data%z39       0x0000000000000000        0x0
 .data          0x0000000000000000        0x0 c:/program files/microchip/xc32/v4.60/bin/bin/../../lib/gcc/pic32c/8.3.1/thumb/v8-m.base/nofp\libgcc.a(_dvmd_tls.o)

.data%z40       0x0000000000000000        0x0
 .data          0x0000000000000000        0x0 c:/program files/microchip/xc32/v4.60/bin/bin/../../lib/gcc/pic32c/8.3.1/thumb/v8-m.base/nofp\libgcc.a(_udivmoddi4.o)

.data%z41       0x0000000000000000        0x0
 .data          0x0000000000000000        0x0 c:/program files/microchip/xc32/v4.60/bin/bin/../../lib/gcc/pic32c/8.3.1/thumb/v8-m.base/nofp\libgcc.a(_aeabi_uldivmod.o)

.data%z42       0x0000000000000000        0x0
 .data          0x0000000000000000        0x0 c:/program files/microchip/xc32/v4.60/bin/bin/../../lib/gcc/pic32c/8.3.1/../../../../pic32c/lib/thumb/v8-m.base/nofp\libg-musl.a(__int_vfprintf.o)

.data%z43       0x0000000000000000        0x0
 .data          0x0000000000000000        0x0 c:/program files/microchip/xc32/v4.60/bin/bin/../../lib/gcc/pic32c/8.3.1/../../../../pic32c/lib/thumb/v8-m.base/nofp\libg-musl.a(__pop_float.o)

.data%z44       0x0000000000000000        0x0
 .data          0x0000000000000000        0x0 c:/program files/microchip/xc32/v4.60/bin/bin/../../lib/gcc/pic32c/8.3.1/../../../../pic32c/lib/thumb/v8-m.base/nofp\libg-musl.a(__cvt_u.o)

.data%z45       0x0000000000000000        0x0
 .data          0x0000000000000000        0x0 c:/program files/microchip/xc32/v4.60/bin/bin/../../lib/gcc/pic32c/8.3.1/../../../../pic32c/lib/thumb/v8-m.base/nofp\libg-musl.a(__int_vsnprintf.o)

.data%z46       0x0000000000000000        0x0
 .data          0x0000000000000000        0x0 c:/program files/microchip/xc32/v4.60/bin/bin/../../lib/gcc/pic32c/8.3.1/../../../../pic32c/lib/thumb/v8-m.base/nofp\libg-musl.a(__errno_location.o)

.data%z47       0x0000000000000000        0x0
 .data          0x0000000000000000        0x0 c:/program files/microchip/xc32/v4.60/bin/bin/../../lib/gcc/pic32c/8.3.1/../../../../pic32c/lib/thumb/v8-m.base/nofp\libg-musl.a(__environ.o)

.data%z48       0x0000000000000000        0x0
 .data          0x0000000000000000        0x0 c:/program files/microchip/xc32/v4.60/bin/bin/../../lib/gcc/pic32c/8.3.1/../../../../pic32c/lib/thumb/v8-m.base/nofp\libg-musl.a(tolower.o)

.data%z49       0x0000000000000000        0x0
 .data          0x0000000000000000        0x0 c:/program files/microchip/xc32/v4.60/bin/bin/../../lib/gcc/pic32c/8.3.1/../../../../pic32c/lib/thumb/v8-m.base/nofp\libg-musl.a(atoi.o)

.data%z50       0x0000000000000000        0x0
 .data          0x0000000000000000        0x0 c:/program files/microchip/xc32/v4.60/bin/bin/../../lib/gcc/pic32c/8.3.1/../../../../pic32c/lib/thumb/v8-m.base/nofp\libg-musl.a(__printf_core.o)

.data%z51       0x0000000000000000        0x0
 .data          0x0000000000000000        0x0 c:/program files/microchip/xc32/v4.60/bin/bin/../../lib/gcc/pic32c/8.3.1/../../../../pic32c/lib/thumb/v8-m.base/nofp\libg-musl.a(__pop_ptr.o)

.data%z52       0x0000000000000000        0x0
 .data          0x0000000000000000        0x0 c:/program files/microchip/xc32/v4.60/bin/bin/../../lib/gcc/pic32c/8.3.1/../../../../pic32c/lib/thumb/v8-m.base/nofp\libg-musl.a(__pop_int.o)

.data%z53       0x0000000000000000        0x0
 .data          0x0000000000000000        0x0 c:/program files/microchip/xc32/v4.60/bin/bin/../../lib/gcc/pic32c/8.3.1/../../../../pic32c/lib/thumb/v8-m.base/nofp\libg-musl.a(__fmt_u.o)

.data%z54       0x0000000000000000        0x0
 .data          0x0000000000000000        0x0 c:/program files/microchip/xc32/v4.60/bin/bin/../../lib/gcc/pic32c/8.3.1/../../../../pic32c/lib/thumb/v8-m.base/nofp\libg-musl.a(__fmt_s.o)

.data%z55       0x0000000000000000        0x0
 .data          0x0000000000000000        0x0 c:/program files/microchip/xc32/v4.60/bin/bin/../../lib/gcc/pic32c/8.3.1/../../../../pic32c/lib/thumb/v8-m.base/nofp\libg-musl.a(__fmt_d.o)

.data%z56       0x0000000000000000        0x0
 .data          0x0000000000000000        0x0 c:/program files/microchip/xc32/v4.60/bin/bin/../../lib/gcc/pic32c/8.3.1/../../../../pic32c/lib/thumb/v8-m.base/nofp\libg-musl.a(__sio_snprintf_cdnsu.o)

.data%z57       0x0000000000000000        0x0
 .data          0x0000000000000000        0x0 c:/program files/microchip/xc32/v4.60/bin/bin/../../lib/gcc/pic32c/8.3.1/../../../../pic32c/lib/thumb/v8-m.base/nofp\libg-musl.a(libc.o)

.data%z58       0x0000000000000000        0x0
 .data          0x0000000000000000        0x0 c:/program files/microchip/xc32/v4.60/bin/bin/../../lib/gcc/pic32c/8.3.1/../../../../pic32c/lib/thumb/v8-m.base/nofp\libg-musl.a(__libc_start_main.o)

.data%z59       0x0000000000000000        0x0
 .data          0x0000000000000000        0x0 c:/program files/microchip/xc32/v4.60/bin/bin/../../lib/gcc/pic32c/8.3.1/../../../../pic32c/lib/thumb/v8-m.base/nofp\libc-size-musl.a(strlen.o)

.data%z60       0x0000000000000000        0x0
 .data          0x0000000000000000        0x0 c:/program files/microchip/xc32/v4.60/bin/bin/../../lib/gcc/pic32c/8.3.1/../../../../pic32c/lib/thumb/v8-m.base/nofp\libc-size-musl.a(memset.o)

.data%z61       0x0000000000000000        0x0
 .data          0x0000000000000000        0x0 c:/program files/microchip/xc32/v4.60/bin/bin/../../lib/gcc/pic32c/8.3.1/../../../../pic32c/lib/thumb/v8-m.base/nofp\libc-size-musl.a(memcmp.o)

.data%z62       0x0000000000000000        0x0
 .data          0x0000000000000000        0x0 c:/program files/microchip/xc32/v4.60/bin/bin/../../lib/gcc/pic32c/8.3.1/../../../../pic32c/lib/thumb/v8-m.base/nofp\libpic32c.a(data_init.o)

.data%z63       0x0000000000000000        0x0
 .data          0x0000000000000000        0x0 C:\Users\Jami\AppData\Local\Temp\ccohv5sZ.o

.data%z64       0x0000000000000000        0x0
 .data          0x0000000000000000        0x0 build/default/debug/check_sensors.o

.data%z65       0x0000000000000000        0x0
 .data          0x0000000000000000        0x0 build/default/debug/line_following.o

.data%z66       0x0000000000000000        0x0
 .data          0x0000000000000000        0x0 build/default/debug/wireless.o

.data%z67       0x0000000000000000        0x0
 .data          0x0000000000000000        0x0 build/default/debug/locomotion.o

.data%z68       0x0000000000000000        0x0
 .data          0x0000000000000000        0x0 build/default/debug/usart.o

.data%z69       0x0000000000000000        0x0
 .data          0x0000000000000000        0x0 build/default/debug/platform.o

.data%z70       0x0000000000000000        0x0
 .data          0x0000000000000000        0x0 build/default/debug/irq_handlers.o

.data%z71       0x0000000000000000        0x0
 .data          0x0000000000000000        0x0 build/default/debug/main.o

.eh_frame%z72   0x0000000000000000        0x0
 .eh_frame      0x0000000000000000        0x0 c:/program files/microchip/xc32/v4.60/bin/bin/../../lib/gcc/pic32c/8.3.1/thumb/v8-m.base/nofp/crtbegin.o

.data%z73       0x0000000000000000        0x0
 .data          0x0000000000000000        0x0 c:/program files/microchip/xc32/v4.60/bin/bin/../../lib/gcc/pic32c/8.3.1/thumb/v8-m.base/nofp/crti.o

.text%14        0x0000000000000184     0x106c
 .text          0x0000000000000184     0x106c build/default/debug/wall_following.o
                0x0000000000000184                set_a_speed
                0x00000000000001ea                set_b_speed
                0x000000000000027a                read_right_sensor_raw
                0x000000000000032e                read_front_sensor_raw
                0x00000000000003de                read_left_sensor_raw
                0x0000000000000484                init_sensor_pins
                0x000000000000050a                right_raw_to_cm
                0x00000000000005d2                front_raw_to_cm
                0x0000000000000662                left_raw_to_cm
                0x00000000000006f6                send_string
                0x0000000000000762                get_decision_string
                0x00000000000007ba                get_right_hand_rule_action
                0x00000000000007d0                compute_pid_correction
                0x000000000000081a                get_correction_string
                0x0000000000000872                wall_following_algorithm

.text%15        0x00000000000011f0      0xcd4
 .text          0x00000000000011f0      0xcd4 build/default/debug/main.o
                0x0000000000001cb8                delay_ms
                0x0000000000001cf2                main

.text%16        0x0000000000001ec4      0xb34
 .text          0x0000000000001ec4      0xb34 build/default/debug/platform.o
                0x0000000000001ff4                platform_init_early
                0x000000000000201c                platform_init_late
                0x00000000000029c2                platform_do_sys_reset

.text%17        0x00000000000029f8      0x848
 .text          0x00000000000029f8      0x848 build/default/debug/usart.o
                0x00000000000029f8                platform_usart_cdc_init
                0x0000000000002b90                SERCOM3_0_Handler
                0x0000000000002c96                SERCOM3_2_Handler
                0x0000000000002e1a                platform_internal_usart_cdc_systick_handler
                0x0000000000002e90                platform_usart_cdc_send_async
                0x0000000000002fc4                platform_usart_cdc_send_abort
                0x0000000000003076                platform_usart_cdc_tx_busy
                0x0000000000003094                platform_usart_cdc_recv_async
                0x000000000000314c                platform_usart_cdc_recv_abort
                0x00000000000031c0                platform_usart_cdc_recv_get
                0x0000000000003220                platform_usart_cdc_rx_busy

.rodata%18      0x0000000000003240      0x57c
 .rodata        0x0000000000003240      0x57c build/default/debug/main.o

.text%19        0x00000000000037bc      0x3ac
 .text          0x00000000000037bc      0x3ac build/default/debug/line_following.o
                0x00000000000037bc                set_motors
                0x00000000000037f6                line_following_algorithm

.text.__printf_core%20
                0x0000000000003b68      0x330
 .text.__printf_core
                0x0000000000003b68      0x330 c:/program files/microchip/xc32/v4.60/bin/bin/../../lib/gcc/pic32c/8.3.1/../../../../pic32c/lib/thumb/v8-m.base/nofp\libg-musl.a(__printf_core.o)
                0x0000000000003b68                __printf_core

.text%21        0x0000000000003e98      0x31a
 .text          0x0000000000003e98      0x31a c:/program files/microchip/xc32/v4.60/bin/bin/../../lib/gcc/pic32c/8.3.1/thumb/v8-m.base/nofp\libgcc.a(_udivmoddi4.o)
                0x0000000000003e98                __udivmoddi4

.text%22        0x00000000000041b4      0x268